Component: ARM Compiler 5.06 update 6 (build 750) Tool: armlink [4d35ed]

==============================================================================

Section Cross References

    main.o(i.adcChannelInit) refers to main.o(i.pioPinMode) for pioPinMode
    main.o(i.adcInit) refers to main.o(i.pmcEnablePeriph) for pmcEnablePeriph
    main.o(i.adcInit) refers to main.o(i.pioInit) for pioInit
    main.o(i.adcRead) refers to fflt_clz.o(x$fpl$fflt) for __aeabi_i2f
    main.o(i.adcRead) refers to fdiv.o(x$fpl$fdiv) for __aeabi_fdiv
    main.o(i.adcRead) refers to f2d.o(x$fpl$f2d) for __aeabi_f2d
    main.o(i.adcRead) refers to dmul.o(x$fpl$dmul) for __aeabi_dmul
    main.o(i.adcRead) refers to d2f.o(x$fpl$d2f) for __aeabi_d2f
    main.o(i.clear_frame) refers to main.o(.bss) for screen
    main.o(i.draw_background) refers to dflt_clz.o(x$fpl$dfltu) for __aeabi_ui2d
    main.o(i.draw_background) refers to ddiv.o(x$fpl$ddiv) for __aeabi_ddiv
    main.o(i.draw_background) refers to dflt_clz.o(x$fpl$dflt) for __aeabi_i2d
    main.o(i.draw_background) refers to dmul.o(x$fpl$dmul) for __aeabi_dmul
    main.o(i.draw_background) refers to daddsub_clz.o(x$fpl$dsub) for __aeabi_dsub
    main.o(i.draw_background) refers to cos.o(i.cos) for cos
    main.o(i.draw_background) refers to sin.o(i.sin) for sin
    main.o(i.draw_background) refers to daddsub_clz.o(x$fpl$dadd) for __aeabi_dadd
    main.o(i.draw_background) refers to main.o(i.get_screen_blue) for get_screen_blue
    main.o(i.draw_background) refers to dfixu.o(x$fpl$dfixu) for __aeabi_d2uiz
    main.o(i.draw_background) refers to main.o(i.get_screen_green) for get_screen_green
    main.o(i.draw_background) refers to main.o(i.get_screen_red) for get_screen_red
    main.o(i.draw_background) refers to main.o(i.set_screen) for set_screen
    main.o(i.draw_circle) refers to dflt_clz.o(x$fpl$dflt) for __aeabi_i2d
    main.o(i.draw_circle) refers to ddiv.o(x$fpl$ddiv) for __aeabi_ddiv
    main.o(i.draw_circle) refers to dmul.o(x$fpl$dmul) for __aeabi_dmul
    main.o(i.draw_circle) refers to cos.o(i.cos) for cos
    main.o(i.draw_circle) refers to daddsub_clz.o(x$fpl$dadd) for __aeabi_dadd
    main.o(i.draw_circle) refers to round.o(i.round) for round
    main.o(i.draw_circle) refers to dfix.o(x$fpl$dfix) for __aeabi_d2iz
    main.o(i.draw_circle) refers to sin.o(i.sin) for sin
    main.o(i.draw_circle) refers to dflt_clz.o(x$fpl$dfltu) for __aeabi_ui2d
    main.o(i.draw_circle) refers to daddsub_clz.o(x$fpl$dsub) for __aeabi_dsub
    main.o(i.draw_circle) refers to main.o(i.get_screen_blue) for get_screen_blue
    main.o(i.draw_circle) refers to floor.o(i.floor) for floor
    main.o(i.draw_circle) refers to dfixu.o(x$fpl$dfixu) for __aeabi_d2uiz
    main.o(i.draw_circle) refers to main.o(i.get_screen_green) for get_screen_green
    main.o(i.draw_circle) refers to main.o(i.get_screen_red) for get_screen_red
    main.o(i.draw_circle) refers to main.o(i.set_screen) for set_screen
    main.o(i.flush) refers to main.o(i.set_cs_high) for set_cs_high
    main.o(i.flush) refers to main.o(i.spi_send_byte) for spi_send_byte
    main.o(i.flush) refers to main.o(i.set_cs_low) for set_cs_low
    main.o(i.get_closest_particle) refers to dflt_clz.o(x$fpl$dflt) for __aeabi_i2d
    main.o(i.get_closest_particle) refers to pow.o(i.pow) for pow
    main.o(i.get_closest_particle) refers to daddsub_clz.o(x$fpl$dadd) for __aeabi_dadd
    main.o(i.get_closest_particle) refers to sqrt.o(i.sqrt) for sqrt
    main.o(i.get_closest_particle) refers to dfix.o(x$fpl$dfix) for __aeabi_d2iz
    main.o(i.get_closest_particle) refers to rt_memcpy_w.o(.text) for __aeabi_memcpy4
    main.o(i.get_closest_particle) refers to main.o(.bss) for particles
    main.o(i.get_screen_blue) refers to main.o(.bss) for screen
    main.o(i.get_screen_green) refers to main.o(.bss) for screen
    main.o(i.get_screen_red) refers to main.o(.bss) for screen
    main.o(i.main) refers to main.o(i.samInit) for samInit
    main.o(i.main) refers to main.o(i.pioInit) for pioInit
    main.o(i.main) refers to main.o(i.spiInit) for spiInit
    main.o(i.main) refers to main.o(i.pioPinMode) for pioPinMode
    main.o(i.main) refers to main.o(i.particles_animation) for particles_animation
    main.o(i.particles_animation) refers to main.o(i.spawn_particle) for spawn_particle
    main.o(i.particles_animation) refers to rt_memcpy_w.o(.text) for __aeabi_memcpy4
    main.o(i.particles_animation) refers to main.o(i.get_closest_particle) for get_closest_particle
    main.o(i.particles_animation) refers to main.o(i.set_screen_color) for set_screen_color
    main.o(i.particles_animation) refers to main.o(i.send_frame) for send_frame
    main.o(i.particles_animation) refers to main.o(.bss) for particles
    main.o(i.pioDigitalRead) refers to main.o(i.pioPinToBase) for pioPinToBase
    main.o(i.pioDigitalWrite) refers to main.o(i.pioPinToBase) for pioPinToBase
[...]
    cos_x.o(i.__cos$lsc) refers to sin_i.o(i.__kernel_sin) for __kernel_sin
    cos_x.o(i.__cos$lsc) refers to cos_i.o(i.__kernel_cos) for __kernel_cos
    floor.o(i.__softfp_floor) refers (Special) to usenofp.o(x$fpl$usenofp) for __I$use$fp
    floor.o(i.__softfp_floor) refers to floor.o(i.floor) for floor
    floor.o(i.floor) refers (Special) to usenofp.o(x$fpl$usenofp) for __I$use$fp
    floor.o(i.floor) refers to daddsub_clz.o(x$fpl$dadd) for __aeabi_dadd
    floor.o(i.floor) refers to drleqf.o(x$fpl$drleqf) for __aeabi_cdrcmple
    floor.o(i.floor) refers to daddsub_clz.o(x$fpl$drsb) for __aeabi_drsub
    pow.o(i.__softfp_pow) refers (Special) to usenofp.o(x$fpl$usenofp) for __I$use$fp
    pow.o(i.__softfp_pow) refers to pow.o(i.pow) for pow
    pow.o(i.pow) refers (Special) to usenofp.o(x$fpl$usenofp) for __I$use$fp
    pow.o(i.pow) refers to dunder.o(i.__mathlib_dbl_infnan2) for __mathlib_dbl_infnan2
    pow.o(i.pow) refers to _rserrno.o(.text) for __set_errno
    pow.o(i.pow) refers to dunder.o(i.__mathlib_dbl_divzero) for __mathlib_dbl_divzero
    pow.o(i.pow) refers to ddiv.o(x$fpl$ddiv) for __aeabi_ddiv
    pow.o(i.pow) refers to sqrt.o(i.sqrt) for sqrt
    pow.o(i.pow) refers to dmul.o(x$fpl$dmul) for __aeabi_dmul
    pow.o(i.pow) refers to dflt_clz.o(x$fpl$dflt) for __aeabi_i2d
    pow.o(i.pow) refers to dunder.o(i.__mathlib_dbl_invalid) for __mathlib_dbl_invalid
    pow.o(i.pow) refers to dunder.o(i.__mathlib_dbl_overflow) for __mathlib_dbl_overflow
    pow.o(i.pow) refers to dunder.o(i.__mathlib_dbl_underflow) for __mathlib_dbl_underflow
    pow.o(i.pow) refers to daddsub_clz.o(x$fpl$dsub) for __aeabi_dsub
    pow.o(i.pow) refers to scalbn.o(x$fpl$scalbn) for __ARM_scalbn
    pow.o(i.pow) refers to daddsub_clz.o(x$fpl$drsb) for __aeabi_drsub
    pow.o(i.pow) refers to daddsub_clz.o(x$fpl$dadd) for __aeabi_dadd
    pow.o(i.pow) refers to qnan.o(.constdata) for __mathlib_zero
    pow.o(i.pow) refers to poly.o(i.__kernel_poly) for __kernel_poly
    pow.o(i.pow) refers to drleqf.o(x$fpl$drleqf) for __aeabi_cdrcmple
    pow.o(i.pow) refers to pow.o(.constdata) for .constdata
    pow.o(i.pow) refers to fpclassify.o(i.__ARM_fpclassify) for __ARM_fpclassify
    pow.o(.constdata) refers (Special) to usenofp.o(x$fpl$usenofp) for __I$use$fp
    pow_x.o(i.____softfp_pow$lsc) refers (Special) to usenofp.o(x$fpl$usenofp) for __I$use$fp
    pow_x.o(i.____softfp_pow$lsc) refers to pow_x.o(i.__pow$lsc) for __pow$lsc
    pow_x.o(i.__pow$lsc) refers (Special) to usenofp.o(x$fpl$usenofp) for __I$use$fp
    pow_x.o(i.__pow$lsc) refers to dunder.o(i.__mathlib_dbl_infnan2) for __mathlib_dbl_infnan2
    pow_x.o(i.__pow$lsc) refers to _rserrno.o(.text) for __set_errno
    pow_x.o(i.__pow$lsc) refers to ddiv.o(x$fpl$ddiv) for __aeabi_ddiv
    pow_x.o(i.__pow$lsc) refers to sqrt.o(i.sqrt) for sqrt
    pow_x.o(i.__pow$lsc) refers to dmul.o(x$fpl$dmul) for __aeabi_dmul
    pow_x.o(i.__pow$lsc) refers to dflt_clz.o(x$fpl$dflt) for __aeabi_i2d
    pow_x.o(i.__pow$lsc) refers to daddsub_clz.o(x$fpl$dsub) for __aeabi_dsub
    pow_x.o(i.__pow$lsc) refers to scalbn.o(x$fpl$scalbn) for __ARM_scalbn
    pow_x.o(i.__pow$lsc) refers to daddsub_clz.o(x$fpl$drsb) for __aeabi_drsub
    pow_x.o(i.__pow$lsc) refers to daddsub_clz.o(x$fpl$dadd) for __aeabi_dadd
    pow_x.o(i.__pow$lsc) refers to qnan.o(.constdata) for __mathlib_zero
    pow_x.o(i.__pow$lsc) refers to poly.o(i.__kernel_poly) for __kernel_poly
    pow_x.o(i.__pow$lsc) refers to drleqf.o(x$fpl$drleqf) for __aeabi_cdrcmple
    pow_x.o(i.__pow$lsc) refers to pow_x.o(.constdata) for .constdata
    pow_x.o(.constdata) refers (Special) to usenofp.o(x$fpl$usenofp) for __I$use$fp
    round.o(i.round) refers (Special) to usenofp.o(x$fpl$usenofp) for __I$use$fp
    round.o(i.round) refers to drnd.o(x$fpl$drnd) for _drnd
    round.o(i.round) refers to daddsub_clz.o(x$fpl$drsb) for __aeabi_drsub
    round.o(i.round) refers to dleqf.o(x$fpl$dleqf) for __aeabi_cdcmple
    round.o(i.round) refers to drleqf.o(x$fpl$drleqf) for __aeabi_cdrcmple
    round.o(i.round) refers to daddsub_clz.o(x$fpl$dsub) for __aeabi_dsub
    round.o(i.round) refers to daddsub_clz.o(x$fpl$dadd) for __aeabi_dadd
    sin.o(i.__softfp_sin) refers (Special) to usenofp.o(x$fpl$usenofp) for __I$use$fp
    sin.o(i.__softfp_sin) refers to sin.o(i.sin) for sin
    sin.o(i.sin) refers (Special) to usenofp.o(x$fpl$usenofp) for __I$use$fp
    sin.o(i.sin) refers to _rserrno.o(.text) for __set_errno
    sin.o(i.sin) refers to dunder.o(i.__mathlib_dbl_invalid) for __mathlib_dbl_invalid
    sin.o(i.sin) refers to dunder.o(i.__mathlib_dbl_infnan) for __mathlib_dbl_infnan
    sin.o(i.sin) refers to rred.o(i.__ieee754_rem_pio2) for __ieee754_rem_pio2
    sin.o(i.sin) refers to cos_i.o(i.__kernel_cos) for __kernel_cos
    sin.o(i.sin) refers to sin_i.o(i.__kernel_sin) for __kernel_sin
    sin_x.o(i.____softfp_sin$lsc) refers (Special) to usenofp.o(x$fpl$usenofp) for __I$use$fp
    sin_x.o(i.____softfp_sin$lsc) refers to sin_x.o(i.__sin$lsc) for __sin$lsc
    sin_x.o(i.__sin$lsc) refers (Special) to usenofp.o(x$fpl$usenofp) for __I$use$fp
    sin_x.o(i.__sin$lsc) refers to _rserrno.o(.text) for __set_errno
    sin_x.o(i.__sin$lsc) refers to dunder.o(i.__mathlib_dbl_infnan) for __mathlib_dbl_infnan
    sin_x.o(i.__sin$lsc) refers to rred.o(i.__ieee754_rem_pio2) for __ieee754_rem_pio2
    sin_x.o(i.__sin$lsc) refers to cos_i.o(i.__kernel_cos) for __kernel_cos
    sin_x.o(i.__sin$lsc) refers to sin_i.o(i.__kernel_sin) for __kernel_sin
    sqrt.o(i.__softfp_sqrt) refers (Special) to usenofp.o(x$fpl$usenofp) for __I$use$fp
    sqrt.o(i.__softfp_sqrt) refers to dsqrt_umaal.o(x$fpl$dsqrt) for _dsqrt
    sqrt.o(i.__softfp_sqrt) refers to _rserrno.o(.text) for __set_errno
    sqrt.o(i.sqrt) refers (Special) to usenofp.o(x$fpl$usenofp) for __I$use$fp
    sqrt.o(i.sqrt) refers to dsqrt_umaal.o(x$fpl$dsqrt) for _dsqrt
    sqrt.o(i.sqrt) refers to _rserrno.o(.text) for __set_errno
    sqrt_x.o(i.____softfp_sqrt$lsc) refers (Special) to usenofp.o(x$fpl$usenofp) for __I$use$fp
    sqrt_x.o(i.____softfp_sqrt$lsc) refers to dleqf.o(x$fpl$dleqf) for __aeabi_cdcmple
    sqrt_x.o(i.____softfp_sqrt$lsc) refers to _rserrno.o(.text) for __set_errno
    sqrt_x.o(i.____softfp_sqrt$lsc) refers to dsqrt_umaal.o(x$fpl$dsqrt) for _dsqrt
    sqrt_x.o(i.__sqrt$lsc) refers (Special) to usenofp.o(x$fpl$usenofp) for __I$use$fp
    sqrt_x.o(i.__sqrt$lsc) refers to dleqf.o(x$fpl$dleqf) for __aeabi_cdcmple
    sqrt_x.o(i.__sqrt$lsc) refers to _rserrno.o(.text) for __set_errno
    sqrt_x.o(i.__sqrt$lsc) refers to dsqrt_umaal.o(x$fpl$dsqrt) for _dsqrt
    __rtentry.o(.ARM.Collect$$rtentry$$00000000) refers (Special) to __rtentry2.o(.ARM.Collect$$rtentry$$0000000A) for __rt_entry_li
    __rtentry.o(.ARM.Collect$$rtentry$$00000000) refers (Special) to __rtentry2.o(.ARM.Collect$$rtentry$$0000000D) for __rt_entry_main
    __rtentry.o(.ARM.Collect$$rtentry$$00000000) refers (Special) to __rtentry2.o(.ARM.Collect$$rtentry$$0000000C) for __rt_entry_postli_1
    __rtentry.o(.ARM.Collect$$rtentry$$00000000) refers (Special) to __rtentry2.o(.ARM.Collect$$rtentry$$00000009) for __rt_entry_postsh_1
    __rtentry.o(.ARM.Collect$$rtentry$$00000000) refers (Special) to __rtentry2.o(.ARM.Collect$$rtentry$$00000002) for __rt_entry_presh_1
    __rtentry.o(.ARM.Collect$$rtentry$$00000000) refers (Special) to __rtentry4.o(.ARM.Collect$$rtentry$$00000004) for __rt_entry_sh
    _rserrno.o(.text) refers to rt_errno_addr_intlibspace.o(.text) for __aeabi_errno_addr
    libinit2.o(.ARM.Collect$$libinit$$0000000D) refers (Weak) to rand.o(.text) for _rand_init
    libinit2.o(.ARM.Collect$$libinit$$00000010) refers to libinit2.o(.ARM.Collect$$libinit$$0000000F) for .ARM.Collect$$libinit$$0000000F
    libinit2.o(.ARM.Collect$$libinit$$00000012) refers to libinit2.o(.ARM.Collect$$libinit$$0000000F) for .ARM.Collect$$libinit$$0000000F
    libinit2.o(.ARM.Collect$$libinit$$00000014) refers to libinit2.o(.ARM.Collect$$libinit$$0000000F) for .ARM.Collect$$libinit$$0000000F
    libinit2.o(.ARM.Collect$$libinit$$00000016) refers to libinit2.o(.ARM.Collect$$libinit$$0000000F) for .ARM.Collect$$libinit$$0000000F
    libinit2.o(.ARM.Collect$$libinit$$00000018) refers to libinit2.o(.ARM.Collect$$libinit$$0000000F) for .ARM.Collect$$libinit$$0000000F
    libinit2.o(.ARM.Collect$$libinit$$00000026) refers to argv_veneer.o(.emb_text) for __ARM_argv_veneer
    libinit2.o(.ARM.Collect$$libinit$$00000027) refers to argv_veneer.o(.emb_text) for __ARM_argv_veneer
    dleqf.o(x$fpl$dleqf) refers (Special) to usenofp.o(x$fpl$usenofp) for __I$use$fp
    dleqf.o(x$fpl$dleqf) refers to dnaninf.o(x$fpl$dnaninf) for __fpl_dnaninf
    dleqf.o(x$fpl$dleqf) refers to dcmpi.o(x$fpl$dcmpinf) for __fpl_dcmp_Inf
    dnaninf.o(x$fpl$dnaninf) refers (Special) to usenofp.o(x$fpl$usenofp) for __I$use$fp
    dretinf.o(x$fpl$dretinf) refers (Special) to usenofp.o(x$fpl$usenofp) for __I$use$fp
    drleqf.o(x$fpl$drleqf) refers (Special) to usenofp.o(x$fpl$usenofp) for __I$use$fp
    drleqf.o(x$fpl$drleqf) refers to dleqf.o(x$fpl$dleqf) for __fpl_dcmple_InfNaN
    drnd.o(x$fpl$drnd) refers (Special) to usenofp.o(x$fpl$usenofp) for __I$use$fp
    drnd.o(x$fpl$drnd) refers to dnaninf.o(x$fpl$dnaninf) for __fpl_dnaninf
    dsqrt_umaal.o(x$fpl$dsqrt) refers (Special) to usenofp.o(x$fpl$usenofp) for __I$use$fp
    dsqrt_umaal.o(x$fpl$dsqrt) refers to dnaninf.o(x$fpl$dnaninf) for __fpl_dnaninf
    fnaninf.o(x$fpl$fnaninf) refers (Special) to usenofp.o(x$fpl$usenofp) for __I$use$fp
    fretinf.o(x$fpl$fretinf) refers (Special) to usenofp.o(x$fpl$usenofp) for __I$use$fp
    scalbn.o(x$fpl$scalbn) refers (Special) to usenofp.o(x$fpl$usenofp) for __I$use$fp
    scalbn.o(x$fpl$scalbn) refers to dcheck1.o(x$fpl$dcheck1) for __fpl_dcheck_NaN1
    cos_i.o(i.__kernel_cos) refers (Special) to usenofp.o(x$fpl$usenofp) for __I$use$fp
    cos_i.o(i.__kernel_cos) refers to dfix.o(x$fpl$dfix) for __aeabi_d2iz
    cos_i.o(i.__kernel_cos) refers to dmul.o(x$fpl$dmul) for __aeabi_dmul
    cos_i.o(i.__kernel_cos) refers to poly.o(i.__kernel_poly) for __kernel_poly
    cos_i.o(i.__kernel_cos) refers to daddsub_clz.o(x$fpl$dsub) for __aeabi_dsub
    cos_i.o(i.__kernel_cos) refers to scalbn.o(x$fpl$scalbn) for __ARM_scalbn
    cos_i.o(i.__kernel_cos) refers to daddsub_clz.o(x$fpl$drsb) for __aeabi_drsub
    cos_i.o(i.__kernel_cos) refers to cos_i.o(.constdata) for .constdata
    cos_i.o(.constdata) refers (Special) to usenofp.o(x$fpl$usenofp) for __I$use$fp
    dunder.o(i.__mathlib_dbl_divzero) refers to ddiv.o(x$fpl$ddiv) for __aeabi_ddiv
    dunder.o(i.__mathlib_dbl_infnan) refers to scalbn.o(x$fpl$scalbn) for __ARM_scalbn
    dunder.o(i.__mathlib_dbl_infnan2) refers to daddsub_clz.o(x$fpl$dadd) for __aeabi_dadd
    dunder.o(i.__mathlib_dbl_invalid) refers to ddiv.o(x$fpl$ddiv) for __aeabi_ddiv
    dunder.o(i.__mathlib_dbl_overflow) refers to scalbn.o(x$fpl$scalbn) for __ARM_scalbn
    dunder.o(i.__mathlib_dbl_posinfnan) refers to dmul.o(x$fpl$dmul) for __aeabi_dmul
    dunder.o(i.__mathlib_dbl_underflow) refers to scalbn.o(x$fpl$scalbn) for __ARM_scalbn
    fpclassify.o(i.__ARM_fpclassify) refers (Special) to usenofp.o(x$fpl$usenofp) for __I$use$fp
    poly.o(i.__kernel_poly) refers (Special) to usenofp.o(x$fpl$usenofp) for __I$use$fp
    poly.o(i.__kernel_poly) refers to dmul.o(x$fpl$dmul) for __aeabi_dmul
    poly.o(i.__kernel_poly) refers to daddsub_clz.o(x$fpl$dadd) for __aeabi_dadd
    qnan.o(.constdata) refers (Special) to usenofp.o(x$fpl$usenofp) for __I$use$fp
    rred.o(i.__ieee754_rem_pio2) refers (Special) to usenofp.o(x$fpl$usenofp) for __I$use$fp
    rred.o(i.__ieee754_rem_pio2) refers to daddsub_clz.o(x$fpl$dsub) for __aeabi_dsub
    rred.o(i.__ieee754_rem_pio2) refers to daddsub_clz.o(x$fpl$dadd) for __aeabi_dadd
    rred.o(i.__ieee754_rem_pio2) refers to dmul.o(x$fpl$dmul) for __aeabi_dmul
    rred.o(i.__ieee754_rem_pio2) refers to dfix.o(x$fpl$dfix) for __aeabi_d2iz
    rred.o(i.__ieee754_rem_pio2) refers to dflt_clz.o(x$fpl$dflt) for __aeabi_i2d
    rred.o(i.__ieee754_rem_pio2) refers to daddsub_clz.o(x$fpl$drsb) for __aeabi_drsub
    rred.o(i.__ieee754_rem_pio2) refers to dflt_clz.o(x$fpl$dfltu) for __aeabi_ui2d
    rred.o(i.__ieee754_rem_pio2) refers to scalbn.o(x$fpl$scalbn) for __ARM_scalbn
    rred.o(i.__ieee754_rem_pio2) refers to rred.o(.constdata) for .constdata
    rred.o(i.__use_accurate_range_reduction) refers (Special) to usenofp.o(x$fpl$usenofp) for __I$use$fp
    rred.o(.constdata) refers (Special) to usenofp.o(x$fpl$usenofp) for __I$use$fp
    sin_i.o(i.__kernel_sin) refers (Special) to usenofp.o(x$fpl$usenofp) for __I$use$fp
    sin_i.o(i.__kernel_sin) refers to fpclassify.o(i.__ARM_fpclassify) for __ARM_fpclassify
    sin_i.o(i.__kernel_sin) refers to dunder.o(i.__mathlib_dbl_underflow) for __mathlib_dbl_underflow
    sin_i.o(i.__kernel_sin) refers to dmul.o(x$fpl$dmul) for __aeabi_dmul
    sin_i.o(i.__kernel_sin) refers to poly.o(i.__kernel_poly) for __kernel_poly
    sin_i.o(i.__kernel_sin) refers to scalbn.o(x$fpl$scalbn) for __ARM_scalbn
    sin_i.o(i.__kernel_sin) refers to daddsub_clz.o(x$fpl$dsub) for __aeabi_dsub
    sin_i.o(i.__kernel_sin) refers to daddsub_clz.o(x$fpl$drsb) for __aeabi_drsub
    sin_i.o(i.__kernel_sin) refers to daddsub_clz.o(x$fpl$dadd) for __aeabi_dadd
    sin_i.o(i.__kernel_sin) refers to sin_i.o(.constdata) for .constdata
    sin_i.o(.constdata) refers (Special) to usenofp.o(x$fpl$usenofp) for __I$use$fp
    sin_i_x.o(i.____kernel_sin$lsc) refers (Special) to usenofp.o(x$fpl$usenofp) for __I$use$fp
    sin_i_x.o(i.____kernel_sin$lsc) refers to dmul.o(x$fpl$dmul) for __aeabi_dmul
    sin_i_x.o(i.____kernel_sin$lsc) refers to poly.o(i.__kernel_poly) for __kernel_poly
    sin_i_x.o(i.____kernel_sin$lsc) refers to scalbn.o(x$fpl$scalbn) for __ARM_scalbn
    sin_i_x.o(i.____kernel_sin$lsc) refers to daddsub_clz.o(x$fpl$dsub) for __aeabi_dsub
    sin_i_x.o(i.____kernel_sin$lsc) refers to daddsub_clz.o(x$fpl$drsb) for __aeabi_drsub
    sin_i_x.o(i.____kernel_sin$lsc) refers to daddsub_clz.o(x$fpl$dadd) for __aeabi_dadd
    sin_i_x.o(i.____kernel_sin$lsc) refers to sin_i_x.o(.constdata) for .constdata
    sin_i_x.o(.constdata) refers (Special) to usenofp.o(x$fpl$usenofp) for __I$use$fp
    __rtentry2.o(.ARM.Collect$$rtentry$$00000008) refers to boardinit2.o(.text) for _platform_post_stackheap_init
    __rtentry2.o(.ARM.Collect$$rtentry$$0000000A) refers to libinit.o(.ARM.Collect$$libinit$$00000000) for __rt_lib_init
    __rtentry2.o(.ARM.Collect$$rtentry$$0000000B) refers to boardinit3.o(.text) for _platform_post_lib_init
    __rtentry2.o(.ARM.Collect$$rtentry$$0000000D) refers to main.o(i.main) for main
    __rtentry2.o(.ARM.Collect$$rtentry$$0000000D) refers to exit.o(.text) for exit
    __rtentry2.o(.ARM.exidx) refers to __rtentry2.o(.ARM.Collect$$rtentry$$00000001) for .ARM.Collect$$rtentry$$00000001
    __rtentry2.o(.ARM.exidx) refers to __rtentry2.o(.ARM.Collect$$rtentry$$00000008) for .ARM.Collect$$rtentry$$00000008
    __rtentry2.o(.ARM.exidx) refers to __rtentry2.o(.ARM.Collect$$rtentry$$0000000A) for .ARM.Collect$$rtentry$$0000000A
    __rtentry2.o(.ARM.exidx) refers to __rtentry2.o(.ARM.Collect$$rtentry$$0000000B) for .ARM.Collect$$rtentry$$0000000B
    __rtentry2.o(.ARM.exidx) refers to __rtentry2.o(.ARM.Collect$$rtentry$$0000000D) for .ARM.Collect$$rtentry$$0000000D
    __rtentry4.o(.ARM.Collect$$rtentry$$00000004) refers to sys_stackheap_outer.o(.text) for __user_setup_stackheap
    __rtentry4.o(.ARM.exidx) refers to __rtentry4.o(.ARM.Collect$$rtentry$$00000004) for .ARM.Collect$$rtentry$$00000004
    rt_errno_addr.o(.text) refers to rt_errno_addr.o(.bss) for __aeabi_errno_addr_data
    rt_errno_addr_intlibspace.o(.text) refers to libspace.o(.bss) for __libspace_start
    argv_veneer.o(.emb_text) refers to no_argv.o(.text) for __ARM_get_argv
    dcheck1.o(x$fpl$dcheck1) refers (Special) to usenofp.o(x$fpl$usenofp) for __I$use$fp
    dcheck1.o(x$fpl$dcheck1) refers to retnan.o(x$fpl$retnan) for __fpl_return_NaN
    dcmpi.o(x$fpl$dcmpinf) refers (Special) to usenofp.o(x$fpl$usenofp) for __I$use$fp
    libspace.o(.text) refers to libspace.o(.bss) for __libspace_start
    sys_stackheap_outer.o(.text) refers to libspace.o(.text) for __user_perproc_libspace
    sys_stackheap_outer.o(.text) refers to startup_sam4s.o(.text) for __user_initial_stackheap
    exit.o(.text) refers to rtexit.o(.ARM.Collect$$rtexit$$00000000) for __rt_exit
    _get_argv_nomalloc.o(.text) refers (Special) to hrguard.o(.text) for __heap_region$guard
    _get_argv_nomalloc.o(.text) refers to defsig_rtmem_outer.o(.text) for __rt_SIGRTMEM
    _get_argv_nomalloc.o(.text) refers to sys_command.o(.text) for _sys_command_string
    libinit.o(.ARM.Collect$$libinit$$00000000) refers (Special) to libinit2.o(.ARM.Collect$$libinit$$0000002E) for __rt_lib_init_alloca_1
    libinit.o(.ARM.Collect$$libinit$$00000000) refers (Special) to libinit2.o(.ARM.Collect$$libinit$$0000002C) for __rt_lib_init_argv_1
    libinit.o(.ARM.Collect$$libinit$$00000000) refers (Special) to libinit2.o(.ARM.Collect$$libinit$$0000001B) for __rt_lib_init_atexit_1
    libinit.o(.ARM.Collect$$libinit$$00000000) refers (Special) to libinit2.o(.ARM.Collect$$libinit$$00000021) for __rt_lib_init_clock_1
    libinit.o(.ARM.Collect$$libinit$$00000000) refers (Special) to libinit2.o(.ARM.Collect$$libinit$$00000032) for __rt_lib_init_cpp_1
    libinit.o(.ARM.Collect$$libinit$$00000000) refers (Special) to libinit2.o(.ARM.Collect$$libinit$$00000030) for __rt_lib_init_exceptions_1
    libinit.o(.ARM.Collect$$libinit$$00000000) refers (Special) to libinit2.o(.ARM.Collect$$libinit$$00000002) for __rt_lib_init_fp_1
    libinit.o(.ARM.Collect$$libinit$$00000000) refers (Special) to libinit2.o(.ARM.Collect$$libinit$$0000001F) for __rt_lib_init_fp_trap_1
    libinit.o(.ARM.Collect$$libinit$$00000000) refers (Special) to libinit2.o(.ARM.Collect$$libinit$$00000023) for __rt_lib_init_getenv_1
    libinit.o(.ARM.Collect$$libinit$$00000000) refers (Special) to libinit2.o(.ARM.Collect$$libinit$$0000000A) for __rt_lib_init_heap_1
    libinit.o(.ARM.Collect$$libinit$$00000000) refers (Special) to libinit2.o(.ARM.Collect$$libinit$$00000011) for __rt_lib_init_lc_collate_1
    libinit.o(.ARM.Collect$$libinit$$00000000) refers (Special) to libinit2.o(.ARM.Collect$$libinit$$00000013) for __rt_lib_init_lc_ctype_1
    libinit.o(.ARM.Collect$$libinit$$00000000) refers (Special) to libinit2.o(.ARM.Collect$$libinit$$00000015) for __rt_lib_init_lc_monetary_1
    libinit.o(.ARM.Collect$$libinit$$00000000) refers (Special) to libinit2.o(.ARM.Collect$$libinit$$00000017) for __rt_lib_init_lc_numeric_1
    libinit.o(.ARM.Collect$$libinit$$00000000) refers (Special) to libinit2.o(.ARM.Collect$$libinit$$00000019) for __rt_lib_init_lc_time_1
    libinit.o(.ARM.Collect$$libinit$$00000000) refers (Special) to libinit2.o(.ARM.Collect$$libinit$$00000004) for __rt_lib_init_preinit_1
    libinit.o(.ARM.Collect$$libinit$$00000000) refers (Special) to libinit2.o(.ARM.Collect$$libinit$$0000000E) for __rt_lib_init_rand_1
    libinit.o(.ARM.Collect$$libinit$$00000000) refers (Special) to libinit2.o(.ARM.Collect$$libinit$$00000033) for __rt_lib_init_return
    libinit.o(.ARM.Collect$$libinit$$00000000) refers (Special) to libinit2.o(.ARM.Collect$$libinit$$0000001D) for __rt_lib_init_signal_1
    libinit.o(.ARM.Collect$$libinit$$00000000) refers (Special) to libinit2.o(.ARM.Collect$$libinit$$00000025) for __rt_lib_init_stdio_1
    libinit.o(.ARM.Collect$$libinit$$00000000) refers (Special) to libinit2.o(.ARM.Collect$$libinit$$0000000C) for __rt_lib_init_user_alloc_1
    retnan.o(x$fpl$retnan) refers (Special) to usenofp.o(x$fpl$usenofp) for __I$use$fp
    retnan.o(x$fpl$retnan) refers to trapv.o(x$fpl$trapveneer) for __fpl_cmpreturn
    sys_command.o(.text) refers (Special) to use_no_semi.o(.text) for __I$use$semihosting
    sys_command.o(.text) refers (Special) to indicate_semi.o(.text) for __semihosting_library_function
    rtexit.o(.ARM.Collect$$rtexit$$00000000) refers (Special) to rtexit2.o(.ARM.Collect$$rtexit$$00000004) for __rt_exit_exit
    rtexit.o(.ARM.Collect$$rtexit$$00000000) refers (Special) to rtexit2.o(.ARM.Collect$$rtexit$$00000003) for __rt_exit_ls
    rtexit.o(.ARM.Collect$$rtexit$$00000000) refers (Special) to rtexit2.o(.ARM.Collect$$rtexit$$00000002) for __rt_exit_prels_1
    rtexit.o(.ARM.exidx) refers (Special) to rtexit2.o(.ARM.Collect$$rtexit$$00000004) for __rt_exit_exit
    rtexit.o(.ARM.exidx) refers (Special) to rtexit2.o(.ARM.Collect$$rtexit$$00000003) for __rt_exit_ls
    rtexit.o(.ARM.exidx) refers (Special) to rtexit2.o(.ARM.Collect$$rtexit$$00000002) for __rt_exit_prels_1
    rtexit.o(.ARM.exidx) refers to rtexit.o(.ARM.Collect$$rtexit$$00000000) for .ARM.Collect$$rtexit$$00000000
    defsig_rtmem_outer.o(.text) refers to defsig_rtmem_inner.o(.text) for __rt_SIGRTMEM_inner
    defsig_rtmem_outer.o(.text) refers to defsig_exit.o(.text) for __sig_exit
    defsig_rtmem_formal.o(.text) refers to rt_raise.o(.text) for __rt_raise
    trapv.o(x$fpl$trapveneer) refers (Special) to usenofp.o(x$fpl$usenofp) for __I$use$fp
    rtexit2.o(.ARM.Collect$$rtexit$$00000003) refers to libshutdown.o(.ARM.Collect$$libshutdown$$00000000) for __rt_lib_shutdown
    rtexit2.o(.ARM.Collect$$rtexit$$00000004) refers to sys_exit.o(.text) for _sys_exit
    rtexit2.o(.ARM.exidx) refers to rtexit2.o(.ARM.Collect$$rtexit$$00000001) for .ARM.Collect$$rtexit$$00000001
    rtexit2.o(.ARM.exidx) refers to rtexit2.o(.ARM.Collect$$rtexit$$00000003) for .ARM.Collect$$rtexit$$00000003
    rtexit2.o(.ARM.exidx) refers to rtexit2.o(.ARM.Collect$$rtexit$$00000004) for .ARM.Collect$$rtexit$$00000004
    rt_raise.o(.text) refers to __raise.o(.text) for __raise
    rt_raise.o(.text) refers to sys_exit.o(.text) for _sys_exit
    defsig_exit.o(.text) refers to sys_exit.o(.text) for _sys_exit
    defsig_rtmem_inner.o(.text) refers to defsig_general.o(.text) for __default_signal_display
    sys_exit.o(.text) refers (Special) to use_no_semi.o(.text) for __I$use$semihosting
    sys_exit.o(.text) refers (Special) to indicate_semi.o(.text) for __semihosting_library_function
    __raise.o(.text) refers to defsig.o(CL$$defsig) for __default_signal_handler
    defsig_general.o(.text) refers to sys_wrch.o(.text) for _ttywrch
    libshutdown.o(.ARM.Collect$$libshutdown$$00000000) refers (Special) to libshutdown2.o(.ARM.Collect$$libshutdown$$00000002) for __rt_lib_shutdown_cpp_1
    libshutdown.o(.ARM.Collect$$libshutdown$$00000000) refers (Special) to libshutdown2.o(.ARM.Collect$$libshutdown$$00000007) for __rt_lib_shutdown_fp_trap_1
    libshutdown.o(.ARM.Collect$$libshutdown$$00000000) refers (Special) to libshutdown2.o(.ARM.Collect$$libshutdown$$0000000F) for __rt_lib_shutdown_heap_1
    libshutdown.o(.ARM.Collect$$libshutdown$$00000000) refers (Special) to libshutdown2.o(.ARM.Collect$$libshutdown$$00000010) for __rt_lib_shutdown_return
    libshutdown.o(.ARM.Collect$$libshutdown$$00000000) refers (Special) to libshutdown2.o(.ARM.Collect$$libshutdown$$0000000A) for __rt_lib_shutdown_signal_1
    libshutdown.o(.ARM.Collect$$libshutdown$$00000000) refers (Special) to libshutdown2.o(.ARM.Collect$$libshutdown$$00000004) for __rt_lib_shutdown_stdio_1
    libshutdown.o(.ARM.Collect$$libshutdown$$00000000) refers (Special) to libshutdown2.o(.ARM.Collect$$libshutdown$$0000000C) for __rt_lib_shutdown_user_alloc_1
    sys_wrch.o(.text) refers (Special) to use_no_semi.o(.text) for __I$use$semihosting
    sys_wrch.o(.text) refers (Special) to indicate_semi.o(.text) for __semihosting_library_function
    defsig.o(CL$$defsig) refers to defsig_rtmem_inner.o(.text) for __rt_SIGRTMEM_inner
    defsig_abrt_inner.o(.text) refers to defsig_general.o(.text) for __default_signal_display
    defsig_fpe_inner.o(.text) refers to defsig_general.o(.text) for __default_signal_display
    defsig_rtred_inner.o(.text) refers to defsig_general.o(.text) for __default_signal_display
    defsig_stak_inner.o(.text) refers to defsig_general.o(.text) for __default_signal_display
    defsig_pvfn_inner.o(.text) refers to defsig_general.o(.text) for __default_signal_display
    defsig_cppl_inner.o(.text) refers to defsig_general.o(.text) for __default_signal_display
    defsig_segv_inner.o(.text) refers to defsig_general.o(.text) for __default_signal_display
    defsig_other.o(.text) refers to defsig_general.o(.text) for __default_signal_display


==============================================================================

Removing Unused input sections from the image.

    Removing main.o(i.adcChannelInit), (220 bytes).
    Removing main.o(i.adcInit), (48 bytes).
    Removing main.o(i.adcRead), (128 bytes).
    Removing main.o(i.clear_frame), (24 bytes).
    Removing main.o(i.draw_background), (596 bytes).
    Removing main.o(i.draw_circle), (584 bytes).
    Removing main.o(i.get_screen_blue), (32 bytes).
    Removing main.o(i.get_screen_green), (32 bytes).
    Removing main.o(i.get_screen_red), (32 bytes).
    Removing main.o(i.pioPinResistor), (122 bytes).
    Removing main.o(i.pioTogglePin), (30 bytes).
    Removing main.o(i.pmcCheckMasterClk), (28 bytes).
    Removing main.o(i.pmcEnableWriteProtection), (16 bytes).
    Removing main.o(i.pwmInit), (280 bytes).
    Removing main.o(i.rtcInit), (20 bytes).
    Removing main.o(i.rtcReadAmPm), (16 bytes).
    Removing main.o(i.rtcReadCent), (28 bytes).
    Removing main.o(i.rtcReadDate), (32 bytes).
    Removing main.o(i.rtcReadDay), (16 bytes).
    Removing main.o(i.rtcReadHour), (32 bytes).
    Removing main.o(i.rtcReadMin), (32 bytes).
    Removing main.o(i.rtcReadMonth), (32 bytes).
    Removing main.o(i.rtcReadSec), (28 bytes).
    Removing main.o(i.rtcReadYear), (32 bytes).
    Removing main.o(i.rtcUpdateDate), (160 bytes).
    Removing main.o(i.rtcUpdateTime), (148 bytes).
    Removing main.o(i.send_strip), (60 bytes).
    Removing main.o(i.send_zeros), (112 bytes).
    Removing main.o(i.set_screen), (80 bytes).
    Removing main.o(i.shifting_background), (972 bytes).
    Removing main.o(i.spiSendReceive16), (28 bytes).
    Removing main.o(i.static_circles), (428 bytes).
    Removing main.o(i.tcBlockToBlockBase), (20 bytes).
    Removing main.o(i.tcChannelInit), (102 bytes).
    Removing main.o(i.tcChannelToBlock), (10 bytes).
    Removing main.o(i.tcChannelToBlockBase), (18 bytes).
    Removing main.o(i.tcCheckRC_compare), (34 bytes).
    Removing main.o(i.tcDelayInit), (18 bytes).
    Removing main.o(i.tcDelayMicroseconds), (44 bytes).
    Removing main.o(i.tcDelayMillis), (24 bytes).
    Removing main.o(i.tcDelaySeconds), (24 bytes).
    Removing main.o(i.tcInit), (16 bytes).
    Removing main.o(i.tcReadChannel), (30 bytes).
    Removing main.o(i.tcResetChannel), (42 bytes).
    Removing main.o(i.tcSetRC_compare), (32 bytes).
    Removing main.o(i.test_animation), (52 bytes).
    Removing main.o(i.uartInit), (84 bytes).
    Removing main.o(i.uartRx), (24 bytes).
    Removing main.o(i.uartRxReady), (16 bytes).
    Removing main.o(i.uartTx), (28 bytes).
    Removing main.o(.data), (900 bytes).
    Removing system_sam4s.o(.rev16_text), (4 bytes).
    Removing system_sam4s.o(.revsh_text), (4 bytes).
    Removing system_sam4s.o(.rrx_text), (6 bytes).
    Removing system_sam4s.o(i.SystemCoreClockUpdate), (388 bytes).
    Removing system_sam4s.o(.data), (4 bytes).

56 unused section(s) (total 6352 bytes) removed from the image.

==============================================================================

Image Symbol Table

    Local Symbols

    Symbol Name                              Value     Ov Type        Size  Object(Section)

    ../clib/angel/boardlib.s                 0x00000000   Number         0  boardshut.o ABSOLUTE
    ../clib/angel/boardlib.s                 0x00000000   Number         0  boardinit2.o ABSOLUTE
    ../clib/angel/boardlib.s                 0x00000000   Number         0  boardinit3.o ABSOLUTE
    ../clib/angel/boardlib.s                 0x00000000   Number         0  boardinit1.o ABSOLUTE
    ../clib/angel/handlers.s                 0x00000000   Number         0  __scatter_zi.o ABSOLUTE
    ../clib/angel/kernel.s                   0x00000000   Number         0  __rtentry2.o ABSOLUTE
    ../clib/angel/kernel.s                   0x00000000   Number         0  rtexit.o ABSOLUTE
    ../clib/angel/kernel.s                   0x00000000   Number         0  rtexit2.o ABSOLUTE
    ../clib/angel/kernel.s                   0x00000000   Number         0  __rtentry.o ABSOLUTE
    ../clib/angel/kernel.s                   0x00000000   Number         0  __rtentry4.o ABSOLUTE
    ../clib/angel/rt.s                       0x00000000   Number         0  rt_raise.o ABSOLUTE
    ../clib/angel/rt.s                       0x00000000   Number         0  rt_errno_addr_intlibspace.o ABSOLUTE
    ../clib/angel/rt.s                       0x00000000   Number         0  rt_errno_addr.o ABSOLUTE
    ../clib/angel/scatter.s                  0x00000000   Number         0  __scatter.o ABSOLUTE
    ../clib/angel/startup.s                  0x00000000   Number         0  __main.o ABSOLUTE
    ../clib/angel/sys.s                      0x00000000   Number         0  use_no_semi.o ABSOLUTE
    ../clib/angel/sys.s                      0x00000000   Number         0  indicate_semi.o ABSOLUTE
    ../clib/angel/sys.s                      0x00000000   Number         0  sys_stackheap_outer.o ABSOLUTE
    ../clib/angel/sys.s                      0x00000000   Number         0  libspace.o ABSOLUTE
    ../clib/angel/sysapp.c                   0x00000000   Number         0  sys_command.o ABSOLUTE
    ../clib/angel/sysapp.c                   0x00000000   Number         0  sys_wrch.o ABSOLUTE
    ../clib/angel/sysapp.c                   0x00000000   Number         0  sys_exit.o ABSOLUTE
    ../clib/armsys.c                         0x00000000   Number         0  _get_argv_nomalloc.o ABSOLUTE
    ../clib/armsys.c                         0x00000000   Number         0  no_argv.o ABSOLUTE
    ../clib/armsys.c                         0x00000000   Number         0  argv_veneer.o ABSOLUTE
    ../clib/armsys.c                         0x00000000   Number         0  argv_veneer.o ABSOLUTE
    ../clib/fenv.c                           0x00000000   Number         0  _rserrno.o ABSOLUTE
    ../clib/heapalloc.c                      0x00000000   Number         0  hrguard.o ABSOLUTE
    ../clib/heapaux.c                        0x00000000   Number         0  heapauxi.o ABSOLUTE
    ../clib/libinit.s                        0x00000000   Number         0  libinit.o ABSOLUTE
    ../clib/libinit.s                        0x00000000   Number         0  libshutdown.o ABSOLUTE
    ../clib/libinit.s                        0x00000000   Number         0  libshutdown2.o ABSOLUTE
    ../clib/libinit.s                        0x00000000   Number         0  libinit2.o ABSOLUTE
    ../clib/memcpset.s                       0x00000000   Number         0  rt_memcpy_w.o ABSOLUTE
    ../clib/signal.c                         0x00000000   Number         0  __raise.o ABSOLUTE
    ../clib/signal.c                         0x00000000   Number         0  defsig_rtmem_inner.o ABSOLUTE
    ../clib/signal.c                         0x00000000   Number         0  defsig_exit.o ABSOLUTE
    ../clib/signal.c                         0x00000000   Number         0  defsig_rtred_inner.o ABSOLUTE
    ../clib/signal.c                         0x00000000   Number         0  defsig_other.o ABSOLUTE
    ../clib/signal.c                         0x00000000   Number         0  defsig_segv_inner.o ABSOLUTE
    ../clib/signal.c                         0x00000000   Number         0  defsig_cppl_inner.o ABSOLUTE
    ../clib/signal.c                         0x00000000   Number         0  defsig_pvfn_inner.o ABSOLUTE
    ../clib/signal.c                         0x00000000   Number         0  defsig_stak_inner.o ABSOLUTE
    ../clib/signal.c                         0x00000000   Number         0  defsig_fpe_inner.o ABSOLUTE
    ../clib/signal.c                         0x00000000   Number         0  defsig_abrt_inner.o ABSOLUTE
    ../clib/signal.c                         0x00000000   Number         0  defsig_rtmem_outer.o ABSOLUTE
    ../clib/signal.c                         0x00000000   Number         0  defsig_general.o ABSOLUTE
    ../clib/signal.c                         0x00000000   Number         0  defsig_rtmem_formal.o ABSOLUTE
    ../clib/signal.s                         0x00000000   Number         0  defsig.o ABSOLUTE
    ../clib/stdlib.c                         0x00000000   Number         0  exit.o ABSOLUTE
    ../clib/stdlib.c                         0x00000000   Number         0  rand.o ABSOLUTE
    ../clib/stdlib.c                         0x00000000   Number         0  rand.o ABSOLUTE
    ../fplib/d2f.s                           0x00000000   Number         0  d2f.o ABSOLUTE
    ../fplib/daddsub.s                       0x00000000   Number         0  daddsub_clz.o ABSOLUTE
    ../fplib/dcheck1.s                       0x00000000   Number         0  dcheck1.o ABSOLUTE
    ../fplib/dcmpi.s                         0x00000000   Number         0  dcmpi.o ABSOLUTE
    ../fplib/ddiv.s                          0x00000000   Number         0  ddiv.o ABSOLUTE
    ../fplib/dfix.s                          0x00000000   Number         0  dfix.o ABSOLUTE
    ../fplib/dfixu.s                         0x00000000   Number         0  dfixu.o ABSOLUTE
    ../fplib/dflt.s                          0x00000000   Number         0  dflt_clz.o ABSOLUTE
    ../fplib/dleqf.s                         0x00000000   Number         0  dleqf.o ABSOLUTE
    ../fplib/dmul.s                          0x00000000   Number         0  dmul.o ABSOLUTE
    ../fplib/dnaninf.s                       0x00000000   Number         0  dnaninf.o ABSOLUTE
    ../fplib/dretinf.s                       0x00000000   Number         0  dretinf.o ABSOLUTE
    ../fplib/drleqf.s                        0x00000000   Number         0  drleqf.o ABSOLUTE
    ../fplib/drnd.s                          0x00000000   Number         0  drnd.o ABSOLUTE
    ../fplib/dsqrt.s                         0x00000000   Number         0  dsqrt_umaal.o ABSOLUTE
    ../fplib/f2d.s                           0x00000000   Number         0  f2d.o ABSOLUTE
    ../fplib/fdiv.s                          0x00000000   Number         0  fdiv.o ABSOLUTE
    ../fplib/fflt.s                          0x00000000   Number         0  fflt_clz.o ABSOLUTE
    ../fplib/fnaninf.s                       0x00000000   Number         0  fnaninf.o ABSOLUTE
    ../fplib/fpinit.s                        0x00000000   Number         0  fpinit.o ABSOLUTE
    ../fplib/fretinf.s                       0x00000000   Number         0  fretinf.o ABSOLUTE
    ../fplib/retnan.s                        0x00000000   Number         0  retnan.o ABSOLUTE
    ../fplib/scalbn.s                        0x00000000   Number         0  scalbn.o ABSOLUTE
    ../fplib/trapv.s                         0x00000000   Number         0  trapv.o ABSOLUTE
    ../fplib/usenofp.s                       0x00000000   Number         0  usenofp.o ABSOLUTE
    ../mathlib/cos.c                         0x00000000   Number         0  cos.o ABSOLUTE
    ../mathlib/cos.c                         0x00000000   Number         0  cos_x.o ABSOLUTE
    ../mathlib/cos_i.c                       0x00000000   Number         0  cos_i.o ABSOLUTE
    ../mathlib/dunder.c                      0x00000000   Number         0  dunder.o ABSOLUTE
    ../mathlib/floor.c                       0x00000000   Number         0  floor.o ABSOLUTE
    ../mathlib/fpclassify.c                  0x00000000   Number         0  fpclassify.o ABSOLUTE
    ../mathlib/poly.c                        0x00000000   Number         0  poly.o ABSOLUTE
    ../mathlib/pow.c                         0x00000000   Number         0  pow_x.o ABSOLUTE
    ../mathlib/pow.c                         0x00000000   Number         0  pow.o ABSOLUTE
    ../mathlib/qnan.c                        0x00000000   Number         0  qnan.o ABSOLUTE
    ../mathlib/round.c                       0x00000000   Number         0  round.o ABSOLUTE
    ../mathlib/rred.c                        0x00000000   Number         0  rred.o ABSOLUTE
    ../mathlib/sin.c                         0x00000000   Number         0  sin.o ABSOLUTE
    ../mathlib/sin.c                         0x00000000   Number         0  sin_x.o ABSOLUTE
    ../mathlib/sin_i.c                       0x00000000   Number         0  sin_i.o ABSOLUTE
    ../mathlib/sin_i.c                       0x00000000   Number         0  sin_i_x.o ABSOLUTE
    ../mathlib/sqrt.c                        0x00000000   Number         0  sqrt_x.o ABSOLUTE
    ../mathlib/sqrt.c                        0x00000000   Number         0  sqrt.o ABSOLUTE
    RTE\Device\ATSAM4S4B\startup_SAM4S.s     0x00000000   Number         0  startup_sam4s.o ABSOLUTE
    RTE\Device\ATSAM4S4B\system_SAM4S.c      0x00000000   Number         0  system_sam4s.o ABSOLUTE
    RTE\\Device\\ATSAM4S4B\\system_SAM4S.c   0x00000000   Number         0  system_sam4s.o ABSOLUTE
    dc.s                                     0x00000000   Number         0  dc.o ABSOLUTE
    main.c                                   0x00000000   Number         0  main.o ABSOLUTE
    RESET                                    0x00400000   Section      204  startup_sam4s.o(RESET)
    !!!main                                  0x004000cc   Section        8  __main.o(!!!main)
    !!!scatter                               0x004000d4   Section       52  __scatter.o(!!!scatter)
    !!handler_zi                             0x00400108   Section       28  __scatter_zi.o(!!handler_zi)
    .ARM.Collect$$libinit$$00000000          0x00400124   Section        2  libinit.o(.ARM.Collect$$libinit$$00000000)
    .ARM.Collect$$libinit$$00000002          0x00400126   Section        0  libinit2.o(.ARM.Collect$$libinit$$00000002)
    .ARM.Collect$$libinit$$00000004          0x00400126   Section        0  libinit2.o(.ARM.Collect$$libinit$$00000004)
    .ARM.Collect$$libinit$$0000000A          0x00400126   Section        0  libinit2.o(.ARM.Collect$$libinit$$0000000A)
    .ARM.Collect$$libinit$$0000000C          0x00400126   Section        0  libinit2.o(.ARM.Collect$$libinit$$0000000C)
    .ARM.Collect$$libinit$$0000000D          0x00400126   Section        4  libinit2.o(.ARM.Collect$$libinit$$0000000D)
    .ARM.Collect$$libinit$$0000000E          0x0040012a   Section        0  libinit2.o(.ARM.Collect$$libinit$$0000000E)
    .ARM.Collect$$libinit$$00000011          0x0040012a   Section        0  libinit2.o(.ARM.Collect$$libinit$$00000011)
    .ARM.Collect$$libinit$$00000013          0x0040012a   Section        0  libinit2.o(.ARM.Collect$$libinit$$00000013)
    .ARM.Collect$$libinit$$00000015          0x0040012a   Section        0  libinit2.o(.ARM.Collect$$libinit$$00000015)
    .ARM.Collect$$libinit$$00000017          0x0040012a   Section        0  libinit2.o(.ARM.Collect$$libinit$$00000017)
    .ARM.Collect$$libinit$$00000019          0x0040012a   Section        0  libinit2.o(.ARM.Collect$$libinit$$00000019)
    .ARM.Collect$$libinit$$0000001B          0x0040012a   Section        0  libinit2.o(.ARM.Collect$$libinit$$0000001B)
    .ARM.Collect$$libinit$$0000001D          0x0040012a   Section        0  libinit2.o(.ARM.Collect$$libinit$$0000001D)
    .ARM.Collect$$libinit$$0000001F          0x0040012a   Section        0  libinit2.o(.ARM.Collect$$libinit$$0000001F)
    .ARM.Collect$$libinit$$00000021          0x0040012a   Section        0  libinit2.o(.ARM.Collect$$libinit$$00000021)
    .ARM.Collect$$libinit$$00000023          0x0040012a   Section        0  libinit2.o(.ARM.Collect$$libinit$$00000023)
    .ARM.Collect$$libinit$$00000025          0x0040012a   Section        0  libinit2.o(.ARM.Collect$$libinit$$00000025)
    .ARM.Collect$$libinit$$0000002C          0x0040012a   Section        0  libinit2.o(.ARM.Collect$$libinit$$0000002C)
    .ARM.Collect$$libinit$$0000002E          0x0040012a   Section        0  libinit2.o(.ARM.Collect$$libinit$$0000002E)
    .ARM.Collect$$libinit$$00000030          0x0040012a   Section        0  libinit2.o(.ARM.Collect$$libinit$$00000030)
    .ARM.Collect$$libinit$$00000032          0x0040012a   Section        0  libinit2.o(.ARM.Collect$$libinit$$00000032)
    .ARM.Collect$$libinit$$00000033          0x0040012a   Section        2  libinit2.o(.ARM.Collect$$libinit$$00000033)
    .ARM.Collect$$libshutdown$$00000000      0x0040012c   Section        2  libshutdown.o(.ARM.Collect$$libshutdown$$00000000)
    .ARM.Collect$$libshutdown$$00000002      0x0040012e   Section        0  libshutdown2.o(.ARM.Collect$$libshutdown$$00000002)
    .ARM.Collect$$libshutdown$$00000004      0x0040012e   Section        0  libshutdown2.o(.ARM.Collect$$libshutdown$$00000004)
    .ARM.Collect$$libshutdown$$00000007      0x0040012e   Section        0  libshutdown2.o(.ARM.Collect$$libshutdown$$00000007)
    .ARM.Collect$$libshutdown$$0000000A      0x0040012e   Section        0  libshutdown2.o(.ARM.Collect$$libshutdown$$0000000A)
    .ARM.Collect$$libshutdown$$0000000C      0x0040012e   Section        0  libshutdown2.o(.ARM.Collect$$libshutdown$$0000000C)
    .ARM.Collect$$libshutdown$$0000000F      0x0040012e   Section        0  libshutdown2.o(.ARM.Collect$$libshutdown$$0000000F)
    .ARM.Collect$$libshutdown$$00000010      0x0040012e   Section        2  libshutdown2.o(.ARM.Collect$$libshutdown$$00000010)
    .ARM.Collect$$rtentry$$00000000          0x00400130   Section        0  __rtentry.o(.ARM.Collect$$rtentry$$00000000)
    .ARM.Collect$$rtentry$$00000002          0x00400130   Section        0  __rtentry2.o(.ARM.Collect$$rtentry$$00000002)
    .ARM.Collect$$rtentry$$00000004          0x00400130   Section        6  __rtentry4.o(.ARM.Collect$$rtentry$$00000004)
    .ARM.Collect$$rtentry$$00000009          0x00400136   Section        0  __rtentry2.o(.ARM.Collect$$rtentry$$00000009)
    .ARM.Collect$$rtentry$$0000000A          0x00400136   Section        4  __rtentry2.o(.ARM.Collect$$rtentry$$0000000A)
    .ARM.Collect$$rtentry$$0000000C          0x0040013a   Section        0  __rtentry2.o(.ARM.Collect$$rtentry$$0000000C)
    .ARM.Collect$$rtentry$$0000000D          0x0040013a   Section        8  __rtentry2.o(.ARM.Collect$$rtentry$$0000000D)
    .ARM.Collect$$rtexit$$00000000           0x00400142   Section        2  rtexit.o(.ARM.Collect$$rtexit$$00000000)
    .ARM.Collect$$rtexit$$00000002           0x00400144   Section        0  rtexit2.o(.ARM.Collect$$rtexit$$00000002)
    .ARM.Collect$$rtexit$$00000003           0x00400144   Section        4  rtexit2.o(.ARM.Collect$$rtexit$$00000003)
    .ARM.Collect$$rtexit$$00000004           0x00400148   Section        6  rtexit2.o(.ARM.Collect$$rtexit$$00000004)
    .emb_text                                0x00400150   Section       52  rand.o(.emb_text)
    .text                                    0x00400184   Section       64  startup_sam4s.o(.text)
    .text                                    0x004001c4   Section        0  rand.o(.text)
    .text                                    0x00400200   Section      100  rt_memcpy_w.o(.text)
    .text                                    0x00400264   Section        0  heapauxi.o(.text)
    .text                                    0x0040026a   Section        0  _rserrno.o(.text)
    .text                                    0x00400280   Section        8  rt_errno_addr_intlibspace.o(.text)
    .text                                    0x00400288   Section        8  libspace.o(.text)
    .text                                    0x00400290   Section       74  sys_stackheap_outer.o(.text)
    .text                                    0x004002da   Section        0  exit.o(.text)
    .text                                    0x004002ec   Section        2  use_no_semi.o(.text)
    .text                                    0x004002ee   Section        0  indicate_semi.o(.text)
    .text                                    0x004002f0   Section        0  sys_exit.o(.text)
    i.SystemInit                             0x004002fc   Section        0  system_sam4s.o(i.SystemInit)
    i.__ARM_fpclassify                       0x00400328   Section        0  fpclassify.o(i.__ARM_fpclassify)
    i.__kernel_poly                          0x00400350   Section        0  poly.o(i.__kernel_poly)
    i.__mathlib_dbl_divzero                  0x004003fc   Section        0  dunder.o(i.__mathlib_dbl_divzero)
    i.__mathlib_dbl_infnan2                  0x0040040c   Section        0  dunder.o(i.__mathlib_dbl_infnan2)
    i.__mathlib_dbl_invalid                  0x00400410   Section        0  dunder.o(i.__mathlib_dbl_invalid)
    i.__mathlib_dbl_overflow                 0x0040041c   Section        0  dunder.o(i.__mathlib_dbl_overflow)
    i.__mathlib_dbl_underflow                0x0040042c   Section        0  dunder.o(i.__mathlib_dbl_underflow)
    i.flush                                  0x0040043c   Section        0  main.o(i.flush)
    i.get_closest_particle                   0x00400450   Section        0  main.o(i.get_closest_particle)
    i.main                                   0x004004f4   Section        0  main.o(i.main)
    i.particles_animation                    0x00400520   Section        0  main.o(i.particles_animation)
    i.pioDigitalRead                         0x00400668   Section        0  main.o(i.pioDigitalRead)
    i.pioDigitalWrite                        0x0040068c   Section        0  main.o(i.pioDigitalWrite)
    i.pioInit                                0x004006c2   Section        0  main.o(i.pioInit)
    i.pioPinMode                             0x004006d2   Section        0  main.o(i.pioPinMode)
    i.pioPinToBase                           0x004007ac   Section        0  main.o(i.pioPinToBase)
    i.pioPinToPort                           0x004007be   Section        0  main.o(i.pioPinToPort)
    i.pioPortToBase                          0x004007c4   Section        0  main.o(i.pioPortToBase)
    i.pmcDisableWriteProtection              0x004007d8   Section        0  main.o(i.pmcDisableWriteProtection)
    i.pmcEnablePeriph                        0x004007e8   Section        0  main.o(i.pmcEnablePeriph)
    i.pmcMainClkBypass                       0x004007f8   Section        0  main.o(i.pmcMainClkBypass)
    i.pow                                    0x00400834   Section        0  pow.o(i.pow)
    i.randrange                              0x0040120c   Section        0  main.o(i.randrange)
    i.samInit                                0x00401224   Section        0  main.o(i.samInit)
    i.send_frame                             0x00401234   Section        0  main.o(i.send_frame)
    i.set_cs_high                            0x00401290   Section        0  main.o(i.set_cs_high)
    i.set_cs_low                             0x0040129c   Section        0  main.o(i.set_cs_low)
    i.set_screen_color                       0x004012a8   Section        0  main.o(i.set_screen_color)
    i.spawn_particle                         0x00401304   Section        0  main.o(i.spawn_particle)
    i.spiInit                                0x004013b8   Section        0  main.o(i.spiInit)
    i.spiSendReceive                         0x00401428   Section        0  main.o(i.spiSendReceive)
    i.spi_send_byte                          0x00401450   Section        0  main.o(i.spi_send_byte)
    i.sqrt                                   0x00401468   Section        0  sqrt.o(i.sqrt)
    i.wdtDisable                             0x004014b4   Section        0  main.o(i.wdtDisable)
    x$fpl$dadd                               0x004014cc   Section      336  daddsub_clz.o(x$fpl$dadd)
    _dadd1                                   0x004014dd   Thumb Code     0  daddsub_clz.o(x$fpl$dadd)
    x$fpl$dcheck1                            0x0040161c   Section       16  dcheck1.o(x$fpl$dcheck1)
    x$fpl$dcmpinf                            0x0040162c   Section       24  dcmpi.o(x$fpl$dcmpinf)
    x$fpl$ddiv                               0x00401644   Section      688  ddiv.o(x$fpl$ddiv)
    ddiv_entry                               0x0040164b   Thumb Code     0  ddiv.o(x$fpl$ddiv)
    x$fpl$dfix                               0x004018f4   Section       94  dfix.o(x$fpl$dfix)
    x$fpl$dflt                               0x00401952   Section       46  dflt_clz.o(x$fpl$dflt)
    x$fpl$dleqf                              0x00401980   Section      120  dleqf.o(x$fpl$dleqf)
    x$fpl$dmul                               0x004019f8   Section      340  dmul.o(x$fpl$dmul)
    x$fpl$dnaninf                            0x00401b4c   Section      156  dnaninf.o(x$fpl$dnaninf)
    x$fpl$dretinf                            0x00401be8   Section       12  dretinf.o(x$fpl$dretinf)
    x$fpl$drleqf                             0x00401bf4   Section      108  drleqf.o(x$fpl$drleqf)
    x$fpl$drsb                               0x00401c60   Section       22  daddsub_clz.o(x$fpl$drsb)
    x$fpl$dsqrt                              0x00401c78   Section      408  dsqrt_umaal.o(x$fpl$dsqrt)
    x$fpl$dsub                               0x00401e10   Section      468  daddsub_clz.o(x$fpl$dsub)
    _dsub1                                   0x00401e21   Thumb Code     0  daddsub_clz.o(x$fpl$dsub)
    x$fpl$retnan                             0x00401fe4   Section      100  retnan.o(x$fpl$retnan)
    x$fpl$scalbn                             0x00402048   Section       92  scalbn.o(x$fpl$scalbn)
    x$fpl$trapveneer                         0x004020a4   Section       48  trapv.o(x$fpl$trapveneer)
    .constdata                               0x004020d4   Section      104  main.o(.constdata)
    x$fpl$usenofp                            0x004020d4   Section        0  usenofp.o(x$fpl$usenofp)
    .constdata                               0x00402140   Section      136  pow.o(.constdata)
    bp                                       0x00402140   Data          16  pow.o(.constdata)
    dp_h                                     0x00402150   Data          16  pow.o(.constdata)
    dp_l                                     0x00402160   Data          16  pow.o(.constdata)
    L                                        0x00402170   Data          48  pow.o(.constdata)
    P                                        0x004021a0   Data          40  pow.o(.constdata)
    .constdata                               0x004021c8   Section        8  qnan.o(.constdata)
    .bss                                     0x20000000   Section     2280  main.o(.bss)
    .bss                                     0x200008e8   Section      228  rand.o(.bss)
    .bss                                     0x200009cc   Section       96  libspace.o(.bss)
    HEAP                                     0x20000a30   Section      512  startup_sam4s.o(HEAP)
    Heap_Mem                                 0x20000a30   Data         512  startup_sam4s.o(HEAP)
    STACK                                    0x20000c30   Section      512  startup_sam4s.o(STACK)
    Stack_Mem                                0x20000c30   Data         512  startup_sam4s.o(STACK)
    __initial_sp                             0x20000e30   Data           0  startup_sam4s.o(STACK)

    Global Symbols

    Symbol Name                              Value     Ov Type        Size  Object(Section)

    BuildAttributes$$THM_ISAv4$E$P$D$K$B$S$7EM$PE$A:L22UL41UL21$X:L11$S22US41US21$IEEE1$IW$USESV6$~STKCKD$USESV7$~SHL$OTIME$ROPI$IEEEX$EBA8$UX$STANDARDLIB$REQ8$PRES8$EABIv2 0x00000000   Number         0  anon$$obj.o ABSOLUTE
    __ARM_use_no_argv                        0x00000000   Number         0  main.o ABSOLUTE
    __ARM_exceptions_init                     - Undefined Weak Reference
    __alloca_initialize                       - Undefined Weak Reference
    __arm_preinit_                            - Undefined Weak Reference
    __cpp_initialize__aeabi_                  - Undefined Weak Reference
    __cxa_finalize                            - Undefined Weak Reference
    __rt_locale                               - Undefined Weak Reference
    __sigvec_lookup                           - Undefined Weak Reference
    _atexit_init                              - Undefined Weak Reference
    _call_atexit_fns                          - Undefined Weak Reference
    _clock_init                               - Undefined Weak Reference
    _fp_trap_init                             - Undefined Weak Reference
    _fp_trap_shutdown                         - Undefined Weak Reference
    _get_lc_collate                           - Undefined Weak Reference
    _get_lc_ctype                             - Undefined Weak Reference
    _get_lc_monetary                          - Undefined Weak Reference
    _get_lc_numeric                           - Undefined Weak Reference
    _get_lc_time                              - Undefined Weak Reference
    _getenv_init                              - Undefined Weak Reference
    _handle_redirection                       - Undefined Weak Reference
    _init_alloc                               - Undefined Weak Reference
    _init_user_alloc                          - Undefined Weak Reference
    _initio                                   - Undefined Weak Reference
    _signal_finish                            - Undefined Weak Reference
    _signal_init                              - Undefined Weak Reference
    _terminate_alloc                          - Undefined Weak Reference
    _terminate_user_alloc                     - Undefined Weak Reference
    _terminateio                              - Undefined Weak Reference
    __Vectors_Size                           0x000000cc   Number         0  startup_sam4s.o ABSOLUTE
    __Vectors                                0x00400000   Data           4  startup_sam4s.o(RESET)
    __Vectors_End                            0x004000cc   Data           0  startup_sam4s.o(RESET)
    __main                                   0x004000cd   Thumb Code     8  __main.o(!!!main)
    __scatterload                            0x004000d5   Thumb Code     0  __scatter.o(!!!scatter)
    __scatterload_rt2                        0x004000d5   Thumb Code    44  __scatter.o(!!!scatter)
    __scatterload_rt2_thumb_only             0x004000d5   Thumb Code     0  __scatter.o(!!!scatter)
    __scatterload_null                       0x004000e3   Thumb Code     0  __scatter.o(!!!scatter)
    __scatterload_zeroinit                   0x00400109   Thumb Code    28  __scatter_zi.o(!!handler_zi)
    __rt_lib_init                            0x00400125   Thumb Code     0  libinit.o(.ARM.Collect$$libinit$$00000000)
    __rt_lib_init_fp_1                       0x00400127   Thumb Code     0  libinit2.o(.ARM.Collect$$libinit$$00000002)
    __rt_lib_init_heap_1                     0x00400127   Thumb Code     0  libinit2.o(.ARM.Collect$$libinit$$0000000A)
    __rt_lib_init_preinit_1                  0x00400127   Thumb Code     0  libinit2.o(.ARM.Collect$$libinit$$00000004)
    __rt_lib_init_rand_2                     0x00400127   Thumb Code     0  libinit2.o(.ARM.Collect$$libinit$$0000000D)
    __rt_lib_init_user_alloc_1               0x00400127   Thumb Code     0  libinit2.o(.ARM.Collect$$libinit$$0000000C)
    __rt_lib_init_alloca_1                   0x0040012b   Thumb Code     0  libinit2.o(.ARM.Collect$$libinit$$0000002E)
    __rt_lib_init_argv_1                     0x0040012b   Thumb Code     0  libinit2.o(.ARM.Collect$$libinit$$0000002C)
    __rt_lib_init_atexit_1                   0x0040012b   Thumb Code     0  libinit2.o(.ARM.Collect$$libinit$$0000001B)
    __rt_lib_init_clock_1                    0x0040012b   Thumb Code     0  libinit2.o(.ARM.Collect$$libinit$$00000021)
    __rt_lib_init_cpp_1                      0x0040012b   Thumb Code     0  libinit2.o(.ARM.Collect$$libinit$$00000032)
    __rt_lib_init_exceptions_1               0x0040012b   Thumb Code     0  libinit2.o(.ARM.Collect$$libinit$$00000030)
    __rt_lib_init_fp_trap_1                  0x0040012b   Thumb Code     0  libinit2.o(.ARM.Collect$$libinit$$0000001F)
    __rt_lib_init_getenv_1                   0x0040012b   Thumb Code     0  libinit2.o(.ARM.Collect$$libinit$$00000023)
    __rt_lib_init_lc_collate_1               0x0040012b   Thumb Code     0  libinit2.o(.ARM.Collect$$libinit$$00000011)
    __rt_lib_init_lc_ctype_1                 0x0040012b   Thumb Code     0  libinit2.o(.ARM.Collect$$libinit$$00000013)
    __rt_lib_init_lc_monetary_1              0x0040012b   Thumb Code     0  libinit2.o(.ARM.Collect$$libinit$$00000015)
    __rt_lib_init_lc_numeric_1               0x0040012b   Thumb Code     0  libinit2.o(.ARM.Collect$$libinit$$00000017)
    __rt_lib_init_lc_time_1                  0x0040012b   Thumb Code     0  libinit2.o(.ARM.Collect$$libinit$$00000019)
    __rt_lib_init_rand_1                     0x0040012b   Thumb Code     0  libinit2.o(.ARM.Collect$$libinit$$0000000E)
    __rt_lib_init_return                     0x0040012b   Thumb Code     0  libinit2.o(.ARM.Collect$$libinit$$00000033)
    __rt_lib_init_signal_1                   0x0040012b   Thumb Code     0  libinit2.o(.ARM.Collect$$libinit$$0000001D)
    __rt_lib_init_stdio_1                    0x0040012b   Thumb Code     0  libinit2.o(.ARM.Collect$$libinit$$00000025)
    __rt_lib_shutdown                        0x0040012d   Thumb Code     0  libshutdown.o(.ARM.Collect$$libshutdown$$00000000)
    __rt_lib_shutdown_cpp_1                  0x0040012f   Thumb Code     0  libshutdown2.o(.ARM.Collect$$libshutdown$$00000002)
    __rt_lib_shutdown_fp_trap_1              0x0040012f   Thumb Code     0  libshutdown2.o(.ARM.Collect$$libshutdown$$00000007)
    __rt_lib_shutdown_heap_1                 0x0040012f   Thumb Code     0  libshutdown2.o(.ARM.Collect$$libshutdown$$0000000F)
    __rt_lib_shutdown_return                 0x0040012f   Thumb Code     0  libshutdown2.o(.ARM.Collect$$libshutdown$$00000010)
    __rt_lib_shutdown_signal_1               0x0040012f   Thumb Code     0  libshutdown2.o(.ARM.Collect$$libshutdown$$0000000A)
    __rt_lib_shutdown_stdio_1                0x0040012f   Thumb Code     0  libshutdown2.o(.ARM.Collect$$libshutdown$$00000004)
    __rt_lib_shutdown_user_alloc_1           0x0040012f   Thumb Code     0  libshutdown2.o(.ARM.Collect$$libshutdown$$0000000C)
    __rt_entry                               0x00400131   Thumb Code     0  __rtentry.o(.ARM.Collect$$rtentry$$00000000)
    __rt_entry_presh_1                       0x00400131   Thumb Code     0  __rtentry2.o(.ARM.Collect$$rtentry$$00000002)
    __rt_entry_sh                            0x00400131   Thumb Code     0  __rtentry4.o(.ARM.Collect$$rtentry$$00000004)
    __rt_entry_li                            0x00400137   Thumb Code     0  __rtentry2.o(.ARM.Collect$$rtentry$$0000000A)
    __rt_entry_postsh_1                      0x00400137   Thumb Code     0  __rtentry2.o(.ARM.Collect$$rtentry$$00000009)
    __rt_entry_main                          0x0040013b   Thumb Code     0  __rtentry2.o(.ARM.Collect$$rtentry$$0000000D)
    __rt_entry_postli_1                      0x0040013b   Thumb Code     0  __rtentry2.o(.ARM.Collect$$rtentry$$0000000C)
    __rt_exit                                0x00400143   Thumb Code     0  rtexit.o(.ARM.Collect$$rtexit$$00000000)
    __rt_exit_ls                             0x00400145   Thumb Code     0  rtexit2.o(.ARM.Collect$$rtexit$$00000003)
    __rt_exit_prels_1                        0x00400145   Thumb Code     0  rtexit2.o(.ARM.Collect$$rtexit$$00000002)
    __rt_exit_exit                           0x00400149   Thumb Code     0  rtexit2.o(.ARM.Collect$$rtexit$$00000004)
    rand                                     0x00400151   Thumb Code    48  rand.o(.emb_text)
    Reset_Handler                            0x00400185   Thumb Code     8  startup_sam4s.o(.text)
    NMI_Handler                              0x0040018d   Thumb Code     2  startup_sam4s.o(.text)
    HardFault_Handler                        0x0040018f   Thumb Code     2  startup_sam4s.o(.text)
    MemManage_Handler                        0x00400191   Thumb Code     2  startup_sam4s.o(.text)
    BusFault_Handler                         0x00400193   Thumb Code     2  startup_sam4s.o(.text)
    UsageFault_Handler                       0x00400195   Thumb Code     2  startup_sam4s.o(.text)
    SVC_Handler                              0x00400197   Thumb Code     2  startup_sam4s.o(.text)
    DebugMon_Handler                         0x00400199   Thumb Code     2  startup_sam4s.o(.text)
    PendSV_Handler                           0x0040019b   Thumb Code     2  startup_sam4s.o(.text)
    SysTick_Handler                          0x0040019d   Thumb Code     2  startup_sam4s.o(.text)
    ACC_IRQHandler                           0x0040019f   Thumb Code     0  startup_sam4s.o(.text)
    ADC_IRQHandler                           0x0040019f   Thumb Code     0  startup_sam4s.o(.text)
    CRCCU_IRQHandler                         0x0040019f   Thumb Code     0  startup_sam4s.o(.text)
    DACC_IRQHandler                          0x0040019f   Thumb Code     0  startup_sam4s.o(.text)
    EEFC0_IRQHandler                         0x0040019f   Thumb Code     0  startup_sam4s.o(.text)
    EEFC1_IRQHandler                         0x0040019f   Thumb Code     0  startup_sam4s.o(.text)
    HSMCI_IRQHandler                         0x0040019f   Thumb Code     0  startup_sam4s.o(.text)
    PIOA_IRQHandler                          0x0040019f   Thumb Code     0  startup_sam4s.o(.text)
    PIOB_IRQHandler                          0x0040019f   Thumb Code     0  startup_sam4s.o(.text)
    PIOC_IRQHandler                          0x0040019f   Thumb Code     0  startup_sam4s.o(.text)
    PMC_IRQHandler                           0x0040019f   Thumb Code     0  startup_sam4s.o(.text)
    PWM_IRQHandler                           0x0040019f   Thumb Code     0  startup_sam4s.o(.text)
    RSTC_IRQHandler                          0x0040019f   Thumb Code     0  startup_sam4s.o(.text)
    RTC_IRQHandler                           0x0040019f   Thumb Code     0  startup_sam4s.o(.text)
    RTT_IRQHandler                           0x0040019f   Thumb Code     0  startup_sam4s.o(.text)
    SPI_IRQHandler                           0x0040019f   Thumb Code     0  startup_sam4s.o(.text)
    SSC_IRQHandler                           0x0040019f   Thumb Code     0  startup_sam4s.o(.text)
    SUPC_IRQHandler                          0x0040019f   Thumb Code     0  startup_sam4s.o(.text)
    TC0_IRQHandler                           0x0040019f   Thumb Code     0  startup_sam4s.o(.text)
    TC1_IRQHandler                           0x0040019f   Thumb Code     0  startup_sam4s.o(.text)
    TC2_IRQHandler                           0x0040019f   Thumb Code     0  startup_sam4s.o(.text)
    TC3_IRQHandler                           0x0040019f   Thumb Code     0  startup_sam4s.o(.text)
    TC4_IRQHandler                           0x0040019f   Thumb Code     0  startup_sam4s.o(.text)
    TC5_IRQHandler                           0x0040019f   Thumb Code     0  startup_sam4s.o(.text)
    TWI0_IRQHandler                          0x0040019f   Thumb Code     0  startup_sam4s.o(.text)
    TWI1_IRQHandler                          0x0040019f   Thumb Code     0  startup_sam4s.o(.text)
    UART0_IRQHandler                         0x0040019f   Thumb Code     0  startup_sam4s.o(.text)
    UART1_IRQHandler                         0x0040019f   Thumb Code     0  startup_sam4s.o(.text)
    UDP_IRQHandler                           0x0040019f   Thumb Code     0  startup_sam4s.o(.text)
    USART0_IRQHandler                        0x0040019f   Thumb Code     0  startup_sam4s.o(.text)
    USART1_IRQHandler                        0x0040019f   Thumb Code     0  startup_sam4s.o(.text)
    WDT_IRQHandler                           0x0040019f   Thumb Code     0  startup_sam4s.o(.text)
    __user_initial_stackheap                 0x004001a1   Thumb Code     0  startup_sam4s.o(.text)
    srand                                    0x004001c5   Thumb Code    42  rand.o(.text)
    _rand_init                               0x004001ef   Thumb Code     4  rand.o(.text)
    __aeabi_memcpy4                          0x00400201   Thumb Code     0  rt_memcpy_w.o(.text)
    __aeabi_memcpy8                          0x00400201   Thumb Code     0  rt_memcpy_w.o(.text)
    __rt_memcpy_w                            0x00400201   Thumb Code   100  rt_memcpy_w.o(.text)
    _memcpy_lastbytes_aligned                0x00400249   Thumb Code     0  rt_memcpy_w.o(.text)
    __use_two_region_memory                  0x00400265   Thumb Code     2  heapauxi.o(.text)
    __rt_heap_escrow$2region                 0x00400267   Thumb Code     2  heapauxi.o(.text)
    __rt_heap_expand$2region                 0x00400269   Thumb Code     2  heapauxi.o(.text)
    __read_errno                             0x0040026b   Thumb Code    10  _rserrno.o(.text)
    __set_errno                              0x00400275   Thumb Code    12  _rserrno.o(.text)
    __aeabi_errno_addr                       0x00400281   Thumb Code     8  rt_errno_addr_intlibspace.o(.text)
    __errno$intlibspace                      0x00400281   Thumb Code     0  rt_errno_addr_intlibspace.o(.text)
    __rt_errno_addr$intlibspace              0x00400281   Thumb Code     0  rt_errno_addr_intlibspace.o(.text)
    __user_libspace                          0x00400289   Thumb Code     8  libspace.o(.text)
    __user_perproc_libspace                  0x00400289   Thumb Code     0  libspace.o(.text)
    __user_perthread_libspace                0x00400289   Thumb Code     0  libspace.o(.text)
    __user_setup_stackheap                   0x00400291   Thumb Code    74  sys_stackheap_outer.o(.text)
    exit                                     0x004002db   Thumb Code    18  exit.o(.text)
    __I$use$semihosting                      0x004002ed   Thumb Code     0  use_no_semi.o(.text)
    __use_no_semihosting_swi                 0x004002ed   Thumb Code     2  use_no_semi.o(.text)
    __semihosting_library_function           0x004002ef   Thumb Code     0  indicate_semi.o(.text)
    _sys_exit                                0x004002f1   Thumb Code     8  sys_exit.o(.text)
    SystemInit                               0x004002fd   Thumb Code    28  system_sam4s.o(i.SystemInit)
    __ARM_fpclassify                         0x00400329   Thumb Code    40  fpclassify.o(i.__ARM_fpclassify)
    __kernel_poly                            0x00400351   Thumb Code   170  poly.o(i.__kernel_poly)
    __mathlib_dbl_divzero                    0x004003fd   Thumb Code    12  dunder.o(i.__mathlib_dbl_divzero)
    __mathlib_dbl_infnan2                    0x0040040d   Thumb Code     4  dunder.o(i.__mathlib_dbl_infnan2)
    __mathlib_dbl_invalid                    0x00400411   Thumb Code    12  dunder.o(i.__mathlib_dbl_invalid)
    __mathlib_dbl_overflow                   0x0040041d   Thumb Code    14  dunder.o(i.__mathlib_dbl_overflow)
    __mathlib_dbl_underflow                  0x0040042d   Thumb Code    10  dunder.o(i.__mathlib_dbl_underflow)
    flush                                    0x0040043d   Thumb Code    18  main.o(i.flush)
    get_closest_particle                     0x00400451   Thumb Code   160  main.o(i.get_closest_particle)
    main                                     0x004004f5   Thumb Code    44  main.o(i.main)
    particles_animation                      0x00400521   Thumb Code   324  main.o(i.particles_animation)
    pioDigitalRead                           0x00400669   Thumb Code    36  main.o(i.pioDigitalRead)
    pioDigitalWrite                          0x0040068d   Thumb Code    54  main.o(i.pioDigitalWrite)
    pioInit                                  0x004006c3   Thumb Code    16  main.o(i.pioInit)
    pioPinMode                               0x004006d3   Thumb Code   218  main.o(i.pioPinMode)
    pioPinToBase                             0x004007ad   Thumb Code    18  main.o(i.pioPinToBase)
    pioPinToPort                             0x004007bf   Thumb Code     6  main.o(i.pioPinToPort)
    pioPortToBase                            0x004007c5   Thumb Code    12  main.o(i.pioPortToBase)
    pmcDisableWriteProtection                0x004007d9   Thumb Code     8  main.o(i.pmcDisableWriteProtection)
    pmcEnablePeriph                          0x004007e9   Thumb Code    10  main.o(i.pmcEnablePeriph)
    pmcMainClkBypass                         0x004007f9   Thumb Code    52  main.o(i.pmcMainClkBypass)
    pow                                      0x00400835   Thumb Code  2512  pow.o(i.pow)
    randrange                                0x0040120d   Thumb Code    24  main.o(i.randrange)
    samInit                                  0x00401225   Thumb Code    16  main.o(i.samInit)
    send_frame                               0x00401235   Thumb Code    88  main.o(i.send_frame)
    set_cs_high                              0x00401291   Thumb Code    12  main.o(i.set_cs_high)
    set_cs_low                               0x0040129d   Thumb Code    12  main.o(i.set_cs_low)
    set_screen_color                         0x004012a9   Thumb Code    86  main.o(i.set_screen_color)
    spawn_particle                           0x00401305   Thumb Code   174  main.o(i.spawn_particle)
    spiInit                                  0x004013b9   Thumb Code   108  main.o(i.spiInit)
    spiSendReceive                           0x00401429   Thumb Code    36  main.o(i.spiSendReceive)
    spi_send_byte                            0x00401451   Thumb Code    24  main.o(i.spi_send_byte)
    sqrt                                     0x00401469   Thumb Code    76  sqrt.o(i.sqrt)
    wdtDisable                               0x004014b5   Thumb Code    18  main.o(i.wdtDisable)
    __aeabi_dadd                             0x004014cd   Thumb Code     0  daddsub_clz.o(x$fpl$dadd)
    _dadd                                    0x004014cd   Thumb Code   332  daddsub_clz.o(x$fpl$dadd)
    __fpl_dcheck_NaN1                        0x0040161d   Thumb Code    10  dcheck1.o(x$fpl$dcheck1)
    __fpl_dcmp_Inf                           0x0040162d   Thumb Code    24  dcmpi.o(x$fpl$dcmpinf)
    __aeabi_ddiv                             0x00401645   Thumb Code     0  ddiv.o(x$fpl$ddiv)
    _ddiv                                    0x00401645   Thumb Code   552  ddiv.o(x$fpl$ddiv)
    __aeabi_d2iz                             0x004018f5   Thumb Code     0  dfix.o(x$fpl$dfix)
    _dfix                                    0x004018f5   Thumb Code    94  dfix.o(x$fpl$dfix)
    __aeabi_i2d                              0x00401953   Thumb Code     0  dflt_clz.o(x$fpl$dflt)
    _dflt                                    0x00401953   Thumb Code    46  dflt_clz.o(x$fpl$dflt)
    __aeabi_cdcmple                          0x00401981   Thumb Code     0  dleqf.o(x$fpl$dleqf)
    _dcmple                                  0x00401981   Thumb Code   120  dleqf.o(x$fpl$dleqf)
    __fpl_dcmple_InfNaN                      0x004019e3   Thumb Code     0  dleqf.o(x$fpl$dleqf)
    __aeabi_dmul                             0x004019f9   Thumb Code     0  dmul.o(x$fpl$dmul)
    _dmul                                    0x004019f9   Thumb Code   332  dmul.o(x$fpl$dmul)
    __fpl_dnaninf                            0x00401b4d   Thumb Code   156  dnaninf.o(x$fpl$dnaninf)
    __fpl_dretinf                            0x00401be9   Thumb Code    12  dretinf.o(x$fpl$dretinf)
    __aeabi_cdrcmple                         0x00401bf5   Thumb Code     0  drleqf.o(x$fpl$drleqf)
    _drcmple                                 0x00401bf5   Thumb Code   108  drleqf.o(x$fpl$drleqf)
    __aeabi_drsub                            0x00401c61   Thumb Code     0  daddsub_clz.o(x$fpl$drsb)
    _drsb                                    0x00401c61   Thumb Code    22  daddsub_clz.o(x$fpl$drsb)
    _dsqrt                                   0x00401c79   Thumb Code   404  dsqrt_umaal.o(x$fpl$dsqrt)
    __aeabi_dsub                             0x00401e11   Thumb Code     0  daddsub_clz.o(x$fpl$dsub)
    _dsub                                    0x00401e11   Thumb Code   464  daddsub_clz.o(x$fpl$dsub)
    __fpl_return_NaN                         0x00401fe5   Thumb Code   100  retnan.o(x$fpl$retnan)
    __ARM_scalbn                             0x00402049   Thumb Code    92  scalbn.o(x$fpl$scalbn)
    __fpl_cmpreturn                          0x004020a5   Thumb Code    48  trapv.o(x$fpl$trapveneer)
    __I$use$fp                               0x004020d4   Number         0  usenofp.o(x$fpl$usenofp)
    __mathlib_zero                           0x004021c8   Data           8  qnan.o(.constdata)
    Region$$Table$$Base                      0x004021d0   Number         0  anon$$obj.o(Region$$Table)
    Region$$Table$$Limit                     0x004021e0   Number         0  anon$$obj.o(Region$$Table)
    screen                                   0x20000000   Data        1800  main.o(.bss)
    particles                                0x20000708   Data         480  main.o(.bss)
    _random_number_data                      0x200008e8   Data         228  rand.o(.bss)
    __libspace_start                         0x200009cc   Data          96  libspace.o(.bss)
    __temporary_stack_top$libspace           0x20000a2c   Data           0  libspace.o(.bss)



==============================================================================

Memory Map of the image

  Image Entry point : 0x00400185

  Load Region LR_1 (Base: 0x00400000, Size: 0x000021e0, Max: 0xffffffff, ABSOLUTE)

    Execution Region ER_RO (Exec base: 0x00400000, Load base: 0x00400000, Size: 0x000021e0, Max: 0xffffffff, ABSOLUTE)

    Exec Addr    Load Addr    Size         Type   Attr      Idx    E Section Name        Object

    0x00400000   0x00400000   0x000000cc   Data   RO          519    RESET               startup_sam4s.o
    0x004000cc   0x004000cc   0x00000008   Code   RO          756  * !!!main             c_w.l(__main.o)
    0x004000d4   0x004000d4   0x00000034   Code   RO         1060    !!!scatter          c_w.l(__scatter.o)
    0x00400108   0x00400108   0x0000001c   Code   RO         1062    !!handler_zi        c_w.l(__scatter_zi.o)
    0x00400124   0x00400124   0x00000002   Code   RO          982    .ARM.Collect$$libinit$$00000000  c_w.l(libinit.o)
    0x00400126   0x00400126   0x00000000   Code   RO          842    .ARM.Collect$$libinit$$00000002  c_w.l(libinit2.o)
    0x00400126   0x00400126   0x00000000   Code   RO          844    .ARM.Collect$$libinit$$00000004  c_w.l(libinit2.o)
    0x00400126   0x00400126   0x00000000   Code   RO          847    .ARM.Collect$$libinit$$0000000A  c_w.l(libinit2.o)
    0x00400126   0x00400126   0x00000000   Code   RO          849    .ARM.Collect$$libinit$$0000000C  c_w.l(libinit2.o)
    0x00400126   0x00400126   0x00000004   Code   RO          850    .ARM.Collect$$libinit$$0000000D  c_w.l(libinit2.o)
    0x0040012a   0x0040012a   0x00000000   Code   RO          851    .ARM.Collect$$libinit$$0000000E  c_w.l(libinit2.o)
    0x0040012a   0x0040012a   0x00000000   Code   RO          854    .ARM.Collect$$libinit$$00000011  c_w.l(libinit2.o)
    0x0040012a   0x0040012a   0x00000000   Code   RO          856    .ARM.Collect$$libinit$$00000013  c_w.l(libinit2.o)
    0x0040012a   0x0040012a   0x00000000   Code   RO          858    .ARM.Collect$$libinit$$00000015  c_w.l(libinit2.o)
    0x0040012a   0x0040012a   0x00000000   Code   RO          860    .ARM.Collect$$libinit$$00000017  c_w.l(libinit2.o)
    0x0040012a   0x0040012a   0x00000000   Code   RO          862    .ARM.Collect$$libinit$$00000019  c_w.l(libinit2.o)
    0x0040012a   0x0040012a   0x00000000   Code   RO          864    .ARM.Collect$$libinit$$0000001B  c_w.l(libinit2.o)
    0x0040012a   0x0040012a   0x00000000   Code   RO          866    .ARM.Collect$$libinit$$0000001D  c_w.l(libinit2.o)
    0x0040012a   0x0040012a   0x00000000   Code   RO          868    .ARM.Collect$$libinit$$0000001F  c_w.l(libinit2.o)
    0x0040012a   0x0040012a   0x00000000   Code   RO          870    .ARM.Collect$$libinit$$00000021  c_w.l(libinit2.o)
    0x0040012a   0x0040012a   0x00000000   Code   RO          872    .ARM.Collect$$libinit$$00000023  c_w.l(libinit2.o)
    0x0040012a   0x0040012a   0x00000000   Code   RO          874    .ARM.Collect$$libinit$$00000025  c_w.l(libinit2.o)
    0x0040012a   0x0040012a   0x00000000   Code   RO          878    .ARM.Collect$$libinit$$0000002C  c_w.l(libinit2.o)
    0x0040012a   0x0040012a   0x00000000   Code   RO          880    .ARM.Collect$$libinit$$0000002E  c_w.l(libinit2.o)
    0x0040012a   0x0040012a   0x00000000   Code   RO          882    .ARM.Collect$$libinit$$00000030  c_w.l(libinit2.o)
    0x0040012a   0x0040012a   0x00000000   Code   RO          884    .ARM.Collect$$libinit$$00000032  c_w.l(libinit2.o)
    0x0040012a   0x0040012a   0x00000002   Code   RO          885    .ARM.Collect$$libinit$$00000033  c_w.l(libinit2.o)
    0x0040012c   0x0040012c   0x00000002   Code   RO         1021    .ARM.Collect$$libshutdown$$00000000  c_w.l(libshutdown.o)
    0x0040012e   0x0040012e   0x00000000   Code   RO         1027    .ARM.Collect$$libshutdown$$00000002  c_w.l(libshutdown2.o)
    0x0040012e   0x0040012e   0x00000000   Code   RO         1029    .ARM.Collect$$libshutdown$$00000004  c_w.l(libshutdown2.o)
    0x0040012e   0x0040012e   0x00000000   Code   RO         1032    .ARM.Collect$$libshutdown$$00000007  c_w.l(libshutdown2.o)
    0x0040012e   0x0040012e   0x00000000   Code   RO         1035    .ARM.Collect$$libshutdown$$0000000A  c_w.l(libshutdown2.o)
    0x0040012e   0x0040012e   0x00000000   Code   RO         1037    .ARM.Collect$$libshutdown$$0000000C  c_w.l(libshutdown2.o)
    0x0040012e   0x0040012e   0x00000000   Code   RO         1040    .ARM.Collect$$libshutdown$$0000000F  c_w.l(libshutdown2.o)
    0x0040012e   0x0040012e   0x00000002   Code   RO         1041    .ARM.Collect$$libshutdown$$00000010  c_w.l(libshutdown2.o)
    0x00400130   0x00400130   0x00000000   Code   RO          838    .ARM.Collect$$rtentry$$00000000  c_w.l(__rtentry.o)
    0x00400130   0x00400130   0x00000000   Code   RO          939    .ARM.Collect$$rtentry$$00000002  c_w.l(__rtentry2.o)
    0x00400130   0x00400130   0x00000006   Code   RO          951    .ARM.Collect$$rtentry$$00000004  c_w.l(__rtentry4.o)
    0x00400136   0x00400136   0x00000000   Code   RO          941    .ARM.Collect$$rtentry$$00000009  c_w.l(__rtentry2.o)
    0x00400136   0x00400136   0x00000004   Code   RO          942    .ARM.Collect$$rtentry$$0000000A  c_w.l(__rtentry2.o)
    0x0040013a   0x0040013a   0x00000000   Code   RO          944    .ARM.Collect$$rtentry$$0000000C  c_w.l(__rtentry2.o)
    0x0040013a   0x0040013a   0x00000008   Code   RO          945    .ARM.Collect$$rtentry$$0000000D  c_w.l(__rtentry2.o)
    0x00400142   0x00400142   0x00000002   Code   RO          987    .ARM.Collect$$rtexit$$00000000  c_w.l(rtexit.o)
    0x00400144   0x00400144   0x00000000   Code   RO         1001    .ARM.Collect$$rtexit$$00000002  c_w.l(rtexit2.o)
    0x00400144   0x00400144   0x00000004   Code   RO         1002    .ARM.Collect$$rtexit$$00000003  c_w.l(rtexit2.o)
    0x00400148   0x00400148   0x00000006   Code   RO         1003    .ARM.Collect$$rtexit$$00000004  c_w.l(rtexit2.o)
    0x0040014e   0x0040014e   0x00000002   PAD
    0x00400150   0x00400150   0x00000034   Code   RO          747    .emb_text           c_w.l(rand.o)
    0x00400184   0x00400184   0x00000040   Code   RO          520  * .text               startup_sam4s.o
    0x004001c4   0x004001c4   0x0000003c   Code   RO          748    .text               c_w.l(rand.o)
    0x00400200   0x00400200   0x00000064   Code   RO          752    .text               c_w.l(rt_memcpy_w.o)
    0x00400264   0x00400264   0x00000006   Code   RO          754    .text               c_w.l(heapauxi.o)
    0x0040026a   0x0040026a   0x00000016   Code   RO          839    .text               c_w.l(_rserrno.o)
    0x00400280   0x00400280   0x00000008   Code   RO          956    .text               c_w.l(rt_errno_addr_intlibspace.o)
    0x00400288   0x00400288   0x00000008   Code   RO          966    .text               c_w.l(libspace.o)
    0x00400290   0x00400290   0x0000004a   Code   RO          969    .text               c_w.l(sys_stackheap_outer.o)
    0x004002da   0x004002da   0x00000012   Code   RO          971    .text               c_w.l(exit.o)
    0x004002ec   0x004002ec   0x00000002   Code   RO          997    .text               c_w.l(use_no_semi.o)
    0x004002ee   0x004002ee   0x00000000   Code   RO          999    .text               c_w.l(indicate_semi.o)
    0x004002ee   0x004002ee   0x00000002   PAD
    0x004002f0   0x004002f0   0x0000000c   Code   RO         1013    .text               c_w.l(sys_exit.o)
    0x004002fc   0x004002fc   0x0000002c   Code   RO          529    i.SystemInit        system_sam4s.o
    0x00400328   0x00400328   0x00000028   Code   RO          922    i.__ARM_fpclassify  m_ws.l(fpclassify.o)
    0x00400350   0x00400350   0x000000aa   Code   RO          924    i.__kernel_poly     m_ws.l(poly.o)
    0x004003fa   0x004003fa   0x00000002   PAD
    0x004003fc   0x004003fc   0x00000010   Code   RO          908    i.__mathlib_dbl_divzero  m_ws.l(dunder.o)
    0x0040040c   0x0040040c   0x00000004   Code   RO          910    i.__mathlib_dbl_infnan2  m_ws.l(dunder.o)
    0x00400410   0x00400410   0x0000000c   Code   RO          911    i.__mathlib_dbl_invalid  m_ws.l(dunder.o)
    0x0040041c   0x0040041c   0x0000000e   Code   RO          912    i.__mathlib_dbl_overflow  m_ws.l(dunder.o)
    0x0040042a   0x0040042a   0x00000002   PAD
    0x0040042c   0x0040042c   0x00000010   Code   RO          914    i.__mathlib_dbl_underflow  m_ws.l(dunder.o)
    0x0040043c   0x0040043c   0x00000012   Code   RO            7    i.flush             main.o
    0x0040044e   0x0040044e   0x00000002   PAD
    0x00400450   0x00400450   0x000000a4   Code   RO            8    i.get_closest_particle  main.o
    0x004004f4   0x004004f4   0x0000002c   Code   RO           12    i.main              main.o
    0x00400520   0x00400520   0x00000148   Code   RO           13    i.particles_animation  main.o
    0x00400668   0x00400668   0x00000024   Code   RO           14    i.pioDigitalRead    main.o
    0x0040068c   0x0040068c   0x00000036   Code   RO           15    i.pioDigitalWrite   main.o
    0x004006c2   0x004006c2   0x00000010   Code   RO           16    i.pioInit           main.o
    0x004006d2   0x004006d2   0x000000da   Code   RO           17    i.pioPinMode        main.o
    0x004007ac   0x004007ac   0x00000012   Code   RO           19    i.pioPinToBase      main.o
    0x004007be   0x004007be   0x00000006   Code   RO           20    i.pioPinToPort      main.o
    0x004007c4   0x004007c4   0x00000014   Code   RO           21    i.pioPortToBase     main.o
    0x004007d8   0x004007d8   0x00000010   Code   RO           24    i.pmcDisableWriteProtection  main.o
    0x004007e8   0x004007e8   0x00000010   Code   RO           25    i.pmcEnablePeriph   main.o
    0x004007f8   0x004007f8   0x0000003c   Code   RO           27    i.pmcMainClkBypass  main.o
    0x00400834   0x00400834   0x000009d8   Code   RO          811    i.pow               m_ws.l(pow.o)
    0x0040120c   0x0040120c   0x00000018   Code   RO           29    i.randrange         main.o
    0x00401224   0x00401224   0x00000010   Code   RO           42    i.samInit           main.o
    0x00401234   0x00401234   0x0000005c   Code   RO           43    i.send_frame        main.o
    0x00401290   0x00401290   0x0000000c   Code   RO           46    i.set_cs_high       main.o
    0x0040129c   0x0040129c   0x0000000c   Code   RO           47    i.set_cs_low        main.o
    0x004012a8   0x004012a8   0x0000005c   Code   RO           49    i.set_screen_color  main.o
    0x00401304   0x00401304   0x000000b4   Code   RO           51    i.spawn_particle    main.o
    0x004013b8   0x004013b8   0x00000070   Code   RO           52    i.spiInit           main.o
    0x00401428   0x00401428   0x00000028   Code   RO           53    i.spiSendReceive    main.o
    0x00401450   0x00401450   0x00000018   Code   RO           55    i.spi_send_byte     main.o
    0x00401468   0x00401468   0x0000004c   Code   RO          831    i.sqrt              m_ws.l(sqrt.o)
    0x004014b4   0x004014b4   0x00000018   Code   RO           75    i.wdtDisable        main.o
    0x004014cc   0x004014cc   0x00000150   Code   RO          760    x$fpl$dadd          fz_ws.l(daddsub_clz.o)
    0x0040161c   0x0040161c   0x00000010   Code   RO          960    x$fpl$dcheck1       fz_ws.l(dcheck1.o)
    0x0040162c   0x0040162c   0x00000018   Code   RO          962    x$fpl$dcmpinf       fz_ws.l(dcmpi.o)
    0x00401644   0x00401644   0x000002b0   Code   RO          767    x$fpl$ddiv          fz_ws.l(ddiv.o)
    0x004018f4   0x004018f4   0x0000005e   Code   RO          770    x$fpl$dfix          fz_ws.l(dfix.o)
    0x00401952   0x00401952   0x0000002e   Code   RO          779    x$fpl$dflt          fz_ws.l(dflt_clz.o)
    0x00401980   0x00401980   0x00000078   Code   RO          886    x$fpl$dleqf         fz_ws.l(dleqf.o)
    0x004019f8   0x004019f8   0x00000154   Code   RO          784    x$fpl$dmul          fz_ws.l(dmul.o)
    0x00401b4c   0x00401b4c   0x0000009c   Code   RO          888    x$fpl$dnaninf       fz_ws.l(dnaninf.o)
    0x00401be8   0x00401be8   0x0000000c   Code   RO          890    x$fpl$dretinf       fz_ws.l(dretinf.o)
    0x00401bf4   0x00401bf4   0x0000006c   Code   RO          892    x$fpl$drleqf        fz_ws.l(drleqf.o)
    0x00401c60   0x00401c60   0x00000016   Code   RO          761    x$fpl$drsb          fz_ws.l(daddsub_clz.o)
    0x00401c76   0x00401c76   0x00000002   PAD
    0x00401c78   0x00401c78   0x00000198   Code   RO          896    x$fpl$dsqrt         fz_ws.l(dsqrt_umaal.o)
    0x00401e10   0x00401e10   0x000001d4   Code   RO          762    x$fpl$dsub          fz_ws.l(daddsub_clz.o)
    0x00401fe4   0x00401fe4   0x00000064   Code   RO          983    x$fpl$retnan        fz_ws.l(retnan.o)
    0x00402048   0x00402048   0x0000005c   Code   RO          902    x$fpl$scalbn        fz_ws.l(scalbn.o)
    0x004020a4   0x004020a4   0x00000030   Code   RO          995    x$fpl$trapveneer    fz_ws.l(trapv.o)
    0x004020d4   0x004020d4   0x00000000   Code   RO          904    x$fpl$usenofp       fz_ws.l(usenofp.o)
    0x004020d4   0x004020d4   0x00000068   Data   RO           77    .constdata          main.o
    0x0040213c   0x0040213c   0x00000004   PAD
    0x00402140   0x00402140   0x00000088   Data   RO          812    .constdata          m_ws.l(pow.o)
    0x004021c8   0x004021c8   0x00000008   Data   RO          926    .constdata          m_ws.l(qnan.o)
    0x004021d0   0x004021d0   0x00000010   Data   RO         1058    Region$$Table       anon$$obj.o


    Execution Region ER_RW (Exec base: 0x20000000, Load base: 0x004021e0, Size: 0x00000000, Max: 0xffffffff, ABSOLUTE)

    **** No section assigned to this execution region ****


    Execution Region ER_ZI (Exec base: 0x20000000, Load base: 0x004021e0, Size: 0x00000e30, Max: 0xffffffff, ABSOLUTE)

    Exec Addr    Load Addr    Size         Type   Attr      Idx    E Section Name        Object

    0x20000000        -       0x000008e8   Zero   RW           76    .bss                main.o
    0x200008e8        -       0x000000e4   Zero   RW          749    .bss                c_w.l(rand.o)
    0x200009cc        -       0x00000060   Zero   RW          967    .bss                c_w.l(libspace.o)
    0x20000a2c   0x004021e0   0x00000004   PAD
    0x20000a30        -       0x00000200   Zero   RW          518    HEAP                startup_sam4s.o
    0x20000c30        -       0x00000200   Zero   RW          517    STACK               startup_sam4s.o


==============================================================================

Image component sizes


      Code (inc. data)   RO Data    RW Data    ZI Data      Debug   Object Name

      1642         74        104          0       2280      21818   main.o
        64         26        204          0       1024        844   startup_sam4s.o
        44         16          0          0          0        461   system_sam4s.o

    ----------------------------------------------------------------------
      1752        116        328          0       3304      23123   Object Totals
         0          0         16          0          0          0   (incl. Generated)
         2          0          4          0          0          0   (incl. Padding)

    ----------------------------------------------------------------------

      Code (inc. data)   RO Data    RW Data    ZI Data      Debug   Library Member Name

         8          0          0          0          0         68   __main.o
         0          0          0          0          0          0   __rtentry.o
        12          0          0          0          0          0   __rtentry2.o
         6          0          0          0          0          0   __rtentry4.o
        52          8          0          0          0          0   __scatter.o
        28          0          0          0          0          0   __scatter_zi.o
        22          0          0          0          0        100   _rserrno.o
        18          0          0          0          0         80   exit.o
         6          0          0          0          0        152   heapauxi.o
         0          0          0          0          0          0   indicate_semi.o
         2          0          0          0          0          0   libinit.o
         6          0          0          0          0          0   libinit2.o
         2          0          0          0          0          0   libshutdown.o
         2          0          0          0          0          0   libshutdown2.o
         8          4          0          0         96         68   libspace.o
       112         18          0          0        228        160   rand.o
         8          4          0          0          0         68   rt_errno_addr_intlibspace.o
       100          0          0          0          0         80   rt_memcpy_w.o
         2          0          0          0          0          0   rtexit.o
        10          0          0          0          0          0   rtexit2.o
        12          4          0          0          0         68   sys_exit.o
        74          0          0          0          0         80   sys_stackheap_outer.o
         2          0          0          0          0         68   use_no_semi.o
       826         16          0          0          0        348   daddsub_clz.o
        16          4          0          0          0         68   dcheck1.o
        24          0          0          0          0         68   dcmpi.o
       688        140          0          0          0        208   ddiv.o
        94          4          0          0          0         92   dfix.o
        46          0          0          0          0         68   dflt_clz.o
       120          4          0          0          0         92   dleqf.o
       340         12          0          0          0        104   dmul.o
       156          4          0          0          0         92   dnaninf.o
        12          0          0          0          0         68   dretinf.o
       108          0          0          0          0         80   drleqf.o
       408         56          0          0          0        120   dsqrt_umaal.o
       100          0          0          0          0         68   retnan.o
        92          0          0          0          0         68   scalbn.o
        48          0          0          0          0         68   trapv.o
         0          0          0          0          0          0   usenofp.o
        62         10          0          0          0        340   dunder.o
        40          0          0          0          0         68   fpclassify.o
       170          0          0          0          0         96   poly.o
      2520        190        136          0          0        324   pow.o
         0          0          8          0          0          0   qnan.o
        76          0          0          0          0         84   sqrt.o

    ----------------------------------------------------------------------
      6448        478        144          0        328       3516   Library Totals
        10          0          0          0          4          0   (incl. Padding)

    ----------------------------------------------------------------------

      Code (inc. data)   RO Data    RW Data    ZI Data      Debug   Library Name

       492         38          0          0        324        992   c_w.l
      3078        240          0          0          0       1612   fz_ws.l
      2868        200        144          0          0        912   m_ws.l

    ----------------------------------------------------------------------
      6448        478        144          0        328       3516   Library Totals

    ----------------------------------------------------------------------

==============================================================================


      Code (inc. data)   RO Data    RW Data    ZI Data      Debug   

      8200        594        472          0       3632      23603   Grand Totals
      8200        594        472          0       3632      23603   ELF Image Totals
      8200        594        472          0          0          0   ROM Totals

==============================================================================

    Total RO  Size (Code + RO Data)                 8672 (   8.47kB)
    Total RW  Size (RW Data + ZI Data)              3632 (   3.55kB)
    Total ROM Size (Code + RO Data + RW Data)       8672 (   8.47kB)

==============================================================================

