Component: ARM Compiler 5.06 update 6 (build 750) Tool: armlink [4d35ed]

==============================================================================

Section Cross References

    graphics_generator.o(i.adcChannelInit) refers to graphics_generator.o(i.pioPinMode) for pioPinMode
    graphics_generator.o(i.adcInit) refers to graphics_generator.o(i.pmcEnablePeriph) for pmcEnablePeriph
    graphics_generator.o(i.adcInit) refers to graphics_generator.o(i.pioInit) for pioInit
    graphics_generator.o(i.adcRead) refers to fflt_clz.o(x$fpl$fflt) for __aeabi_i2f
    graphics_generator.o(i.adcRead) refers to fdiv.o(x$fpl$fdiv) for __aeabi_fdiv
    graphics_generator.o(i.adcRead) refers to f2d.o(x$fpl$f2d) for __aeabi_f2d
    graphics_generator.o(i.adcRead) refers to dmul.o(x$fpl$dmul) for __aeabi_dmul
    graphics_generator.o(i.adcRead) refers to d2f.o(x$fpl$d2f) for __aeabi_d2f
    graphics_generator.o(i.draw_circle) refers to dflt_clz.o(x$fpl$dflt) for __aeabi_i2d
    graphics_generator.o(i.draw_circle) refers to ddiv.o(x$fpl$ddiv) for __aeabi_ddiv
    graphics_generator.o(i.draw_circle) refers to dmul.o(x$fpl$dmul) for __aeabi_dmul
    graphics_generator.o(i.draw_circle) refers to cos.o(i.cos) for cos
    graphics_generator.o(i.draw_circle) refers to daddsub_clz.o(x$fpl$dadd) for __aeabi_dadd
    graphics_generator.o(i.draw_circle) refers to round.o(i.round) for round
    graphics_generator.o(i.draw_circle) refers to dfix.o(x$fpl$dfix) for __aeabi_d2iz
    graphics_generator.o(i.draw_circle) refers to sin.o(i.sin) for sin
    graphics_generator.o(i.draw_circle) refers to dflt_clz.o(x$fpl$dfltu) for __aeabi_ui2d
    graphics_generator.o(i.draw_circle) refers to daddsub_clz.o(x$fpl$dsub) for __aeabi_dsub
    graphics_generator.o(i.draw_circle) refers to floor.o(i.floor) for floor
    graphics_generator.o(i.draw_circle) refers to dfixu.o(x$fpl$dfixu) for __aeabi_d2uiz
    graphics_generator.o(i.flush) refers to graphics_generator.o(i.set_cs_high) for set_cs_high
    graphics_generator.o(i.flush) refers to graphics_generator.o(i.spi_send_byte) for spi_send_byte
    graphics_generator.o(i.flush) refers to graphics_generator.o(i.set_cs_low) for set_cs_low
    graphics_generator.o(i.main) refers to graphics_generator.o(i.samInit) for samInit
    graphics_generator.o(i.main) refers to graphics_generator.o(i.pioInit) for pioInit
    graphics_generator.o(i.main) refers to graphics_generator.o(i.spiInit) for spiInit
    graphics_generator.o(i.main) refers to graphics_generator.o(i.pioPinMode) for pioPinMode
    graphics_generator.o(i.main) refers to graphics_generator.o(i.static_circles) for static_circles
    graphics_generator.o(i.pioDigitalRead) refers to graphics_generator.o(i.pioPinToBase) for pioPinToBase
    graphics_generator.o(i.pioDigitalWrite) refers to graphics_generator.o(i.pioPinToBase) for pioPinToBase
    graphics_generator.o(i.pioInit) refers to graphics_generator.o(i.pmcEnablePeriph) for pmcEnablePeriph
    graphics_generator.o(i.pioPinMode) refers to graphics_generator.o(i.pioPinToBase) for pioPinToBase
    graphics_generator.o(i.pioPinResistor) refers to graphics_generator.o(i.pioPinToBase) for pioPinToBase
    graphics_generator.o(i.pioPinToBase) refers to graphics_generator.o(i.pioPinToPort) for pioPinToPort
    graphics_generator.o(i.pioPinToBase) refers to graphics_generator.o(i.pioPortToBase) for pioPortToBase
    graphics_generator.o(i.pioTogglePin) refers to graphics_generator.o(i.pioDigitalRead) for pioDigitalRead
    graphics_generator.o(i.pioTogglePin) refers to graphics_generator.o(i.pioDigitalWrite) for pioDigitalWrite
    graphics_generator.o(i.pwmInit) refers to graphics_generator.o(i.pmcEnablePeriph) for pmcEnablePeriph
    graphics_generator.o(i.pwmInit) refers to graphics_generator.o(i.pioInit) for pioInit
    graphics_generator.o(i.pwmInit) refers to graphics_generator.o(i.pioPinMode) for pioPinMode
    graphics_generator.o(i.pwmInit) refers to rt_memcpy_w.o(.text) for __aeabi_memcpy4
    graphics_generator.o(i.pwmInit) refers to graphics_generator.o(.constdata) for .constdata
    graphics_generator.o(i.samInit) refers to graphics_generator.o(i.wdtDisable) for wdtDisable
    graphics_generator.o(i.samInit) refers to graphics_generator.o(i.pmcDisableWriteProtection) for pmcDisableWriteProtection
    graphics_generator.o(i.samInit) refers to graphics_generator.o(i.pmcMainClkBypass) for pmcMainClkBypass
    graphics_generator.o(i.send_frame) refers to graphics_generator.o(i.send_strip) for send_strip
    graphics_generator.o(i.send_frame) refers to graphics_generator.o(i.flush) for flush
    graphics_generator.o(i.send_strip) refers to graphics_generator.o(i.set_cs_high) for set_cs_high
    graphics_generator.o(i.send_strip) refers to graphics_generator.o(i.spi_send_byte) for spi_send_byte
    graphics_generator.o(i.send_strip) refers to graphics_generator.o(i.set_cs_low) for set_cs_low
[...]
    startup_sam4s.o(.text) refers to startup_sam4s.o(HEAP) for Heap_Mem
    startup_sam4s.o(.text) refers to startup_sam4s.o(STACK) for Stack_Mem
    system_sam4s.o(i.SystemCoreClockUpdate) refers to system_sam4s.o(.data) for SystemCoreClock
    __main.o(!!!main) refers to __rtentry.o(.ARM.Collect$$rtentry$$00000000) for __rt_entry
    d2f.o(x$fpl$d2f) refers (Special) to usenofp.o(x$fpl$usenofp) for __I$use$fp
    d2f.o(x$fpl$d2f) refers to fretinf.o(x$fpl$fretinf) for __fpl_fretinf
    d2f.o(x$fpl$d2f) refers to dnaninf.o(x$fpl$dnaninf) for __fpl_dnaninf
    daddsub_clz.o(x$fpl$dadd) refers (Special) to usenofp.o(x$fpl$usenofp) for __I$use$fp
    daddsub_clz.o(x$fpl$dadd) refers to daddsub_clz.o(x$fpl$dsub) for _dsub1
    daddsub_clz.o(x$fpl$dadd) refers to dretinf.o(x$fpl$dretinf) for __fpl_dretinf
    daddsub_clz.o(x$fpl$dadd) refers to dnaninf.o(x$fpl$dnaninf) for __fpl_dnaninf
    daddsub_clz.o(x$fpl$drsb) refers (Special) to usenofp.o(x$fpl$usenofp) for __I$use$fp
    daddsub_clz.o(x$fpl$drsb) refers to daddsub_clz.o(x$fpl$dadd) for _dadd1
    daddsub_clz.o(x$fpl$drsb) refers to daddsub_clz.o(x$fpl$dsub) for _dsub1
    daddsub_clz.o(x$fpl$dsub) refers (Special) to usenofp.o(x$fpl$usenofp) for __I$use$fp
    daddsub_clz.o(x$fpl$dsub) refers to daddsub_clz.o(x$fpl$dadd) for _dadd1
    daddsub_clz.o(x$fpl$dsub) refers to dnaninf.o(x$fpl$dnaninf) for __fpl_dnaninf
    ddiv.o(x$fpl$drdiv) refers (Special) to usenofp.o(x$fpl$usenofp) for __I$use$fp
    ddiv.o(x$fpl$drdiv) refers to ddiv.o(x$fpl$ddiv) for ddiv_entry
    ddiv.o(x$fpl$ddiv) refers (Special) to usenofp.o(x$fpl$usenofp) for __I$use$fp
    ddiv.o(x$fpl$ddiv) refers to dretinf.o(x$fpl$dretinf) for __fpl_dretinf
    ddiv.o(x$fpl$ddiv) refers to dnaninf.o(x$fpl$dnaninf) for __fpl_dnaninf
    dfix.o(x$fpl$dfix) refers (Special) to usenofp.o(x$fpl$usenofp) for __I$use$fp
    dfix.o(x$fpl$dfix) refers to dnaninf.o(x$fpl$dnaninf) for __fpl_dnaninf
    dfix.o(x$fpl$dfixr) refers (Special) to usenofp.o(x$fpl$usenofp) for __I$use$fp
    dfix.o(x$fpl$dfixr) refers to dnaninf.o(x$fpl$dnaninf) for __fpl_dnaninf
    dfixu.o(x$fpl$dfixu) refers (Special) to usenofp.o(x$fpl$usenofp) for __I$use$fp
    dfixu.o(x$fpl$dfixu) refers to dnaninf.o(x$fpl$dnaninf) for __fpl_dnaninf
    dfixu.o(x$fpl$dfixur) refers (Special) to usenofp.o(x$fpl$usenofp) for __I$use$fp
    dfixu.o(x$fpl$dfixur) refers to dnaninf.o(x$fpl$dnaninf) for __fpl_dnaninf
    dflt_clz.o(x$fpl$dfltu) refers (Special) to usenofp.o(x$fpl$usenofp) for __I$use$fp
    dflt_clz.o(x$fpl$dflt) refers (Special) to usenofp.o(x$fpl$usenofp) for __I$use$fp
    dflt_clz.o(x$fpl$dfltn) refers (Special) to usenofp.o(x$fpl$usenofp) for __I$use$fp
    dmul.o(x$fpl$dmul) refers (Special) to usenofp.o(x$fpl$usenofp) for __I$use$fp
    dmul.o(x$fpl$dmul) refers to dretinf.o(x$fpl$dretinf) for __fpl_dretinf
    dmul.o(x$fpl$dmul) refers to dnaninf.o(x$fpl$dnaninf) for __fpl_dnaninf
    f2d.o(x$fpl$f2d) refers (Special) to usenofp.o(x$fpl$usenofp) for __I$use$fp
    f2d.o(x$fpl$f2d) refers to fnaninf.o(x$fpl$fnaninf) for __fpl_fnaninf
    f2d.o(x$fpl$f2d) refers to dretinf.o(x$fpl$dretinf) for __fpl_dretinf
    fdiv.o(x$fpl$frdiv) refers (Special) to usenofp.o(x$fpl$usenofp) for __I$use$fp
    fdiv.o(x$fpl$frdiv) refers to fdiv.o(x$fpl$fdiv) for _fdiv1
    fdiv.o(x$fpl$fdiv) refers (Special) to usenofp.o(x$fpl$usenofp) for __I$use$fp
    fdiv.o(x$fpl$fdiv) refers to fretinf.o(x$fpl$fretinf) for __fpl_fretinf
    fdiv.o(x$fpl$fdiv) refers to fnaninf.o(x$fpl$fnaninf) for __fpl_fnaninf
    fflt_clz.o(x$fpl$ffltu) refers (Special) to usenofp.o(x$fpl$usenofp) for __I$use$fp
    fflt_clz.o(x$fpl$fflt) refers (Special) to usenofp.o(x$fpl$usenofp) for __I$use$fp
    fflt_clz.o(x$fpl$ffltn) refers (Special) to usenofp.o(x$fpl$usenofp) for __I$use$fp
    cos.o(i.__softfp_cos) refers (Special) to usenofp.o(x$fpl$usenofp) for __I$use$fp
    cos.o(i.__softfp_cos) refers to cos.o(i.cos) for cos
    cos.o(i.cos) refers (Special) to usenofp.o(x$fpl$usenofp) for __I$use$fp
    cos.o(i.cos) refers to _rserrno.o(.text) for __set_errno
    cos.o(i.cos) refers to dunder.o(i.__mathlib_dbl_invalid) for __mathlib_dbl_invalid
    cos.o(i.cos) refers to dunder.o(i.__mathlib_dbl_infnan) for __mathlib_dbl_infnan
    cos.o(i.cos) refers to rred.o(i.__ieee754_rem_pio2) for __ieee754_rem_pio2
    cos.o(i.cos) refers to sin_i.o(i.__kernel_sin) for __kernel_sin
    cos.o(i.cos) refers to cos_i.o(i.__kernel_cos) for __kernel_cos
    cos_x.o(i.____softfp_cos$lsc) refers (Special) to usenofp.o(x$fpl$usenofp) for __I$use$fp
    cos_x.o(i.____softfp_cos$lsc) refers to cos_x.o(i.__cos$lsc) for __cos$lsc
    cos_x.o(i.__cos$lsc) refers (Special) to usenofp.o(x$fpl$usenofp) for __I$use$fp
    cos_x.o(i.__cos$lsc) refers to _rserrno.o(.text) for __set_errno
    cos_x.o(i.__cos$lsc) refers to dunder.o(i.__mathlib_dbl_infnan) for __mathlib_dbl_infnan
    cos_x.o(i.__cos$lsc) refers to rred.o(i.__ieee754_rem_pio2) for __ieee754_rem_pio2
    cos_x.o(i.__cos$lsc) refers to sin_i.o(i.__kernel_sin) for __kernel_sin
    cos_x.o(i.__cos$lsc) refers to cos_i.o(i.__kernel_cos) for __kernel_cos
    floor.o(i.__softfp_floor) refers (Special) to usenofp.o(x$fpl$usenofp) for __I$use$fp
    floor.o(i.__softfp_floor) refers to floor.o(i.floor) for floor
    floor.o(i.floor) refers (Special) to usenofp.o(x$fpl$usenofp) for __I$use$fp
    floor.o(i.floor) refers to daddsub_clz.o(x$fpl$dadd) for __aeabi_dadd
    floor.o(i.floor) refers to drleqf.o(x$fpl$drleqf) for __aeabi_cdrcmple
    floor.o(i.floor) refers to daddsub_clz.o(x$fpl$drsb) for __aeabi_drsub
    round.o(i.round) refers (Special) to usenofp.o(x$fpl$usenofp) for __I$use$fp
    round.o(i.round) refers to drnd.o(x$fpl$drnd) for _drnd
    round.o(i.round) refers to daddsub_clz.o(x$fpl$drsb) for __aeabi_drsub
    round.o(i.round) refers to dleqf.o(x$fpl$dleqf) for __aeabi_cdcmple
    round.o(i.round) refers to drleqf.o(x$fpl$drleqf) for __aeabi_cdrcmple
    round.o(i.round) refers to daddsub_clz.o(x$fpl$dsub) for __aeabi_dsub
    round.o(i.round) refers to daddsub_clz.o(x$fpl$dadd) for __aeabi_dadd
    sin.o(i.__softfp_sin) refers (Special) to usenofp.o(x$fpl$usenofp) for __I$use$fp
    sin.o(i.__softfp_sin) refers to sin.o(i.sin) for sin
    sin.o(i.sin) refers (Special) to usenofp.o(x$fpl$usenofp) for __I$use$fp
    sin.o(i.sin) refers to _rserrno.o(.text) for __set_errno
    sin.o(i.sin) refers to dunder.o(i.__mathlib_dbl_invalid) for __mathlib_dbl_invalid
    sin.o(i.sin) refers to dunder.o(i.__mathlib_dbl_infnan) for __mathlib_dbl_infnan
    sin.o(i.sin) refers to rred.o(i.__ieee754_rem_pio2) for __ieee754_rem_pio2
    sin.o(i.sin) refers to cos_i.o(i.__kernel_cos) for __kernel_cos
    sin.o(i.sin) refers to sin_i.o(i.__kernel_sin) for __kernel_sin
    sin_x.o(i.____softfp_sin$lsc) refers (Special) to usenofp.o(x$fpl$usenofp) for __I$use$fp
    sin_x.o(i.____softfp_sin$lsc) refers to sin_x.o(i.__sin$lsc) for __sin$lsc
    sin_x.o(i.__sin$lsc) refers (Special) to usenofp.o(x$fpl$usenofp) for __I$use$fp
    sin_x.o(i.__sin$lsc) refers to _rserrno.o(.text) for __set_errno
    sin_x.o(i.__sin$lsc) refers to dunder.o(i.__mathlib_dbl_infnan) for __mathlib_dbl_infnan
    sin_x.o(i.__sin$lsc) refers to rred.o(i.__ieee754_rem_pio2) for __ieee754_rem_pio2
    sin_x.o(i.__sin$lsc) refers to cos_i.o(i.__kernel_cos) for __kernel_cos
    sin_x.o(i.__sin$lsc) refers to sin_i.o(i.__kernel_sin) for __kernel_sin
    __rtentry.o(.ARM.Collect$$rtentry$$00000000) refers (Special) to __rtentry2.o(.ARM.Collect$$rtentry$$0000000A) for __rt_entry_li
    __rtentry.o(.ARM.Collect$$rtentry$$00000000) refers (Special) to __rtentry2.o(.ARM.Collect$$rtentry$$0000000D) for __rt_entry_main
    __rtentry.o(.ARM.Collect$$rtentry$$00000000) refers (Special) to __rtentry2.o(.ARM.Collect$$rtentry$$0000000C) for __rt_entry_postli_1
    __rtentry.o(.ARM.Collect$$rtentry$$00000000) refers (Special) to __rtentry2.o(.ARM.Collect$$rtentry$$00000009) for __rt_entry_postsh_1
    __rtentry.o(.ARM.Collect$$rtentry$$00000000) refers (Special) to __rtentry2.o(.ARM.Collect$$rtentry$$00000002) for __rt_entry_presh_1
    __rtentry.o(.ARM.Collect$$rtentry$$00000000) refers (Special) to __rtentry4.o(.ARM.Collect$$rtentry$$00000004) for __rt_entry_sh
    _rserrno.o(.text) refers to rt_errno_addr_intlibspace.o(.text) for __aeabi_errno_addr
    dleqf.o(x$fpl$dleqf) refers (Special) to usenofp.o(x$fpl$usenofp) for __I$use$fp
    dleqf.o(x$fpl$dleqf) refers to dnaninf.o(x$fpl$dnaninf) for __fpl_dnaninf
    dleqf.o(x$fpl$dleqf) refers to dcmpi.o(x$fpl$dcmpinf) for __fpl_dcmp_Inf
    dnaninf.o(x$fpl$dnaninf) refers (Special) to usenofp.o(x$fpl$usenofp) for __I$use$fp
    dretinf.o(x$fpl$dretinf) refers (Special) to usenofp.o(x$fpl$usenofp) for __I$use$fp
    drleqf.o(x$fpl$drleqf) refers (Special) to usenofp.o(x$fpl$usenofp) for __I$use$fp
    drleqf.o(x$fpl$drleqf) refers to dleqf.o(x$fpl$dleqf) for __fpl_dcmple_InfNaN
    drnd.o(x$fpl$drnd) refers (Special) to usenofp.o(x$fpl$usenofp) for __I$use$fp
    drnd.o(x$fpl$drnd) refers to dnaninf.o(x$fpl$dnaninf) for __fpl_dnaninf
    fnaninf.o(x$fpl$fnaninf) refers (Special) to usenofp.o(x$fpl$usenofp) for __I$use$fp
    fretinf.o(x$fpl$fretinf) refers (Special) to usenofp.o(x$fpl$usenofp) for __I$use$fp
    cos_i.o(i.__kernel_cos) refers (Special) to usenofp.o(x$fpl$usenofp) for __I$use$fp
    cos_i.o(i.__kernel_cos) refers to dfix.o(x$fpl$dfix) for __aeabi_d2iz
    cos_i.o(i.__kernel_cos) refers to dmul.o(x$fpl$dmul) for __aeabi_dmul
    cos_i.o(i.__kernel_cos) refers to poly.o(i.__kernel_poly) for __kernel_poly
    cos_i.o(i.__kernel_cos) refers to daddsub_clz.o(x$fpl$dsub) for __aeabi_dsub
    cos_i.o(i.__kernel_cos) refers to scalbn.o(x$fpl$scalbn) for __ARM_scalbn
    cos_i.o(i.__kernel_cos) refers to daddsub_clz.o(x$fpl$drsb) for __aeabi_drsub
    cos_i.o(i.__kernel_cos) refers to cos_i.o(.constdata) for .constdata
    cos_i.o(.constdata) refers (Special) to usenofp.o(x$fpl$usenofp) for __I$use$fp
    dunder.o(i.__mathlib_dbl_divzero) refers to ddiv.o(x$fpl$ddiv) for __aeabi_ddiv
    dunder.o(i.__mathlib_dbl_infnan) refers to scalbn.o(x$fpl$scalbn) for __ARM_scalbn
    dunder.o(i.__mathlib_dbl_infnan2) refers to daddsub_clz.o(x$fpl$dadd) for __aeabi_dadd
    dunder.o(i.__mathlib_dbl_invalid) refers to ddiv.o(x$fpl$ddiv) for __aeabi_ddiv
    dunder.o(i.__mathlib_dbl_overflow) refers to scalbn.o(x$fpl$scalbn) for __ARM_scalbn
    dunder.o(i.__mathlib_dbl_posinfnan) refers to dmul.o(x$fpl$dmul) for __aeabi_dmul
    dunder.o(i.__mathlib_dbl_underflow) refers to scalbn.o(x$fpl$scalbn) for __ARM_scalbn
    rred.o(i.__ieee754_rem_pio2) refers (Special) to usenofp.o(x$fpl$usenofp) for __I$use$fp
    rred.o(i.__ieee754_rem_pio2) refers to daddsub_clz.o(x$fpl$dsub) for __aeabi_dsub
    rred.o(i.__ieee754_rem_pio2) refers to daddsub_clz.o(x$fpl$dadd) for __aeabi_dadd
    rred.o(i.__ieee754_rem_pio2) refers to dmul.o(x$fpl$dmul) for __aeabi_dmul
    rred.o(i.__ieee754_rem_pio2) refers to dfix.o(x$fpl$dfix) for __aeabi_d2iz
    rred.o(i.__ieee754_rem_pio2) refers to dflt_clz.o(x$fpl$dflt) for __aeabi_i2d
    rred.o(i.__ieee754_rem_pio2) refers to daddsub_clz.o(x$fpl$drsb) for __aeabi_drsub
    rred.o(i.__ieee754_rem_pio2) refers to dflt_clz.o(x$fpl$dfltu) for __aeabi_ui2d
    rred.o(i.__ieee754_rem_pio2) refers to scalbn.o(x$fpl$scalbn) for __ARM_scalbn
    rred.o(i.__ieee754_rem_pio2) refers to rred.o(.constdata) for .constdata
    rred.o(i.__use_accurate_range_reduction) refers (Special) to usenofp.o(x$fpl$usenofp) for __I$use$fp
    rred.o(.constdata) refers (Special) to usenofp.o(x$fpl$usenofp) for __I$use$fp
    sin_i.o(i.__kernel_sin) refers (Special) to usenofp.o(x$fpl$usenofp) for __I$use$fp
    sin_i.o(i.__kernel_sin) refers to fpclassify.o(i.__ARM_fpclassify) for __ARM_fpclassify
    sin_i.o(i.__kernel_sin) refers to dunder.o(i.__mathlib_dbl_underflow) for __mathlib_dbl_underflow
    sin_i.o(i.__kernel_sin) refers to dmul.o(x$fpl$dmul) for __aeabi_dmul
    sin_i.o(i.__kernel_sin) refers to poly.o(i.__kernel_poly) for __kernel_poly
    sin_i.o(i.__kernel_sin) refers to scalbn.o(x$fpl$scalbn) for __ARM_scalbn
    sin_i.o(i.__kernel_sin) refers to daddsub_clz.o(x$fpl$dsub) for __aeabi_dsub
    sin_i.o(i.__kernel_sin) refers to daddsub_clz.o(x$fpl$drsb) for __aeabi_drsub
    sin_i.o(i.__kernel_sin) refers to daddsub_clz.o(x$fpl$dadd) for __aeabi_dadd
    sin_i.o(i.__kernel_sin) refers to sin_i.o(.constdata) for .constdata
    sin_i.o(.constdata) refers (Special) to usenofp.o(x$fpl$usenofp) for __I$use$fp
    sin_i_x.o(i.____kernel_sin$lsc) refers (Special) to usenofp.o(x$fpl$usenofp) for __I$use$fp
    sin_i_x.o(i.____kernel_sin$lsc) refers to dmul.o(x$fpl$dmul) for __aeabi_dmul
    sin_i_x.o(i.____kernel_sin$lsc) refers to poly.o(i.__kernel_poly) for __kernel_poly
    sin_i_x.o(i.____kernel_sin$lsc) refers to scalbn.o(x$fpl$scalbn) for __ARM_scalbn
    sin_i_x.o(i.____kernel_sin$lsc) refers to daddsub_clz.o(x$fpl$dsub) for __aeabi_dsub
    sin_i_x.o(i.____kernel_sin$lsc) refers to daddsub_clz.o(x$fpl$drsb) for __aeabi_drsub
    sin_i_x.o(i.____kernel_sin$lsc) refers to daddsub_clz.o(x$fpl$dadd) for __aeabi_dadd
    sin_i_x.o(i.____kernel_sin$lsc) refers to sin_i_x.o(.constdata) for .constdata
    sin_i_x.o(.constdata) refers (Special) to usenofp.o(x$fpl$usenofp) for __I$use$fp
    __rtentry2.o(.ARM.Collect$$rtentry$$00000008) refers to boardinit2.o(.text) for _platform_post_stackheap_init
    __rtentry2.o(.ARM.Collect$$rtentry$$0000000A) refers to libinit.o(.ARM.Collect$$libinit$$00000000) for __rt_lib_init
    __rtentry2.o(.ARM.Collect$$rtentry$$0000000B) refers to boardinit3.o(.text) for _platform_post_lib_init
    __rtentry2.o(.ARM.Collect$$rtentry$$0000000D) refers to graphics_generator.o(i.main) for main
    __rtentry2.o(.ARM.Collect$$rtentry$$0000000D) refers to exit.o(.text) for exit
    __rtentry2.o(.ARM.exidx) refers to __rtentry2.o(.ARM.Collect$$rtentry$$00000001) for .ARM.Collect$$rtentry$$00000001
    __rtentry2.o(.ARM.exidx) refers to __rtentry2.o(.ARM.Collect$$rtentry$$00000008) for .ARM.Collect$$rtentry$$00000008
    __rtentry2.o(.ARM.exidx) refers to __rtentry2.o(.ARM.Collect$$rtentry$$0000000A) for .ARM.Collect$$rtentry$$0000000A
    __rtentry2.o(.ARM.exidx) refers to __rtentry2.o(.ARM.Collect$$rtentry$$0000000B) for .ARM.Collect$$rtentry$$0000000B
    __rtentry2.o(.ARM.exidx) refers to __rtentry2.o(.ARM.Collect$$rtentry$$0000000D) for .ARM.Collect$$rtentry$$0000000D
    __rtentry4.o(.ARM.Collect$$rtentry$$00000004) refers to sys_stackheap_outer.o(.text) for __user_setup_stackheap
    __rtentry4.o(.ARM.exidx) refers to __rtentry4.o(.ARM.Collect$$rtentry$$00000004) for .ARM.Collect$$rtentry$$00000004
    rt_errno_addr.o(.text) refers to rt_errno_addr.o(.bss) for __aeabi_errno_addr_data
    rt_errno_addr_intlibspace.o(.text) refers to libspace.o(.bss) for __libspace_start
    dcmpi.o(x$fpl$dcmpinf) refers (Special) to usenofp.o(x$fpl$usenofp) for __I$use$fp
    scalbn.o(x$fpl$scalbn) refers (Special) to usenofp.o(x$fpl$usenofp) for __I$use$fp
    scalbn.o(x$fpl$scalbn) refers to dcheck1.o(x$fpl$dcheck1) for __fpl_dcheck_NaN1
    fpclassify.o(i.__ARM_fpclassify) refers (Special) to usenofp.o(x$fpl$usenofp) for __I$use$fp
    poly.o(i.__kernel_poly) refers (Special) to usenofp.o(x$fpl$usenofp) for __I$use$fp
    poly.o(i.__kernel_poly) refers to dmul.o(x$fpl$dmul) for __aeabi_dmul
    poly.o(i.__kernel_poly) refers to daddsub_clz.o(x$fpl$dadd) for __aeabi_dadd
    libspace.o(.text) refers to libspace.o(.bss) for __libspace_start
    sys_stackheap_outer.o(.text) refers to libspace.o(.text) for __user_perproc_libspace
    sys_stackheap_outer.o(.text) refers to startup_sam4s.o(.text) for __user_initial_stackheap
    exit.o(.text) refers to rtexit.o(.ARM.Collect$$rtexit$$00000000) for __rt_exit
    libinit.o(.ARM.Collect$$libinit$$00000000) refers (Special) to libinit2.o(.ARM.Collect$$libinit$$0000002E) for __rt_lib_init_alloca_1
    libinit.o(.ARM.Collect$$libinit$$00000000) refers (Special) to libinit2.o(.ARM.Collect$$libinit$$0000002C) for __rt_lib_init_argv_1
    libinit.o(.ARM.Collect$$libinit$$00000000) refers (Special) to libinit2.o(.ARM.Collect$$libinit$$0000001B) for __rt_lib_init_atexit_1
    libinit.o(.ARM.Collect$$libinit$$00000000) refers (Special) to libinit2.o(.ARM.Collect$$libinit$$00000021) for __rt_lib_init_clock_1
    libinit.o(.ARM.Collect$$libinit$$00000000) refers (Special) to libinit2.o(.ARM.Collect$$libinit$$00000032) for __rt_lib_init_cpp_1
    libinit.o(.ARM.Collect$$libinit$$00000000) refers (Special) to libinit2.o(.ARM.Collect$$libinit$$00000030) for __rt_lib_init_exceptions_1
    libinit.o(.ARM.Collect$$libinit$$00000000) refers (Special) to libinit2.o(.ARM.Collect$$libinit$$00000002) for __rt_lib_init_fp_1
    libinit.o(.ARM.Collect$$libinit$$00000000) refers (Special) to libinit2.o(.ARM.Collect$$libinit$$0000001F) for __rt_lib_init_fp_trap_1
    libinit.o(.ARM.Collect$$libinit$$00000000) refers (Special) to libinit2.o(.ARM.Collect$$libinit$$00000023) for __rt_lib_init_getenv_1
    libinit.o(.ARM.Collect$$libinit$$00000000) refers (Special) to libinit2.o(.ARM.Collect$$libinit$$0000000A) for __rt_lib_init_heap_1
    libinit.o(.ARM.Collect$$libinit$$00000000) refers (Special) to libinit2.o(.ARM.Collect$$libinit$$00000011) for __rt_lib_init_lc_collate_1
    libinit.o(.ARM.Collect$$libinit$$00000000) refers (Special) to libinit2.o(.ARM.Collect$$libinit$$00000013) for __rt_lib_init_lc_ctype_1
    libinit.o(.ARM.Collect$$libinit$$00000000) refers (Special) to libinit2.o(.ARM.Collect$$libinit$$00000015) for __rt_lib_init_lc_monetary_1
    libinit.o(.ARM.Collect$$libinit$$00000000) refers (Special) to libinit2.o(.ARM.Collect$$libinit$$00000017) for __rt_lib_init_lc_numeric_1
    libinit.o(.ARM.Collect$$libinit$$00000000) refers (Special) to libinit2.o(.ARM.Collect$$libinit$$00000019) for __rt_lib_init_lc_time_1
    libinit.o(.ARM.Collect$$libinit$$00000000) refers (Special) to libinit2.o(.ARM.Collect$$libinit$$00000004) for __rt_lib_init_preinit_1
    libinit.o(.ARM.Collect$$libinit$$00000000) refers (Special) to libinit2.o(.ARM.Collect$$libinit$$0000000E) for __rt_lib_init_rand_1
    libinit.o(.ARM.Collect$$libinit$$00000000) refers (Special) to libinit2.o(.ARM.Collect$$libinit$$00000033) for __rt_lib_init_return
    libinit.o(.ARM.Collect$$libinit$$00000000) refers (Special) to libinit2.o(.ARM.Collect$$libinit$$0000001D) for __rt_lib_init_signal_1
    libinit.o(.ARM.Collect$$libinit$$00000000) refers (Special) to libinit2.o(.ARM.Collect$$libinit$$00000025) for __rt_lib_init_stdio_1
    libinit.o(.ARM.Collect$$libinit$$00000000) refers (Special) to libinit2.o(.ARM.Collect$$libinit$$0000000C) for __rt_lib_init_user_alloc_1
    dcheck1.o(x$fpl$dcheck1) refers (Special) to usenofp.o(x$fpl$usenofp) for __I$use$fp
    dcheck1.o(x$fpl$dcheck1) refers to retnan.o(x$fpl$retnan) for __fpl_return_NaN
    rtexit.o(.ARM.Collect$$rtexit$$00000000) refers (Special) to rtexit2.o(.ARM.Collect$$rtexit$$00000004) for __rt_exit_exit
    rtexit.o(.ARM.Collect$$rtexit$$00000000) refers (Special) to rtexit2.o(.ARM.Collect$$rtexit$$00000003) for __rt_exit_ls
    rtexit.o(.ARM.Collect$$rtexit$$00000000) refers (Special) to rtexit2.o(.ARM.Collect$$rtexit$$00000002) for __rt_exit_prels_1
    rtexit.o(.ARM.exidx) refers (Special) to rtexit2.o(.ARM.Collect$$rtexit$$00000004) for __rt_exit_exit
    rtexit.o(.ARM.exidx) refers (Special) to rtexit2.o(.ARM.Collect$$rtexit$$00000003) for __rt_exit_ls
    rtexit.o(.ARM.exidx) refers (Special) to rtexit2.o(.ARM.Collect$$rtexit$$00000002) for __rt_exit_prels_1
    rtexit.o(.ARM.exidx) refers to rtexit.o(.ARM.Collect$$rtexit$$00000000) for .ARM.Collect$$rtexit$$00000000
    libinit2.o(.ARM.Collect$$libinit$$00000010) refers to libinit2.o(.ARM.Collect$$libinit$$0000000F) for .ARM.Collect$$libinit$$0000000F
    libinit2.o(.ARM.Collect$$libinit$$00000012) refers to libinit2.o(.ARM.Collect$$libinit$$0000000F) for .ARM.Collect$$libinit$$0000000F
    libinit2.o(.ARM.Collect$$libinit$$00000014) refers to libinit2.o(.ARM.Collect$$libinit$$0000000F) for .ARM.Collect$$libinit$$0000000F
    libinit2.o(.ARM.Collect$$libinit$$00000016) refers to libinit2.o(.ARM.Collect$$libinit$$0000000F) for .ARM.Collect$$libinit$$0000000F
    libinit2.o(.ARM.Collect$$libinit$$00000018) refers to libinit2.o(.ARM.Collect$$libinit$$0000000F) for .ARM.Collect$$libinit$$0000000F
    libinit2.o(.ARM.Collect$$libinit$$00000026) refers to argv_veneer.o(.emb_text) for __ARM_argv_veneer
    libinit2.o(.ARM.Collect$$libinit$$00000027) refers to argv_veneer.o(.emb_text) for __ARM_argv_veneer
    retnan.o(x$fpl$retnan) refers (Special) to usenofp.o(x$fpl$usenofp) for __I$use$fp
    retnan.o(x$fpl$retnan) refers to trapv.o(x$fpl$trapveneer) for __fpl_cmpreturn
    rtexit2.o(.ARM.Collect$$rtexit$$00000003) refers to libshutdown.o(.ARM.Collect$$libshutdown$$00000000) for __rt_lib_shutdown
    rtexit2.o(.ARM.Collect$$rtexit$$00000004) refers to sys_exit.o(.text) for _sys_exit
    rtexit2.o(.ARM.exidx) refers to rtexit2.o(.ARM.Collect$$rtexit$$00000001) for .ARM.Collect$$rtexit$$00000001
    rtexit2.o(.ARM.exidx) refers to rtexit2.o(.ARM.Collect$$rtexit$$00000003) for .ARM.Collect$$rtexit$$00000003
    rtexit2.o(.ARM.exidx) refers to rtexit2.o(.ARM.Collect$$rtexit$$00000004) for .ARM.Collect$$rtexit$$00000004
    argv_veneer.o(.emb_text) refers to no_argv.o(.text) for __ARM_get_argv
    trapv.o(x$fpl$trapveneer) refers (Special) to usenofp.o(x$fpl$usenofp) for __I$use$fp
    sys_exit.o(.text) refers (Special) to use_no_semi.o(.text) for __I$use$semihosting
    sys_exit.o(.text) refers (Special) to indicate_semi.o(.text) for __semihosting_library_function
    _get_argv_nomalloc.o(.text) refers (Special) to hrguard.o(.text) for __heap_region$guard
    _get_argv_nomalloc.o(.text) refers to defsig_rtmem_outer.o(.text) for __rt_SIGRTMEM
    _get_argv_nomalloc.o(.text) refers to sys_command.o(.text) for _sys_command_string
    libshutdown.o(.ARM.Collect$$libshutdown$$00000000) refers (Special) to libshutdown2.o(.ARM.Collect$$libshutdown$$00000002) for __rt_lib_shutdown_cpp_1
    libshutdown.o(.ARM.Collect$$libshutdown$$00000000) refers (Special) to libshutdown2.o(.ARM.Collect$$libshutdown$$00000007) for __rt_lib_shutdown_fp_trap_1
    libshutdown.o(.ARM.Collect$$libshutdown$$00000000) refers (Special) to libshutdown2.o(.ARM.Collect$$libshutdown$$0000000F) for __rt_lib_shutdown_heap_1
    libshutdown.o(.ARM.Collect$$libshutdown$$00000000) refers (Special) to libshutdown2.o(.ARM.Collect$$libshutdown$$00000010) for __rt_lib_shutdown_return
    libshutdown.o(.ARM.Collect$$libshutdown$$00000000) refers (Special) to libshutdown2.o(.ARM.Collect$$libshutdown$$0000000A) for __rt_lib_shutdown_signal_1
    libshutdown.o(.ARM.Collect$$libshutdown$$00000000) refers (Special) to libshutdown2.o(.ARM.Collect$$libshutdown$$00000004) for __rt_lib_shutdown_stdio_1
    libshutdown.o(.ARM.Collect$$libshutdown$$00000000) refers (Special) to libshutdown2.o(.ARM.Collect$$libshutdown$$0000000C) for __rt_lib_shutdown_user_alloc_1
    sys_command.o(.text) refers (Special) to use_no_semi.o(.text) for __I$use$semihosting
    sys_command.o(.text) refers (Special) to indicate_semi.o(.text) for __semihosting_library_function
    defsig_rtmem_outer.o(.text) refers to defsig_rtmem_inner.o(.text) for __rt_SIGRTMEM_inner
    defsig_rtmem_outer.o(.text) refers to defsig_exit.o(.text) for __sig_exit
    defsig_rtmem_formal.o(.text) refers to rt_raise.o(.text) for __rt_raise
    rt_raise.o(.text) refers to __raise.o(.text) for __raise
    rt_raise.o(.text) refers to sys_exit.o(.text) for _sys_exit
    defsig_exit.o(.text) refers to sys_exit.o(.text) for _sys_exit
    defsig_rtmem_inner.o(.text) refers to defsig_general.o(.text) for __default_signal_display
    __raise.o(.text) refers to defsig.o(CL$$defsig) for __default_signal_handler
    defsig_general.o(.text) refers to sys_wrch.o(.text) for _ttywrch
    sys_wrch.o(.text) refers (Special) to use_no_semi.o(.text) for __I$use$semihosting
    sys_wrch.o(.text) refers (Special) to indicate_semi.o(.text) for __semihosting_library_function
    defsig.o(CL$$defsig) refers to defsig_rtmem_inner.o(.text) for __rt_SIGRTMEM_inner
    defsig_abrt_inner.o(.text) refers to defsig_general.o(.text) for __default_signal_display
    defsig_fpe_inner.o(.text) refers to defsig_general.o(.text) for __default_signal_display
    defsig_rtred_inner.o(.text) refers to defsig_general.o(.text) for __default_signal_display
    defsig_stak_inner.o(.text) refers to defsig_general.o(.text) for __default_signal_display
    defsig_pvfn_inner.o(.text) refers to defsig_general.o(.text) for __default_signal_display
    defsig_cppl_inner.o(.text) refers to defsig_general.o(.text) for __default_signal_display
    defsig_segv_inner.o(.text) refers to defsig_general.o(.text) for __default_signal_display
    defsig_other.o(.text) refers to defsig_general.o(.text) for __default_signal_display


==============================================================================

Removing Unused input sections from the image.

    Removing graphics_generator.o(i.adcChannelInit), (220 bytes).
    Removing graphics_generator.o(i.adcInit), (48 bytes).
    Removing graphics_generator.o(i.adcRead), (128 bytes).
    Removing graphics_generator.o(i.pioPinResistor), (122 bytes).
    Removing graphics_generator.o(i.pioTogglePin), (30 bytes).
    Removing graphics_generator.o(i.pmcCheckMasterClk), (28 bytes).
    Removing graphics_generator.o(i.pmcEnableWriteProtection), (16 bytes).
    Removing graphics_generator.o(i.pwmInit), (280 bytes).
    Removing graphics_generator.o(i.rtcInit), (20 bytes).
    Removing graphics_generator.o(i.rtcReadAmPm), (16 bytes).
    Removing graphics_generator.o(i.rtcReadCent), (28 bytes).
    Removing graphics_generator.o(i.rtcReadDate), (32 bytes).
    Removing graphics_generator.o(i.rtcReadDay), (16 bytes).
    Removing graphics_generator.o(i.rtcReadHour), (32 bytes).
    Removing graphics_generator.o(i.rtcReadMin), (32 bytes).
    Removing graphics_generator.o(i.rtcReadMonth), (32 bytes).
    Removing graphics_generator.o(i.rtcReadSec), (28 bytes).
    Removing graphics_generator.o(i.rtcReadYear), (32 bytes).
    Removing graphics_generator.o(i.rtcUpdateDate), (160 bytes).
    Removing graphics_generator.o(i.rtcUpdateTime), (148 bytes).
    Removing graphics_generator.o(i.spiSendReceive16), (28 bytes).
    Removing graphics_generator.o(i.tcBlockToBlockBase), (20 bytes).
    Removing graphics_generator.o(i.tcChannelInit), (102 bytes).
    Removing graphics_generator.o(i.tcChannelToBlock), (10 bytes).
    Removing graphics_generator.o(i.tcChannelToBlockBase), (18 bytes).
    Removing graphics_generator.o(i.tcCheckRC_compare), (34 bytes).
    Removing graphics_generator.o(i.tcDelayInit), (18 bytes).
    Removing graphics_generator.o(i.tcDelayMicroseconds), (44 bytes).
    Removing graphics_generator.o(i.tcDelayMillis), (24 bytes).
    Removing graphics_generator.o(i.tcDelaySeconds), (24 bytes).
    Removing graphics_generator.o(i.tcInit), (16 bytes).
    Removing graphics_generator.o(i.tcReadChannel), (30 bytes).
    Removing graphics_generator.o(i.tcResetChannel), (42 bytes).
    Removing graphics_generator.o(i.tcSetRC_compare), (32 bytes).
    Removing graphics_generator.o(i.uartInit), (84 bytes).
    Removing graphics_generator.o(i.uartRx), (24 bytes).
    Removing graphics_generator.o(i.uartRxReady), (16 bytes).
    Removing graphics_generator.o(i.uartTx), (28 bytes).
    Removing system_sam4s.o(.rev16_text), (4 bytes).
    Removing system_sam4s.o(.revsh_text), (4 bytes).
    Removing system_sam4s.o(.rrx_text), (6 bytes).
    Removing system_sam4s.o(i.SystemCoreClockUpdate), (388 bytes).
    Removing system_sam4s.o(.data), (4 bytes).

43 unused section(s) (total 2448 bytes) removed from the image.

==============================================================================

Image Symbol Table

    Local Symbols

    Symbol Name                              Value     Ov Type        Size  Object(Section)

    ../clib/angel/boardlib.s                 0x00000000   Number         0  boardinit1.o ABSOLUTE
    ../clib/angel/boardlib.s                 0x00000000   Number         0  boardinit2.o ABSOLUTE
    ../clib/angel/boardlib.s                 0x00000000   Number         0  boardinit3.o ABSOLUTE
    ../clib/angel/boardlib.s                 0x00000000   Number         0  boardshut.o ABSOLUTE
    ../clib/angel/handlers.s                 0x00000000   Number         0  __scatter_zi.o ABSOLUTE
    ../clib/angel/kernel.s                   0x00000000   Number         0  __rtentry.o ABSOLUTE
    ../clib/angel/kernel.s                   0x00000000   Number         0  rtexit2.o ABSOLUTE
    ../clib/angel/kernel.s                   0x00000000   Number         0  __rtentry4.o ABSOLUTE
    ../clib/angel/kernel.s                   0x00000000   Number         0  __rtentry2.o ABSOLUTE
    ../clib/angel/kernel.s                   0x00000000   Number         0  rtexit.o ABSOLUTE
    ../clib/angel/rt.s                       0x00000000   Number         0  rt_errno_addr.o ABSOLUTE
    ../clib/angel/rt.s                       0x00000000   Number         0  rt_errno_addr_intlibspace.o ABSOLUTE
    ../clib/angel/rt.s                       0x00000000   Number         0  rt_raise.o ABSOLUTE
    ../clib/angel/scatter.s                  0x00000000   Number         0  __scatter.o ABSOLUTE
    ../clib/angel/startup.s                  0x00000000   Number         0  __main.o ABSOLUTE
    ../clib/angel/sys.s                      0x00000000   Number         0  sys_stackheap_outer.o ABSOLUTE
    ../clib/angel/sys.s                      0x00000000   Number         0  libspace.o ABSOLUTE
    ../clib/angel/sys.s                      0x00000000   Number         0  use_no_semi.o ABSOLUTE
    ../clib/angel/sys.s                      0x00000000   Number         0  indicate_semi.o ABSOLUTE
    ../clib/angel/sysapp.c                   0x00000000   Number         0  sys_command.o ABSOLUTE
    ../clib/angel/sysapp.c                   0x00000000   Number         0  sys_exit.o ABSOLUTE
    ../clib/angel/sysapp.c                   0x00000000   Number         0  sys_wrch.o ABSOLUTE
    ../clib/armsys.c                         0x00000000   Number         0  no_argv.o ABSOLUTE
    ../clib/armsys.c                         0x00000000   Number         0  _get_argv_nomalloc.o ABSOLUTE
    ../clib/armsys.c                         0x00000000   Number         0  argv_veneer.o ABSOLUTE
    ../clib/armsys.c                         0x00000000   Number         0  argv_veneer.o ABSOLUTE
    ../clib/fenv.c                           0x00000000   Number         0  _rserrno.o ABSOLUTE
    ../clib/heapalloc.c                      0x00000000   Number         0  hrguard.o ABSOLUTE
    ../clib/heapaux.c                        0x00000000   Number         0  heapauxi.o ABSOLUTE
    ../clib/libinit.s                        0x00000000   Number         0  libshutdown.o ABSOLUTE
    ../clib/libinit.s                        0x00000000   Number         0  libinit.o ABSOLUTE
    ../clib/libinit.s                        0x00000000   Number         0  libshutdown2.o ABSOLUTE
    ../clib/libinit.s                        0x00000000   Number         0  libinit2.o ABSOLUTE
    ../clib/memcpset.s                       0x00000000   Number         0  rt_memcpy_w.o ABSOLUTE
    ../clib/signal.c                         0x00000000   Number         0  defsig_rtmem_outer.o ABSOLUTE
    ../clib/signal.c                         0x00000000   Number         0  defsig_rtmem_formal.o ABSOLUTE
    ../clib/signal.c                         0x00000000   Number         0  defsig_rtmem_inner.o ABSOLUTE
    ../clib/signal.c                         0x00000000   Number         0  defsig_other.o ABSOLUTE
    ../clib/signal.c                         0x00000000   Number         0  defsig_segv_inner.o ABSOLUTE
    ../clib/signal.c                         0x00000000   Number         0  defsig_cppl_inner.o ABSOLUTE
    ../clib/signal.c                         0x00000000   Number         0  defsig_stak_inner.o ABSOLUTE
    ../clib/signal.c                         0x00000000   Number         0  defsig_rtred_inner.o ABSOLUTE
    ../clib/signal.c                         0x00000000   Number         0  defsig_fpe_inner.o ABSOLUTE
    ../clib/signal.c                         0x00000000   Number         0  defsig_abrt_inner.o ABSOLUTE
    ../clib/signal.c                         0x00000000   Number         0  defsig_general.o ABSOLUTE
    ../clib/signal.c                         0x00000000   Number         0  __raise.o ABSOLUTE
    ../clib/signal.c                         0x00000000   Number         0  defsig_exit.o ABSOLUTE
    ../clib/signal.c                         0x00000000   Number         0  defsig_pvfn_inner.o ABSOLUTE
    ../clib/signal.s                         0x00000000   Number         0  defsig.o ABSOLUTE
    ../clib/stdlib.c                         0x00000000   Number         0  exit.o ABSOLUTE
    ../fplib/d2f.s                           0x00000000   Number         0  d2f.o ABSOLUTE
    ../fplib/daddsub.s                       0x00000000   Number         0  daddsub_clz.o ABSOLUTE
    ../fplib/dcheck1.s                       0x00000000   Number         0  dcheck1.o ABSOLUTE
    ../fplib/dcmpi.s                         0x00000000   Number         0  dcmpi.o ABSOLUTE
    ../fplib/ddiv.s                          0x00000000   Number         0  ddiv.o ABSOLUTE
    ../fplib/dfix.s                          0x00000000   Number         0  dfix.o ABSOLUTE
    ../fplib/dfixu.s                         0x00000000   Number         0  dfixu.o ABSOLUTE
    ../fplib/dflt.s                          0x00000000   Number         0  dflt_clz.o ABSOLUTE
    ../fplib/dleqf.s                         0x00000000   Number         0  dleqf.o ABSOLUTE
    ../fplib/dmul.s                          0x00000000   Number         0  dmul.o ABSOLUTE
    ../fplib/dnaninf.s                       0x00000000   Number         0  dnaninf.o ABSOLUTE
    ../fplib/dretinf.s                       0x00000000   Number         0  dretinf.o ABSOLUTE
    ../fplib/drleqf.s                        0x00000000   Number         0  drleqf.o ABSOLUTE
    ../fplib/drnd.s                          0x00000000   Number         0  drnd.o ABSOLUTE
    ../fplib/f2d.s                           0x00000000   Number         0  f2d.o ABSOLUTE
    ../fplib/fdiv.s                          0x00000000   Number         0  fdiv.o ABSOLUTE
    ../fplib/fflt.s                          0x00000000   Number         0  fflt_clz.o ABSOLUTE
    ../fplib/fnaninf.s                       0x00000000   Number         0  fnaninf.o ABSOLUTE
    ../fplib/fpinit.s                        0x00000000   Number         0  fpinit.o ABSOLUTE
    ../fplib/fretinf.s                       0x00000000   Number         0  fretinf.o ABSOLUTE
    ../fplib/retnan.s                        0x00000000   Number         0  retnan.o ABSOLUTE
    ../fplib/scalbn.s                        0x00000000   Number         0  scalbn.o ABSOLUTE
    ../fplib/trapv.s                         0x00000000   Number         0  trapv.o ABSOLUTE
    ../fplib/usenofp.s                       0x00000000   Number         0  usenofp.o ABSOLUTE
    ../mathlib/cos.c                         0x00000000   Number         0  cos_x.o ABSOLUTE
    ../mathlib/cos.c                         0x00000000   Number         0  cos.o ABSOLUTE
    ../mathlib/cos_i.c                       0x00000000   Number         0  cos_i.o ABSOLUTE
    ../mathlib/dunder.c                      0x00000000   Number         0  dunder.o ABSOLUTE
    ../mathlib/floor.c                       0x00000000   Number         0  floor.o ABSOLUTE
    ../mathlib/fpclassify.c                  0x00000000   Number         0  fpclassify.o ABSOLUTE
    ../mathlib/poly.c                        0x00000000   Number         0  poly.o ABSOLUTE
    ../mathlib/round.c                       0x00000000   Number         0  round.o ABSOLUTE
    ../mathlib/rred.c                        0x00000000   Number         0  rred.o ABSOLUTE
    ../mathlib/sin.c                         0x00000000   Number         0  sin_x.o ABSOLUTE
    ../mathlib/sin.c                         0x00000000   Number         0  sin.o ABSOLUTE
    ../mathlib/sin_i.c                       0x00000000   Number         0  sin_i.o ABSOLUTE
    ../mathlib/sin_i.c                       0x00000000   Number         0  sin_i_x.o ABSOLUTE
    RTE\Device\ATSAM4S4B\startup_SAM4S.s     0x00000000   Number         0  startup_sam4s.o ABSOLUTE
    RTE\Device\ATSAM4S4B\system_SAM4S.c      0x00000000   Number         0  system_sam4s.o ABSOLUTE
    RTE\\Device\\ATSAM4S4B\\system_SAM4S.c   0x00000000   Number         0  system_sam4s.o ABSOLUTE
    dc.s                                     0x00000000   Number         0  dc.o ABSOLUTE
    graphics_generator.c                     0x00000000   Number         0  graphics_generator.o ABSOLUTE
    RESET                                    0x00400000   Section      204  startup_sam4s.o(RESET)
    !!!main                                  0x004000cc   Section        8  __main.o(!!!main)
    !!!scatter                               0x004000d4   Section       52  __scatter.o(!!!scatter)
    !!handler_zi                             0x00400108   Section       28  __scatter_zi.o(!!handler_zi)
    .ARM.Collect$$libinit$$00000000          0x00400124   Section        2  libinit.o(.ARM.Collect$$libinit$$00000000)
    .ARM.Collect$$libinit$$00000002          0x00400126   Section        0  libinit2.o(.ARM.Collect$$libinit$$00000002)
    .ARM.Collect$$libinit$$00000004          0x00400126   Section        0  libinit2.o(.ARM.Collect$$libinit$$00000004)
    .ARM.Collect$$libinit$$0000000A          0x00400126   Section        0  libinit2.o(.ARM.Collect$$libinit$$0000000A)
    .ARM.Collect$$libinit$$0000000C          0x00400126   Section        0  libinit2.o(.ARM.Collect$$libinit$$0000000C)
    .ARM.Collect$$libinit$$0000000E          0x00400126   Section        0  libinit2.o(.ARM.Collect$$libinit$$0000000E)
    .ARM.Collect$$libinit$$00000011          0x00400126   Section        0  libinit2.o(.ARM.Collect$$libinit$$00000011)
    .ARM.Collect$$libinit$$00000013          0x00400126   Section        0  libinit2.o(.ARM.Collect$$libinit$$00000013)
    .ARM.Collect$$libinit$$00000015          0x00400126   Section        0  libinit2.o(.ARM.Collect$$libinit$$00000015)
    .ARM.Collect$$libinit$$00000017          0x00400126   Section        0  libinit2.o(.ARM.Collect$$libinit$$00000017)
    .ARM.Collect$$libinit$$00000019          0x00400126   Section        0  libinit2.o(.ARM.Collect$$libinit$$00000019)
    .ARM.Collect$$libinit$$0000001B          0x00400126   Section        0  libinit2.o(.ARM.Collect$$libinit$$0000001B)
    .ARM.Collect$$libinit$$0000001D          0x00400126   Section        0  libinit2.o(.ARM.Collect$$libinit$$0000001D)
    .ARM.Collect$$libinit$$0000001F          0x00400126   Section        0  libinit2.o(.ARM.Collect$$libinit$$0000001F)
    .ARM.Collect$$libinit$$00000021          0x00400126   Section        0  libinit2.o(.ARM.Collect$$libinit$$00000021)
    .ARM.Collect$$libinit$$00000023          0x00400126   Section        0  libinit2.o(.ARM.Collect$$libinit$$00000023)
    .ARM.Collect$$libinit$$00000025          0x00400126   Section        0  libinit2.o(.ARM.Collect$$libinit$$00000025)
    .ARM.Collect$$libinit$$0000002C          0x00400126   Section        0  libinit2.o(.ARM.Collect$$libinit$$0000002C)
    .ARM.Collect$$libinit$$0000002E          0x00400126   Section        0  libinit2.o(.ARM.Collect$$libinit$$0000002E)
    .ARM.Collect$$libinit$$00000030          0x00400126   Section        0  libinit2.o(.ARM.Collect$$libinit$$00000030)
    .ARM.Collect$$libinit$$00000032          0x00400126   Section        0  libinit2.o(.ARM.Collect$$libinit$$00000032)
    .ARM.Collect$$libinit$$00000033          0x00400126   Section        2  libinit2.o(.ARM.Collect$$libinit$$00000033)
    .ARM.Collect$$libshutdown$$00000000      0x00400128   Section        2  libshutdown.o(.ARM.Collect$$libshutdown$$00000000)
    .ARM.Collect$$libshutdown$$00000002      0x0040012a   Section        0  libshutdown2.o(.ARM.Collect$$libshutdown$$00000002)
    .ARM.Collect$$libshutdown$$00000004      0x0040012a   Section        0  libshutdown2.o(.ARM.Collect$$libshutdown$$00000004)
    .ARM.Collect$$libshutdown$$00000007      0x0040012a   Section        0  libshutdown2.o(.ARM.Collect$$libshutdown$$00000007)
    .ARM.Collect$$libshutdown$$0000000A      0x0040012a   Section        0  libshutdown2.o(.ARM.Collect$$libshutdown$$0000000A)
    .ARM.Collect$$libshutdown$$0000000C      0x0040012a   Section        0  libshutdown2.o(.ARM.Collect$$libshutdown$$0000000C)
    .ARM.Collect$$libshutdown$$0000000F      0x0040012a   Section        0  libshutdown2.o(.ARM.Collect$$libshutdown$$0000000F)
    .ARM.Collect$$libshutdown$$00000010      0x0040012a   Section        2  libshutdown2.o(.ARM.Collect$$libshutdown$$00000010)
    .ARM.Collect$$rtentry$$00000000          0x0040012c   Section        0  __rtentry.o(.ARM.Collect$$rtentry$$00000000)
    .ARM.Collect$$rtentry$$00000002          0x0040012c   Section        0  __rtentry2.o(.ARM.Collect$$rtentry$$00000002)
    .ARM.Collect$$rtentry$$00000004          0x0040012c   Section        6  __rtentry4.o(.ARM.Collect$$rtentry$$00000004)
    .ARM.Collect$$rtentry$$00000009          0x00400132   Section        0  __rtentry2.o(.ARM.Collect$$rtentry$$00000009)
    .ARM.Collect$$rtentry$$0000000A          0x00400132   Section        4  __rtentry2.o(.ARM.Collect$$rtentry$$0000000A)
    .ARM.Collect$$rtentry$$0000000C          0x00400136   Section        0  __rtentry2.o(.ARM.Collect$$rtentry$$0000000C)
    .ARM.Collect$$rtentry$$0000000D          0x00400136   Section        8  __rtentry2.o(.ARM.Collect$$rtentry$$0000000D)
    .ARM.Collect$$rtexit$$00000000           0x0040013e   Section        2  rtexit.o(.ARM.Collect$$rtexit$$00000000)
    .ARM.Collect$$rtexit$$00000002           0x00400140   Section        0  rtexit2.o(.ARM.Collect$$rtexit$$00000002)
    .ARM.Collect$$rtexit$$00000003           0x00400140   Section        4  rtexit2.o(.ARM.Collect$$rtexit$$00000003)
    .ARM.Collect$$rtexit$$00000004           0x00400144   Section        6  rtexit2.o(.ARM.Collect$$rtexit$$00000004)
    .text                                    0x0040014c   Section       64  startup_sam4s.o(.text)
    .text                                    0x0040018c   Section        0  heapauxi.o(.text)
    .text                                    0x00400192   Section        0  _rserrno.o(.text)
    .text                                    0x004001a8   Section        8  rt_errno_addr_intlibspace.o(.text)
    .text                                    0x004001b0   Section        8  libspace.o(.text)
    .text                                    0x004001b8   Section       74  sys_stackheap_outer.o(.text)
    .text                                    0x00400202   Section        0  exit.o(.text)
    .text                                    0x00400214   Section        0  sys_exit.o(.text)
    .text                                    0x00400220   Section        2  use_no_semi.o(.text)
    .text                                    0x00400222   Section        0  indicate_semi.o(.text)
    i.SystemInit                             0x00400224   Section        0  system_sam4s.o(i.SystemInit)
    i.__ARM_fpclassify                       0x00400250   Section        0  fpclassify.o(i.__ARM_fpclassify)
    i.__ieee754_rem_pio2                     0x00400278   Section        0  rred.o(i.__ieee754_rem_pio2)
    i.__kernel_cos                           0x00400600   Section        0  cos_i.o(i.__kernel_cos)
    i.__kernel_poly                          0x004006fc   Section        0  poly.o(i.__kernel_poly)
    i.__kernel_sin                           0x004007a8   Section        0  sin_i.o(i.__kernel_sin)
    i.__mathlib_dbl_infnan                   0x00400894   Section        0  dunder.o(i.__mathlib_dbl_infnan)
    i.__mathlib_dbl_invalid                  0x0040089a   Section        0  dunder.o(i.__mathlib_dbl_invalid)
    i.__mathlib_dbl_underflow                0x004008a8   Section        0  dunder.o(i.__mathlib_dbl_underflow)
    i.clear_frame                            0x004008b8   Section        0  graphics_generator.o(i.clear_frame)
    i.cos                                    0x0040090c   Section        0  cos.o(i.cos)
    i.draw_circle                            0x004009a8   Section        0  graphics_generator.o(i.draw_circle)
    i.floor                                  0x00400c18   Section        0  floor.o(i.floor)
    i.flush                                  0x00400cf4   Section        0  graphics_generator.o(i.flush)
    i.main                                   0x00400d06   Section        0  graphics_generator.o(i.main)
    i.pioDigitalRead                         0x00400d38   Section        0  graphics_generator.o(i.pioDigitalRead)
    i.pioDigitalWrite                        0x00400d5c   Section        0  graphics_generator.o(i.pioDigitalWrite)
    i.pioInit                                0x00400d92   Section        0  graphics_generator.o(i.pioInit)
    i.pioPinMode                             0x00400da2   Section        0  graphics_generator.o(i.pioPinMode)
    i.pioPinToBase                           0x00400e7c   Section        0  graphics_generator.o(i.pioPinToBase)
    i.pioPinToPort                           0x00400e8e   Section        0  graphics_generator.o(i.pioPinToPort)
    i.pioPortToBase                          0x00400e94   Section        0  graphics_generator.o(i.pioPortToBase)
    i.pmcDisableWriteProtection              0x00400ea8   Section        0  graphics_generator.o(i.pmcDisableWriteProtection)
    i.pmcEnablePeriph                        0x00400eb8   Section        0  graphics_generator.o(i.pmcEnablePeriph)
    i.pmcMainClkBypass                       0x00400ec8   Section        0  graphics_generator.o(i.pmcMainClkBypass)
    i.round                                  0x00400f04   Section        0  round.o(i.round)
    i.samInit                                0x00400f98   Section        0  graphics_generator.o(i.samInit)
    i.send_frame                             0x00400fa8   Section        0  graphics_generator.o(i.send_frame)
    i.send_strip                             0x00400fcc   Section        0  graphics_generator.o(i.send_strip)
    i.set_cs_high                            0x00401008   Section        0  graphics_generator.o(i.set_cs_high)
    i.set_cs_low                             0x00401014   Section        0  graphics_generator.o(i.set_cs_low)
    i.sin                                    0x00401020   Section        0  sin.o(i.sin)
    i.spiInit                                0x004010c0   Section        0  graphics_generator.o(i.spiInit)
    i.spiSendReceive                         0x00401130   Section        0  graphics_generator.o(i.spiSendReceive)
    i.spi_send_byte                          0x00401158   Section        0  graphics_generator.o(i.spi_send_byte)
    i.static_circles                         0x00401170   Section        0  graphics_generator.o(i.static_circles)
    i.wdtDisable                             0x00401398   Section        0  graphics_generator.o(i.wdtDisable)
    x$fpl$dadd                               0x004013b0   Section      336  daddsub_clz.o(x$fpl$dadd)
    _dadd1                                   0x004013c1   Thumb Code     0  daddsub_clz.o(x$fpl$dadd)
    x$fpl$dcheck1                            0x00401500   Section       16  dcheck1.o(x$fpl$dcheck1)
    x$fpl$dcmpinf                            0x00401510   Section       24  dcmpi.o(x$fpl$dcmpinf)
    x$fpl$ddiv                               0x00401528   Section      688  ddiv.o(x$fpl$ddiv)
    ddiv_entry                               0x0040152f   Thumb Code     0  ddiv.o(x$fpl$ddiv)
    x$fpl$dfix                               0x004017d8   Section       94  dfix.o(x$fpl$dfix)
    x$fpl$dfixu                              0x00401838   Section       90  dfixu.o(x$fpl$dfixu)
    x$fpl$dflt                               0x00401892   Section       46  dflt_clz.o(x$fpl$dflt)
    x$fpl$dfltu                              0x004018c0   Section       38  dflt_clz.o(x$fpl$dfltu)
    x$fpl$dleqf                              0x004018e8   Section      120  dleqf.o(x$fpl$dleqf)
    x$fpl$dmul                               0x00401960   Section      340  dmul.o(x$fpl$dmul)
    x$fpl$dnaninf                            0x00401ab4   Section      156  dnaninf.o(x$fpl$dnaninf)
    x$fpl$dretinf                            0x00401b50   Section       12  dretinf.o(x$fpl$dretinf)
    x$fpl$drleqf                             0x00401b5c   Section      108  drleqf.o(x$fpl$drleqf)
    x$fpl$drnd                               0x00401bc8   Section      180  drnd.o(x$fpl$drnd)
    x$fpl$drsb                               0x00401c7c   Section       22  daddsub_clz.o(x$fpl$drsb)
    x$fpl$dsub                               0x00401c94   Section      468  daddsub_clz.o(x$fpl$dsub)
    _dsub1                                   0x00401ca5   Thumb Code     0  daddsub_clz.o(x$fpl$dsub)
    x$fpl$retnan                             0x00401e68   Section      100  retnan.o(x$fpl$retnan)
    x$fpl$scalbn                             0x00401ecc   Section       92  scalbn.o(x$fpl$scalbn)
    x$fpl$trapveneer                         0x00401f28   Section       48  trapv.o(x$fpl$trapveneer)
    .constdata                               0x00401f58   Section       64  graphics_generator.o(.constdata)
    x$fpl$usenofp                            0x00401f58   Section        0  usenofp.o(x$fpl$usenofp)
    .constdata                               0x00401f98   Section       48  cos_i.o(.constdata)
    C                                        0x00401f98   Data          48  cos_i.o(.constdata)
    .constdata                               0x00401fc8   Section      200  rred.o(.constdata)
    pio2s                                    0x00401fc8   Data          48  rred.o(.constdata)
    twooverpi                                0x00401ff8   Data         152  rred.o(.constdata)
    .constdata                               0x00402090   Section       40  sin_i.o(.constdata)
    S                                        0x00402090   Data          40  sin_i.o(.constdata)
    .bss                                     0x20000000   Section       96  libspace.o(.bss)
    HEAP                                     0x20000060   Section      512  startup_sam4s.o(HEAP)
    Heap_Mem                                 0x20000060   Data         512  startup_sam4s.o(HEAP)
    STACK                                    0x20000260   Section      512  startup_sam4s.o(STACK)
    Stack_Mem                                0x20000260   Data         512  startup_sam4s.o(STACK)
    __initial_sp                             0x20000460   Data           0  startup_sam4s.o(STACK)

    Global Symbols

    Symbol Name                              Value     Ov Type        Size  Object(Section)

    BuildAttributes$$THM_ISAv4$E$P$D$K$B$S$7EM$PE$A:L22UL41UL21$X:L11$S22US41US21$IEEE1$IW$USESV6$~STKCKD$USESV7$~SHL$OTIME$ROPI$IEEEX$EBA8$UX$STANDARDLIB$REQ8$PRES8$EABIv2 0x00000000   Number         0  anon$$obj.o ABSOLUTE
    __ARM_use_no_argv                        0x00000000   Number         0  graphics_generator.o ABSOLUTE
    __ARM_exceptions_init                     - Undefined Weak Reference
    __alloca_initialize                       - Undefined Weak Reference
    __arm_preinit_                            - Undefined Weak Reference
    __cpp_initialize__aeabi_                  - Undefined Weak Reference
    __cxa_finalize                            - Undefined Weak Reference
    __rt_locale                               - Undefined Weak Reference
    __sigvec_lookup                           - Undefined Weak Reference
    _atexit_init                              - Undefined Weak Reference
    _call_atexit_fns                          - Undefined Weak Reference
    _clock_init                               - Undefined Weak Reference
    _fp_trap_init                             - Undefined Weak Reference
    _fp_trap_shutdown                         - Undefined Weak Reference
    _get_lc_collate                           - Undefined Weak Reference
    _get_lc_ctype                             - Undefined Weak Reference
    _get_lc_monetary                          - Undefined Weak Reference
    _get_lc_numeric                           - Undefined Weak Reference
    _get_lc_time                              - Undefined Weak Reference
    _getenv_init                              - Undefined Weak Reference
    _handle_redirection                       - Undefined Weak Reference
    _init_alloc                               - Undefined Weak Reference
    _init_user_alloc                          - Undefined Weak Reference
    _initio                                   - Undefined Weak Reference
    _rand_init                                - Undefined Weak Reference
    _signal_finish                            - Undefined Weak Reference
    _signal_init                              - Undefined Weak Reference
    _terminate_alloc                          - Undefined Weak Reference
    _terminate_user_alloc                     - Undefined Weak Reference
    _terminateio                              - Undefined Weak Reference
    __Vectors_Size                           0x000000cc   Number         0  startup_sam4s.o ABSOLUTE
    __Vectors                                0x00400000   Data           4  startup_sam4s.o(RESET)
    __Vectors_End                            0x004000cc   Data           0  startup_sam4s.o(RESET)
    __main                                   0x004000cd   Thumb Code     8  __main.o(!!!main)
    __scatterload                            0x004000d5   Thumb Code     0  __scatter.o(!!!scatter)
    __scatterload_rt2                        0x004000d5   Thumb Code    44  __scatter.o(!!!scatter)
    __scatterload_rt2_thumb_only             0x004000d5   Thumb Code     0  __scatter.o(!!!scatter)
    __scatterload_null                       0x004000e3   Thumb Code     0  __scatter.o(!!!scatter)
    __scatterload_zeroinit                   0x00400109   Thumb Code    28  __scatter_zi.o(!!handler_zi)
    __rt_lib_init                            0x00400125   Thumb Code     0  libinit.o(.ARM.Collect$$libinit$$00000000)
    __rt_lib_init_alloca_1                   0x00400127   Thumb Code     0  libinit2.o(.ARM.Collect$$libinit$$0000002E)
    __rt_lib_init_argv_1                     0x00400127   Thumb Code     0  libinit2.o(.ARM.Collect$$libinit$$0000002C)
    __rt_lib_init_atexit_1                   0x00400127   Thumb Code     0  libinit2.o(.ARM.Collect$$libinit$$0000001B)
    __rt_lib_init_clock_1                    0x00400127   Thumb Code     0  libinit2.o(.ARM.Collect$$libinit$$00000021)
    __rt_lib_init_cpp_1                      0x00400127   Thumb Code     0  libinit2.o(.ARM.Collect$$libinit$$00000032)
    __rt_lib_init_exceptions_1               0x00400127   Thumb Code     0  libinit2.o(.ARM.Collect$$libinit$$00000030)
    __rt_lib_init_fp_1                       0x00400127   Thumb Code     0  libinit2.o(.ARM.Collect$$libinit$$00000002)
    __rt_lib_init_fp_trap_1                  0x00400127   Thumb Code     0  libinit2.o(.ARM.Collect$$libinit$$0000001F)
    __rt_lib_init_getenv_1                   0x00400127   Thumb Code     0  libinit2.o(.ARM.Collect$$libinit$$00000023)
    __rt_lib_init_heap_1                     0x00400127   Thumb Code     0  libinit2.o(.ARM.Collect$$libinit$$0000000A)
    __rt_lib_init_lc_collate_1               0x00400127   Thumb Code     0  libinit2.o(.ARM.Collect$$libinit$$00000011)
    __rt_lib_init_lc_ctype_1                 0x00400127   Thumb Code     0  libinit2.o(.ARM.Collect$$libinit$$00000013)
    __rt_lib_init_lc_monetary_1              0x00400127   Thumb Code     0  libinit2.o(.ARM.Collect$$libinit$$00000015)
    __rt_lib_init_lc_numeric_1               0x00400127   Thumb Code     0  libinit2.o(.ARM.Collect$$libinit$$00000017)
    __rt_lib_init_lc_time_1                  0x00400127   Thumb Code     0  libinit2.o(.ARM.Collect$$libinit$$00000019)
    __rt_lib_init_preinit_1                  0x00400127   Thumb Code     0  libinit2.o(.ARM.Collect$$libinit$$00000004)
    __rt_lib_init_rand_1                     0x00400127   Thumb Code     0  libinit2.o(.ARM.Collect$$libinit$$0000000E)
    __rt_lib_init_return                     0x00400127   Thumb Code     0  libinit2.o(.ARM.Collect$$libinit$$00000033)
    __rt_lib_init_signal_1                   0x00400127   Thumb Code     0  libinit2.o(.ARM.Collect$$libinit$$0000001D)
    __rt_lib_init_stdio_1                    0x00400127   Thumb Code     0  libinit2.o(.ARM.Collect$$libinit$$00000025)
    __rt_lib_init_user_alloc_1               0x00400127   Thumb Code     0  libinit2.o(.ARM.Collect$$libinit$$0000000C)
    __rt_lib_shutdown                        0x00400129   Thumb Code     0  libshutdown.o(.ARM.Collect$$libshutdown$$00000000)
    __rt_lib_shutdown_cpp_1                  0x0040012b   Thumb Code     0  libshutdown2.o(.ARM.Collect$$libshutdown$$00000002)
    __rt_lib_shutdown_fp_trap_1              0x0040012b   Thumb Code     0  libshutdown2.o(.ARM.Collect$$libshutdown$$00000007)
    __rt_lib_shutdown_heap_1                 0x0040012b   Thumb Code     0  libshutdown2.o(.ARM.Collect$$libshutdown$$0000000F)
    __rt_lib_shutdown_return                 0x0040012b   Thumb Code     0  libshutdown2.o(.ARM.Collect$$libshutdown$$00000010)
    __rt_lib_shutdown_signal_1               0x0040012b   Thumb Code     0  libshutdown2.o(.ARM.Collect$$libshutdown$$0000000A)
    __rt_lib_shutdown_stdio_1                0x0040012b   Thumb Code     0  libshutdown2.o(.ARM.Collect$$libshutdown$$00000004)
    __rt_lib_shutdown_user_alloc_1           0x0040012b   Thumb Code     0  libshutdown2.o(.ARM.Collect$$libshutdown$$0000000C)
    __rt_entry                               0x0040012d   Thumb Code     0  __rtentry.o(.ARM.Collect$$rtentry$$00000000)
    __rt_entry_presh_1                       0x0040012d   Thumb Code     0  __rtentry2.o(.ARM.Collect$$rtentry$$00000002)
    __rt_entry_sh                            0x0040012d   Thumb Code     0  __rtentry4.o(.ARM.Collect$$rtentry$$00000004)
    __rt_entry_li                            0x00400133   Thumb Code     0  __rtentry2.o(.ARM.Collect$$rtentry$$0000000A)
    __rt_entry_postsh_1                      0x00400133   Thumb Code     0  __rtentry2.o(.ARM.Collect$$rtentry$$00000009)
    __rt_entry_main                          0x00400137   Thumb Code     0  __rtentry2.o(.ARM.Collect$$rtentry$$0000000D)
    __rt_entry_postli_1                      0x00400137   Thumb Code     0  __rtentry2.o(.ARM.Collect$$rtentry$$0000000C)
    __rt_exit                                0x0040013f   Thumb Code     0  rtexit.o(.ARM.Collect$$rtexit$$00000000)
    __rt_exit_ls                             0x00400141   Thumb Code     0  rtexit2.o(.ARM.Collect$$rtexit$$00000003)
    __rt_exit_prels_1                        0x00400141   Thumb Code     0  rtexit2.o(.ARM.Collect$$rtexit$$00000002)
    __rt_exit_exit                           0x00400145   Thumb Code     0  rtexit2.o(.ARM.Collect$$rtexit$$00000004)
    Reset_Handler                            0x0040014d   Thumb Code     8  startup_sam4s.o(.text)
    NMI_Handler                              0x00400155   Thumb Code     2  startup_sam4s.o(.text)
    HardFault_Handler                        0x00400157   Thumb Code     2  startup_sam4s.o(.text)
    MemManage_Handler                        0x00400159   Thumb Code     2  startup_sam4s.o(.text)
    BusFault_Handler                         0x0040015b   Thumb Code     2  startup_sam4s.o(.text)
    UsageFault_Handler                       0x0040015d   Thumb Code     2  startup_sam4s.o(.text)
    SVC_Handler                              0x0040015f   Thumb Code     2  startup_sam4s.o(.text)
    DebugMon_Handler                         0x00400161   Thumb Code     2  startup_sam4s.o(.text)
    PendSV_Handler                           0x00400163   Thumb Code     2  startup_sam4s.o(.text)
    SysTick_Handler                          0x00400165   Thumb Code     2  startup_sam4s.o(.text)
    ACC_IRQHandler                           0x00400167   Thumb Code     0  startup_sam4s.o(.text)
    ADC_IRQHandler                           0x00400167   Thumb Code     0  startup_sam4s.o(.text)
    CRCCU_IRQHandler                         0x00400167   Thumb Code     0  startup_sam4s.o(.text)
    DACC_IRQHandler                          0x00400167   Thumb Code     0  startup_sam4s.o(.text)
    EEFC0_IRQHandler                         0x00400167   Thumb Code     0  startup_sam4s.o(.text)
    EEFC1_IRQHandler                         0x00400167   Thumb Code     0  startup_sam4s.o(.text)
    HSMCI_IRQHandler                         0x00400167   Thumb Code     0  startup_sam4s.o(.text)
    PIOA_IRQHandler                          0x00400167   Thumb Code     0  startup_sam4s.o(.text)
    PIOB_IRQHandler                          0x00400167   Thumb Code     0  startup_sam4s.o(.text)
    PIOC_IRQHandler                          0x00400167   Thumb Code     0  startup_sam4s.o(.text)
    PMC_IRQHandler                           0x00400167   Thumb Code     0  startup_sam4s.o(.text)
    PWM_IRQHandler                           0x00400167   Thumb Code     0  startup_sam4s.o(.text)
    RSTC_IRQHandler                          0x00400167   Thumb Code     0  startup_sam4s.o(.text)
    RTC_IRQHandler                           0x00400167   Thumb Code     0  startup_sam4s.o(.text)
    RTT_IRQHandler                           0x00400167   Thumb Code     0  startup_sam4s.o(.text)
    SPI_IRQHandler                           0x00400167   Thumb Code     0  startup_sam4s.o(.text)
    SSC_IRQHandler                           0x00400167   Thumb Code     0  startup_sam4s.o(.text)
    SUPC_IRQHandler                          0x00400167   Thumb Code     0  startup_sam4s.o(.text)
    TC0_IRQHandler                           0x00400167   Thumb Code     0  startup_sam4s.o(.text)
    TC1_IRQHandler                           0x00400167   Thumb Code     0  startup_sam4s.o(.text)
    TC2_IRQHandler                           0x00400167   Thumb Code     0  startup_sam4s.o(.text)
    TC3_IRQHandler                           0x00400167   Thumb Code     0  startup_sam4s.o(.text)
    TC4_IRQHandler                           0x00400167   Thumb Code     0  startup_sam4s.o(.text)
    TC5_IRQHandler                           0x00400167   Thumb Code     0  startup_sam4s.o(.text)
    TWI0_IRQHandler                          0x00400167   Thumb Code     0  startup_sam4s.o(.text)
    TWI1_IRQHandler                          0x00400167   Thumb Code     0  startup_sam4s.o(.text)
    UART0_IRQHandler                         0x00400167   Thumb Code     0  startup_sam4s.o(.text)
    UART1_IRQHandler                         0x00400167   Thumb Code     0  startup_sam4s.o(.text)
    UDP_IRQHandler                           0x00400167   Thumb Code     0  startup_sam4s.o(.text)
    USART0_IRQHandler                        0x00400167   Thumb Code     0  startup_sam4s.o(.text)
    USART1_IRQHandler                        0x00400167   Thumb Code     0  startup_sam4s.o(.text)
    WDT_IRQHandler                           0x00400167   Thumb Code     0  startup_sam4s.o(.text)
    __user_initial_stackheap                 0x00400169   Thumb Code     0  startup_sam4s.o(.text)
    __use_two_region_memory                  0x0040018d   Thumb Code     2  heapauxi.o(.text)
    __rt_heap_escrow$2region                 0x0040018f   Thumb Code     2  heapauxi.o(.text)
    __rt_heap_expand$2region                 0x00400191   Thumb Code     2  heapauxi.o(.text)
    __read_errno                             0x00400193   Thumb Code    10  _rserrno.o(.text)
    __set_errno                              0x0040019d   Thumb Code    12  _rserrno.o(.text)
    __aeabi_errno_addr                       0x004001a9   Thumb Code     8  rt_errno_addr_intlibspace.o(.text)
    __errno$intlibspace                      0x004001a9   Thumb Code     0  rt_errno_addr_intlibspace.o(.text)
    __rt_errno_addr$intlibspace              0x004001a9   Thumb Code     0  rt_errno_addr_intlibspace.o(.text)
    __user_libspace                          0x004001b1   Thumb Code     8  libspace.o(.text)
    __user_perproc_libspace                  0x004001b1   Thumb Code     0  libspace.o(.text)
    __user_perthread_libspace                0x004001b1   Thumb Code     0  libspace.o(.text)
    __user_setup_stackheap                   0x004001b9   Thumb Code    74  sys_stackheap_outer.o(.text)
    exit                                     0x00400203   Thumb Code    18  exit.o(.text)
    _sys_exit                                0x00400215   Thumb Code     8  sys_exit.o(.text)
    __I$use$semihosting                      0x00400221   Thumb Code     0  use_no_semi.o(.text)
    __use_no_semihosting_swi                 0x00400221   Thumb Code     2  use_no_semi.o(.text)
    __semihosting_library_function           0x00400223   Thumb Code     0  indicate_semi.o(.text)
    SystemInit                               0x00400225   Thumb Code    28  system_sam4s.o(i.SystemInit)
    __ARM_fpclassify                         0x00400251   Thumb Code    40  fpclassify.o(i.__ARM_fpclassify)
    __ieee754_rem_pio2                       0x00400279   Thumb Code   828  rred.o(i.__ieee754_rem_pio2)
    __kernel_cos                             0x00400601   Thumb Code   230  cos_i.o(i.__kernel_cos)
    __kernel_poly                            0x004006fd   Thumb Code   170  poly.o(i.__kernel_poly)
    __kernel_sin                             0x004007a9   Thumb Code   224  sin_i.o(i.__kernel_sin)
    __mathlib_dbl_infnan                     0x00400895   Thumb Code     6  dunder.o(i.__mathlib_dbl_infnan)
    __mathlib_dbl_invalid                    0x0040089b   Thumb Code    12  dunder.o(i.__mathlib_dbl_invalid)
    __mathlib_dbl_underflow                  0x004008a9   Thumb Code    10  dunder.o(i.__mathlib_dbl_underflow)
    clear_frame                              0x004008b9   Thumb Code    82  graphics_generator.o(i.clear_frame)
    cos                                      0x0040090d   Thumb Code   148  cos.o(i.cos)
    draw_circle                              0x004009a9   Thumb Code   606  graphics_generator.o(i.draw_circle)
    floor                                    0x00400c19   Thumb Code   204  floor.o(i.floor)
    flush                                    0x00400cf5   Thumb Code    18  graphics_generator.o(i.flush)
    main                                     0x00400d07   Thumb Code    50  graphics_generator.o(i.main)
    pioDigitalRead                           0x00400d39   Thumb Code    36  graphics_generator.o(i.pioDigitalRead)
    pioDigitalWrite                          0x00400d5d   Thumb Code    54  graphics_generator.o(i.pioDigitalWrite)
    pioInit                                  0x00400d93   Thumb Code    16  graphics_generator.o(i.pioInit)
    pioPinMode                               0x00400da3   Thumb Code   218  graphics_generator.o(i.pioPinMode)
    pioPinToBase                             0x00400e7d   Thumb Code    18  graphics_generator.o(i.pioPinToBase)
    pioPinToPort                             0x00400e8f   Thumb Code     6  graphics_generator.o(i.pioPinToPort)
    pioPortToBase                            0x00400e95   Thumb Code    12  graphics_generator.o(i.pioPortToBase)
    pmcDisableWriteProtection                0x00400ea9   Thumb Code     8  graphics_generator.o(i.pmcDisableWriteProtection)
    pmcEnablePeriph                          0x00400eb9   Thumb Code    10  graphics_generator.o(i.pmcEnablePeriph)
    pmcMainClkBypass                         0x00400ec9   Thumb Code    52  graphics_generator.o(i.pmcMainClkBypass)
    round                                    0x00400f05   Thumb Code   136  round.o(i.round)
    samInit                                  0x00400f99   Thumb Code    16  graphics_generator.o(i.samInit)
    send_frame                               0x00400fa9   Thumb Code    36  graphics_generator.o(i.send_frame)
    send_strip                               0x00400fcd   Thumb Code    60  graphics_generator.o(i.send_strip)
    set_cs_high                              0x00401009   Thumb Code    12  graphics_generator.o(i.set_cs_high)
    set_cs_low                               0x00401015   Thumb Code    12  graphics_generator.o(i.set_cs_low)
    sin                                      0x00401021   Thumb Code   150  sin.o(i.sin)
    spiInit                                  0x004010c1   Thumb Code   108  graphics_generator.o(i.spiInit)
    spiSendReceive                           0x00401131   Thumb Code    36  graphics_generator.o(i.spiSendReceive)
    spi_send_byte                            0x00401159   Thumb Code    24  graphics_generator.o(i.spi_send_byte)
    static_circles                           0x00401171   Thumb Code   548  graphics_generator.o(i.static_circles)
    wdtDisable                               0x00401399   Thumb Code    18  graphics_generator.o(i.wdtDisable)
    __aeabi_dadd                             0x004013b1   Thumb Code     0  daddsub_clz.o(x$fpl$dadd)
    _dadd                                    0x004013b1   Thumb Code   332  daddsub_clz.o(x$fpl$dadd)
    __fpl_dcheck_NaN1                        0x00401501   Thumb Code    10  dcheck1.o(x$fpl$dcheck1)
    __fpl_dcmp_Inf                           0x00401511   Thumb Code    24  dcmpi.o(x$fpl$dcmpinf)
    __aeabi_ddiv                             0x00401529   Thumb Code     0  ddiv.o(x$fpl$ddiv)
    _ddiv                                    0x00401529   Thumb Code   552  ddiv.o(x$fpl$ddiv)
    __aeabi_d2iz                             0x004017d9   Thumb Code     0  dfix.o(x$fpl$dfix)
    _dfix                                    0x004017d9   Thumb Code    94  dfix.o(x$fpl$dfix)
    __aeabi_d2uiz                            0x00401839   Thumb Code     0  dfixu.o(x$fpl$dfixu)
    _dfixu                                   0x00401839   Thumb Code    90  dfixu.o(x$fpl$dfixu)
    __aeabi_i2d                              0x00401893   Thumb Code     0  dflt_clz.o(x$fpl$dflt)
    _dflt                                    0x00401893   Thumb Code    46  dflt_clz.o(x$fpl$dflt)
    __aeabi_ui2d                             0x004018c1   Thumb Code     0  dflt_clz.o(x$fpl$dfltu)
    _dfltu                                   0x004018c1   Thumb Code    38  dflt_clz.o(x$fpl$dfltu)
    __aeabi_cdcmple                          0x004018e9   Thumb Code     0  dleqf.o(x$fpl$dleqf)
    _dcmple                                  0x004018e9   Thumb Code   120  dleqf.o(x$fpl$dleqf)
    __fpl_dcmple_InfNaN                      0x0040194b   Thumb Code     0  dleqf.o(x$fpl$dleqf)
    __aeabi_dmul                             0x00401961   Thumb Code     0  dmul.o(x$fpl$dmul)
    _dmul                                    0x00401961   Thumb Code   332  dmul.o(x$fpl$dmul)
    __fpl_dnaninf                            0x00401ab5   Thumb Code   156  dnaninf.o(x$fpl$dnaninf)
    __fpl_dretinf                            0x00401b51   Thumb Code    12  dretinf.o(x$fpl$dretinf)
    __aeabi_cdrcmple                         0x00401b5d   Thumb Code     0  drleqf.o(x$fpl$drleqf)
    _drcmple                                 0x00401b5d   Thumb Code   108  drleqf.o(x$fpl$drleqf)
    _drnd                                    0x00401bc9   Thumb Code   180  drnd.o(x$fpl$drnd)
    __aeabi_drsub                            0x00401c7d   Thumb Code     0  daddsub_clz.o(x$fpl$drsb)
    _drsb                                    0x00401c7d   Thumb Code    22  daddsub_clz.o(x$fpl$drsb)
    __aeabi_dsub                             0x00401c95   Thumb Code     0  daddsub_clz.o(x$fpl$dsub)
    _dsub                                    0x00401c95   Thumb Code   464  daddsub_clz.o(x$fpl$dsub)
    __fpl_return_NaN                         0x00401e69   Thumb Code   100  retnan.o(x$fpl$retnan)
    __ARM_scalbn                             0x00401ecd   Thumb Code    92  scalbn.o(x$fpl$scalbn)
    __fpl_cmpreturn                          0x00401f29   Thumb Code    48  trapv.o(x$fpl$trapveneer)
    __I$use$fp                               0x00401f58   Number         0  usenofp.o(x$fpl$usenofp)
    Region$$Table$$Base                      0x004020b8   Number         0  anon$$obj.o(Region$$Table)
    Region$$Table$$Limit                     0x004020c8   Number         0  anon$$obj.o(Region$$Table)
    __libspace_start                         0x20000000   Data          96  libspace.o(.bss)
    __temporary_stack_top$libspace           0x20000060   Data           0  libspace.o(.bss)



==============================================================================

Memory Map of the image

  Image Entry point : 0x0040014d

  Load Region LR_1 (Base: 0x00400000, Size: 0x000020c8, Max: 0xffffffff, ABSOLUTE)

    Execution Region ER_RO (Exec base: 0x00400000, Load base: 0x00400000, Size: 0x000020c8, Max: 0xffffffff, ABSOLUTE)

    Exec Addr    Load Addr    Size         Type   Attr      Idx    E Section Name        Object

    0x00400000   0x00400000   0x000000cc   Data   RO          424    RESET               startup_sam4s.o
    0x004000cc   0x004000cc   0x00000008   Code   RO          656  * !!!main             c_w.l(__main.o)
    0x004000d4   0x004000d4   0x00000034   Code   RO          939    !!!scatter          c_w.l(__scatter.o)
    0x00400108   0x00400108   0x0000001c   Code   RO          941    !!handler_zi        c_w.l(__scatter_zi.o)
    0x00400124   0x00400124   0x00000002   Code   RO          806    .ARM.Collect$$libinit$$00000000  c_w.l(libinit.o)
    0x00400126   0x00400126   0x00000000   Code   RO          812    .ARM.Collect$$libinit$$00000002  c_w.l(libinit2.o)
    0x00400126   0x00400126   0x00000000   Code   RO          814    .ARM.Collect$$libinit$$00000004  c_w.l(libinit2.o)
    0x00400126   0x00400126   0x00000000   Code   RO          817    .ARM.Collect$$libinit$$0000000A  c_w.l(libinit2.o)
    0x00400126   0x00400126   0x00000000   Code   RO          819    .ARM.Collect$$libinit$$0000000C  c_w.l(libinit2.o)
    0x00400126   0x00400126   0x00000000   Code   RO          821    .ARM.Collect$$libinit$$0000000E  c_w.l(libinit2.o)
    0x00400126   0x00400126   0x00000000   Code   RO          824    .ARM.Collect$$libinit$$00000011  c_w.l(libinit2.o)
    0x00400126   0x00400126   0x00000000   Code   RO          826    .ARM.Collect$$libinit$$00000013  c_w.l(libinit2.o)
    0x00400126   0x00400126   0x00000000   Code   RO          828    .ARM.Collect$$libinit$$00000015  c_w.l(libinit2.o)
    0x00400126   0x00400126   0x00000000   Code   RO          830    .ARM.Collect$$libinit$$00000017  c_w.l(libinit2.o)
    0x00400126   0x00400126   0x00000000   Code   RO          832    .ARM.Collect$$libinit$$00000019  c_w.l(libinit2.o)
    0x00400126   0x00400126   0x00000000   Code   RO          834    .ARM.Collect$$libinit$$0000001B  c_w.l(libinit2.o)
    0x00400126   0x00400126   0x00000000   Code   RO          836    .ARM.Collect$$libinit$$0000001D  c_w.l(libinit2.o)
    0x00400126   0x00400126   0x00000000   Code   RO          838    .ARM.Collect$$libinit$$0000001F  c_w.l(libinit2.o)
    0x00400126   0x00400126   0x00000000   Code   RO          840    .ARM.Collect$$libinit$$00000021  c_w.l(libinit2.o)
    0x00400126   0x00400126   0x00000000   Code   RO          842    .ARM.Collect$$libinit$$00000023  c_w.l(libinit2.o)
    0x00400126   0x00400126   0x00000000   Code   RO          844    .ARM.Collect$$libinit$$00000025  c_w.l(libinit2.o)
    0x00400126   0x00400126   0x00000000   Code   RO          848    .ARM.Collect$$libinit$$0000002C  c_w.l(libinit2.o)
    0x00400126   0x00400126   0x00000000   Code   RO          850    .ARM.Collect$$libinit$$0000002E  c_w.l(libinit2.o)
    0x00400126   0x00400126   0x00000000   Code   RO          852    .ARM.Collect$$libinit$$00000030  c_w.l(libinit2.o)
    0x00400126   0x00400126   0x00000000   Code   RO          854    .ARM.Collect$$libinit$$00000032  c_w.l(libinit2.o)
    0x00400126   0x00400126   0x00000002   Code   RO          855    .ARM.Collect$$libinit$$00000033  c_w.l(libinit2.o)
    0x00400128   0x00400128   0x00000002   Code   RO          879    .ARM.Collect$$libshutdown$$00000000  c_w.l(libshutdown.o)
    0x0040012a   0x0040012a   0x00000000   Code   RO          892    .ARM.Collect$$libshutdown$$00000002  c_w.l(libshutdown2.o)
    0x0040012a   0x0040012a   0x00000000   Code   RO          894    .ARM.Collect$$libshutdown$$00000004  c_w.l(libshutdown2.o)
    0x0040012a   0x0040012a   0x00000000   Code   RO          897    .ARM.Collect$$libshutdown$$00000007  c_w.l(libshutdown2.o)
    0x0040012a   0x0040012a   0x00000000   Code   RO          900    .ARM.Collect$$libshutdown$$0000000A  c_w.l(libshutdown2.o)
    0x0040012a   0x0040012a   0x00000000   Code   RO          902    .ARM.Collect$$libshutdown$$0000000C  c_w.l(libshutdown2.o)
    0x0040012a   0x0040012a   0x00000000   Code   RO          905    .ARM.Collect$$libshutdown$$0000000F  c_w.l(libshutdown2.o)
    0x0040012a   0x0040012a   0x00000002   Code   RO          906    .ARM.Collect$$libshutdown$$00000010  c_w.l(libshutdown2.o)
    0x0040012c   0x0040012c   0x00000000   Code   RO          720    .ARM.Collect$$rtentry$$00000000  c_w.l(__rtentry.o)
    0x0040012c   0x0040012c   0x00000000   Code   RO          767    .ARM.Collect$$rtentry$$00000002  c_w.l(__rtentry2.o)
    0x0040012c   0x0040012c   0x00000006   Code   RO          779    .ARM.Collect$$rtentry$$00000004  c_w.l(__rtentry4.o)
    0x00400132   0x00400132   0x00000000   Code   RO          769    .ARM.Collect$$rtentry$$00000009  c_w.l(__rtentry2.o)
    0x00400132   0x00400132   0x00000004   Code   RO          770    .ARM.Collect$$rtentry$$0000000A  c_w.l(__rtentry2.o)
    0x00400136   0x00400136   0x00000000   Code   RO          772    .ARM.Collect$$rtentry$$0000000C  c_w.l(__rtentry2.o)
    0x00400136   0x00400136   0x00000008   Code   RO          773    .ARM.Collect$$rtentry$$0000000D  c_w.l(__rtentry2.o)
    0x0040013e   0x0040013e   0x00000002   Code   RO          809    .ARM.Collect$$rtexit$$00000000  c_w.l(rtexit.o)
    0x00400140   0x00400140   0x00000000   Code   RO          859    .ARM.Collect$$rtexit$$00000002  c_w.l(rtexit2.o)
    0x00400140   0x00400140   0x00000004   Code   RO          860    .ARM.Collect$$rtexit$$00000003  c_w.l(rtexit2.o)
    0x00400144   0x00400144   0x00000006   Code   RO          861    .ARM.Collect$$rtexit$$00000004  c_w.l(rtexit2.o)
    0x0040014a   0x0040014a   0x00000002   PAD
    0x0040014c   0x0040014c   0x00000040   Code   RO          425  * .text               startup_sam4s.o
    0x0040018c   0x0040018c   0x00000006   Code   RO          654    .text               c_w.l(heapauxi.o)
    0x00400192   0x00400192   0x00000016   Code   RO          721    .text               c_w.l(_rserrno.o)
    0x004001a8   0x004001a8   0x00000008   Code   RO          784    .text               c_w.l(rt_errno_addr_intlibspace.o)
    0x004001b0   0x004001b0   0x00000008   Code   RO          794    .text               c_w.l(libspace.o)
    0x004001b8   0x004001b8   0x0000004a   Code   RO          797    .text               c_w.l(sys_stackheap_outer.o)
    0x00400202   0x00400202   0x00000012   Code   RO          799    .text               c_w.l(exit.o)
    0x00400214   0x00400214   0x0000000c   Code   RO          871    .text               c_w.l(sys_exit.o)
    0x00400220   0x00400220   0x00000002   Code   RO          882    .text               c_w.l(use_no_semi.o)
    0x00400222   0x00400222   0x00000000   Code   RO          884    .text               c_w.l(indicate_semi.o)
    0x00400222   0x00400222   0x00000002   PAD
    0x00400224   0x00400224   0x0000002c   Code   RO          434    i.SystemInit        system_sam4s.o
    0x00400250   0x00400250   0x00000028   Code   RO          790    i.__ARM_fpclassify  m_ws.l(fpclassify.o)
    0x00400278   0x00400278   0x00000388   Code   RO          755    i.__ieee754_rem_pio2  m_ws.l(rred.o)
    0x00400600   0x00400600   0x000000fc   Code   RO          738    i.__kernel_cos      m_ws.l(cos_i.o)
    0x004006fc   0x004006fc   0x000000aa   Code   RO          792    i.__kernel_poly     m_ws.l(poly.o)
    0x004007a6   0x004007a6   0x00000002   PAD
    0x004007a8   0x004007a8   0x000000ec   Code   RO          760    i.__kernel_sin      m_ws.l(sin_i.o)
    0x00400894   0x00400894   0x00000006   Code   RO          742    i.__mathlib_dbl_infnan  m_ws.l(dunder.o)
    0x0040089a   0x0040089a   0x0000000c   Code   RO          744    i.__mathlib_dbl_invalid  m_ws.l(dunder.o)
    0x004008a6   0x004008a6   0x00000002   PAD
    0x004008a8   0x004008a8   0x00000010   Code   RO          747    i.__mathlib_dbl_underflow  m_ws.l(dunder.o)
    0x004008b8   0x004008b8   0x00000052   Code   RO            4    i.clear_frame       graphics_generator.o
    0x0040090a   0x0040090a   0x00000002   PAD
    0x0040090c   0x0040090c   0x0000009c   Code   RO          699    i.cos               m_ws.l(cos.o)
    0x004009a8   0x004009a8   0x00000270   Code   RO            5    i.draw_circle       graphics_generator.o
    0x00400c18   0x00400c18   0x000000dc   Code   RO          707    i.floor             m_ws.l(floor.o)
    0x00400cf4   0x00400cf4   0x00000012   Code   RO            6    i.flush             graphics_generator.o
    0x00400d06   0x00400d06   0x00000032   Code   RO            7    i.main              graphics_generator.o
    0x00400d38   0x00400d38   0x00000024   Code   RO            8    i.pioDigitalRead    graphics_generator.o
    0x00400d5c   0x00400d5c   0x00000036   Code   RO            9    i.pioDigitalWrite   graphics_generator.o
    0x00400d92   0x00400d92   0x00000010   Code   RO           10    i.pioInit           graphics_generator.o
    0x00400da2   0x00400da2   0x000000da   Code   RO           11    i.pioPinMode        graphics_generator.o
    0x00400e7c   0x00400e7c   0x00000012   Code   RO           13    i.pioPinToBase      graphics_generator.o
    0x00400e8e   0x00400e8e   0x00000006   Code   RO           14    i.pioPinToPort      graphics_generator.o
    0x00400e94   0x00400e94   0x00000014   Code   RO           15    i.pioPortToBase     graphics_generator.o
    0x00400ea8   0x00400ea8   0x00000010   Code   RO           18    i.pmcDisableWriteProtection  graphics_generator.o
    0x00400eb8   0x00400eb8   0x00000010   Code   RO           19    i.pmcEnablePeriph   graphics_generator.o
    0x00400ec8   0x00400ec8   0x0000003c   Code   RO           21    i.pmcMainClkBypass  graphics_generator.o
    0x00400f04   0x00400f04   0x00000094   Code   RO          710    i.round             m_ws.l(round.o)
    0x00400f98   0x00400f98   0x00000010   Code   RO           35    i.samInit           graphics_generator.o
    0x00400fa8   0x00400fa8   0x00000024   Code   RO           36    i.send_frame        graphics_generator.o
    0x00400fcc   0x00400fcc   0x0000003c   Code   RO           37    i.send_strip        graphics_generator.o
    0x00401008   0x00401008   0x0000000c   Code   RO           38    i.set_cs_high       graphics_generator.o
    0x00401014   0x00401014   0x0000000c   Code   RO           39    i.set_cs_low        graphics_generator.o
    0x00401020   0x00401020   0x000000a0   Code   RO          713    i.sin               m_ws.l(sin.o)
    0x004010c0   0x004010c0   0x00000070   Code   RO           40    i.spiInit           graphics_generator.o
    0x00401130   0x00401130   0x00000028   Code   RO           41    i.spiSendReceive    graphics_generator.o
    0x00401158   0x00401158   0x00000018   Code   RO           43    i.spi_send_byte     graphics_generator.o
    0x00401170   0x00401170   0x00000228   Code   RO           44    i.static_circles    graphics_generator.o
    0x00401398   0x00401398   0x00000018   Code   RO           62    i.wdtDisable        graphics_generator.o
    0x004013b0   0x004013b0   0x00000150   Code   RO          660    x$fpl$dadd          fz_ws.l(daddsub_clz.o)
    0x00401500   0x00401500   0x00000010   Code   RO          807    x$fpl$dcheck1       fz_ws.l(dcheck1.o)
    0x00401510   0x00401510   0x00000018   Code   RO          786    x$fpl$dcmpinf       fz_ws.l(dcmpi.o)
    0x00401528   0x00401528   0x000002b0   Code   RO          667    x$fpl$ddiv          fz_ws.l(ddiv.o)
    0x004017d8   0x004017d8   0x0000005e   Code   RO          670    x$fpl$dfix          fz_ws.l(dfix.o)
    0x00401836   0x00401836   0x00000002   PAD
    0x00401838   0x00401838   0x0000005a   Code   RO          674    x$fpl$dfixu         fz_ws.l(dfixu.o)
    0x00401892   0x00401892   0x0000002e   Code   RO          679    x$fpl$dflt          fz_ws.l(dflt_clz.o)
    0x004018c0   0x004018c0   0x00000026   Code   RO          678    x$fpl$dfltu         fz_ws.l(dflt_clz.o)
    0x004018e6   0x004018e6   0x00000002   PAD
    0x004018e8   0x004018e8   0x00000078   Code   RO          723    x$fpl$dleqf         fz_ws.l(dleqf.o)
    0x00401960   0x00401960   0x00000154   Code   RO          684    x$fpl$dmul          fz_ws.l(dmul.o)
    0x00401ab4   0x00401ab4   0x0000009c   Code   RO          725    x$fpl$dnaninf       fz_ws.l(dnaninf.o)
    0x00401b50   0x00401b50   0x0000000c   Code   RO          727    x$fpl$dretinf       fz_ws.l(dretinf.o)
    0x00401b5c   0x00401b5c   0x0000006c   Code   RO          729    x$fpl$drleqf        fz_ws.l(drleqf.o)
    0x00401bc8   0x00401bc8   0x000000b4   Code   RO          731    x$fpl$drnd          fz_ws.l(drnd.o)
    0x00401c7c   0x00401c7c   0x00000016   Code   RO          661    x$fpl$drsb          fz_ws.l(daddsub_clz.o)
    0x00401c92   0x00401c92   0x00000002   PAD
    0x00401c94   0x00401c94   0x000001d4   Code   RO          662    x$fpl$dsub          fz_ws.l(daddsub_clz.o)
    0x00401e68   0x00401e68   0x00000064   Code   RO          856    x$fpl$retnan        fz_ws.l(retnan.o)
    0x00401ecc   0x00401ecc   0x0000005c   Code   RO          788    x$fpl$scalbn        fz_ws.l(scalbn.o)
    0x00401f28   0x00401f28   0x00000030   Code   RO          869    x$fpl$trapveneer    fz_ws.l(trapv.o)
    0x00401f58   0x00401f58   0x00000000   Code   RO          737    x$fpl$usenofp       fz_ws.l(usenofp.o)
    0x00401f58   0x00401f58   0x00000040   Data   RO           63    .constdata          graphics_generator.o
    0x00401f98   0x00401f98   0x00000030   Data   RO          739    .constdata          m_ws.l(cos_i.o)
    0x00401fc8   0x00401fc8   0x000000c8   Data   RO          757    .constdata          m_ws.l(rred.o)
    0x00402090   0x00402090   0x00000028   Data   RO          761    .constdata          m_ws.l(sin_i.o)
    0x004020b8   0x004020b8   0x00000010   Data   RO          937    Region$$Table       anon$$obj.o


    Execution Region ER_RW (Exec base: 0x20000000, Load base: 0x004020c8, Size: 0x00000000, Max: 0xffffffff, ABSOLUTE)

    **** No section assigned to this execution region ****


    Execution Region ER_ZI (Exec base: 0x20000000, Load base: 0x004020c8, Size: 0x00000460, Max: 0xffffffff, ABSOLUTE)

    Exec Addr    Load Addr    Size         Type   Attr      Idx    E Section Name        Object

    0x20000000        -       0x00000060   Zero   RW          795    .bss                c_w.l(libspace.o)
    0x20000060        -       0x00000200   Zero   RW          423    HEAP                startup_sam4s.o
    0x20000260        -       0x00000200   Zero   RW          422    STACK               startup_sam4s.o


==============================================================================

Image component sizes


      Code (inc. data)   RO Data    RW Data    ZI Data      Debug   Object Name

      2122         72         64          0          0      21756   graphics_generator.o
        64         26        204          0       1024        844   startup_sam4s.o
        44         16          0          0          0        461   system_sam4s.o

    ----------------------------------------------------------------------
      2232        114        284          0       1024      23061   Object Totals
         0          0         16          0          0          0   (incl. Generated)
         2          0          0          0          0          0   (incl. Padding)

    ----------------------------------------------------------------------

      Code (inc. data)   RO Data    RW Data    ZI Data      Debug   Library Member Name

         8          0          0          0          0         68   __main.o
         0          0          0          0          0          0   __rtentry.o
        12          0          0          0          0          0   __rtentry2.o
         6          0          0          0          0          0   __rtentry4.o
        52          8          0          0          0          0   __scatter.o
        28          0          0          0          0          0   __scatter_zi.o
        22          0          0          0          0        100   _rserrno.o
        18          0          0          0          0         80   exit.o
         6          0          0          0          0        152   heapauxi.o
         0          0          0          0          0          0   indicate_semi.o
         2          0          0          0          0          0   libinit.o
         2          0          0          0          0          0   libinit2.o
         2          0          0          0          0          0   libshutdown.o
         2          0          0          0          0          0   libshutdown2.o
         8          4          0          0         96         68   libspace.o
         8          4          0          0          0         68   rt_errno_addr_intlibspace.o
         2          0          0          0          0          0   rtexit.o
        10          0          0          0          0          0   rtexit2.o
        12          4          0          0          0         68   sys_exit.o
        74          0          0          0          0         80   sys_stackheap_outer.o
         2          0          0          0          0         68   use_no_semi.o
       826         16          0          0          0        348   daddsub_clz.o
        16          4          0          0          0         68   dcheck1.o
        24          0          0          0          0         68   dcmpi.o
       688        140          0          0          0        208   ddiv.o
        94          4          0          0          0         92   dfix.o
        90          4          0          0          0         92   dfixu.o
        84          0          0          0          0        136   dflt_clz.o
       120          4          0          0          0         92   dleqf.o
       340         12          0          0          0        104   dmul.o
       156          4          0          0          0         92   dnaninf.o
        12          0          0          0          0         68   dretinf.o
       108          0          0          0          0         80   drleqf.o
       180          4          0          0          0         80   drnd.o
       100          0          0          0          0         68   retnan.o
        92          0          0          0          0         68   scalbn.o
        48          0          0          0          0         68   trapv.o
         0          0          0          0          0          0   usenofp.o
       156          8          0          0          0        104   cos.o
       252         22         48          0          0        124   cos_i.o
        34          6          0          0          0        204   dunder.o
       220         16          0          0          0         84   floor.o
        40          0          0          0          0         68   fpclassify.o
       170          0          0          0          0         96   poly.o
       148         12          0          0          0         88   round.o
       904         76        200          0          0        140   rred.o
       160         10          0          0          0        108   sin.o
       236         12         40          0          0        128   sin_i.o

    ----------------------------------------------------------------------
      5588        374        288          0         96       3628   Library Totals
        14          0          0          0          0          0   (incl. Padding)

    ----------------------------------------------------------------------

      Code (inc. data)   RO Data    RW Data    ZI Data      Debug   Library Name

       276         20          0          0         96        752   c_w.l
      2978        192          0          0          0       1732   fz_ws.l
      2320        162        288          0          0       1144   m_ws.l

    ----------------------------------------------------------------------
      5588        374        288          0         96       3628   Library Totals

    ----------------------------------------------------------------------

==============================================================================


      Code (inc. data)   RO Data    RW Data    ZI Data      Debug   

      7820        488        572          0       1120      23601   Grand Totals
      7820        488        572          0       1120      23601   ELF Image Totals
      7820        488        572          0          0          0   ROM Totals

==============================================================================

    Total RO  Size (Code + RO Data)                 8392 (   8.20kB)
    Total RW  Size (RW Data + ZI Data)              1120 (   1.09kB)
    Total ROM Size (Code + RO Data + RW Data)       8392 (   8.20kB)

==============================================================================

